06-01 00:16:04.796   795   795 I getprop : type=1400 audit(0.0:66): avc: denied { getattr } for path="/dev/__properties__/u:object_r:persist_mtk_main_attach:s0" dev="tmpfs" ino=11326 scontext=u:r:shell:s0 tcontext=u:object_r:persist_mtk_main_attach:s0 tclass=file permissive=1
06-01 00:16:04.796   795   795 I getprop : type=1400 audit(0.0:67): avc: denied { open } for path="/dev/__properties__/u:object_r:mtk_thermal_config_prop:s0" dev="tmpfs" ino=11352 scontext=u:r:shell:s0 tcontext=u:object_r:mtk_thermal_config_prop:s0 tclass=file permissive=1
06-01 00:16:04.796   795   795 I getprop : type=1400 audit(0.0:68): avc: denied { getattr } for path="/dev/__properties__/u:object_r:mtk_thermal_config_prop:s0" dev="tmpfs" ino=11352 scontext=u:r:shell:s0 tcontext=u:object_r:mtk_thermal_config_prop:s0 tclass=file permissive=1
06-01 00:16:04.796   795   795 I getprop : type=1400 audit(0.0:69): avc: denied { open } for path="/dev/__properties__/u:object_r:mtk_em_ril_apnchange_prop:s0" dev="tmpfs" ino=11353 scontext=u:r:shell:s0 tcontext=u:object_r:mtk_em_ril_apnchange_prop:s0 tclass=file permissive=1
06-01 00:16:04.796   795   795 I getprop : type=1400 audit(0.0:70): avc: denied { getattr } for path="/dev/__properties__/u:object_r:mtk_em_ril_apnchange_prop:s0" dev="tmpfs" ino=11353 scontext=u:r:shell:s0 tcontext=u:object_r:mtk_em_ril_apnchange_prop:s0 tclass=file permissive=1
06-01 00:16:04.800   795   795 I getprop : type=1400 audit(0.0:71): avc: denied { open } for path="/dev/__properties__/u:object_r:safemode_prop:s0" dev="tmpfs" ino=11395 scontext=u:r:shell:s0 tcontext=u:object_r:safemode_prop:s0 tclass=file permissive=1
06-01 00:16:04.800   795   795 I getprop : type=1400 audit(0.0:72): avc: denied { getattr } for path="/dev/__properties__/u:object_r:safemode_prop:s0" dev="tmpfs" ino=11395 scontext=u:r:shell:s0 tcontext=u:object_r:safemode_prop:s0 tclass=file permissive=1
06-01 00:16:04.800   795   795 I getprop : type=1400 audit(0.0:73): avc: denied { open } for path="/dev/__properties__/u:object_r:mmc_prop:s0" dev="tmpfs" ino=11396 scontext=u:r:shell:s0 tcontext=u:object_r:mmc_prop:s0 tclass=file permissive=1
06-01 00:16:04.800   795   795 I getprop : type=1400 audit(0.0:74): avc: denied { getattr } for path="/dev/__properties__/u:object_r:mmc_prop:s0" dev="tmpfs" ino=11396 scontext=u:r:shell:s0 tcontext=u:object_r:mmc_prop:s0 tclass=file permissive=1
06-01 00:16:04.800   795   795 I getprop : type=1400 audit(0.0:75): avc: denied { open } for path="/dev/__properties__/u:object_r:device_logging_prop:s0" dev="tmpfs" ino=11398 scontext=u:r:shell:s0 tcontext=u:object_r:device_logging_prop:s0 tclass=file permissive=1
06-01 00:16:04.800   795   795 I getprop : type=1400 audit(0.0:76): avc: denied { getattr } for path="/dev/__properties__/u:object_r:device_logging_prop:s0" dev="tmpfs" ino=11398 scontext=u:r:shell:s0 tcontext=u:object_r:device_logging_prop:s0 tclass=file permissive=1
06-01 00:16:04.803   392   392 E AudioMTKGainController: getGainDevice(), error, devices (0) not support, return GAIN_DEVICE_SPEAKER
06-01 00:16:04.803   392   392 W AudioMTKGainController: error, stream -1 is invalid, use 3 instead
06-01 00:16:04.803   392   392 W AudioMTKGainController: error, index -1 is invalid, use max 15 instead
06-01 00:16:04.803   392   392 I AudioFlinger: loadHwModule() Loaded primary audio interface from MTK Audio HW HAL (audio) handle 10
06-01 00:16:04.803   392   392 I AudioFlinger: openOutput(), module 10 Device 2, SamplingRate 44100, Format 0x000003, Channels 3, flags 2
06-01 00:16:04.804   392   392 W AudioALSASampleRateController: -setPrimaryStreamOutSampleRate(), sample_rate == mPrimaryStreamOutSampleRate, return
06-01 00:16:04.806   352   683 I MAL-RILP:  (void *rilproxy_cmd_resp_,  595) RIL Command thread try to connect the rild (rilproxy-mal) by default
06-01 00:16:04.806   352   683 E MAL-RILP:  (void *rilproxy_cmd_resp_,  602) can't open socket : rilproxy-mal (No such file or directory)
06-01 00:16:04.811   392   392 I AudioFlinger_Threads: HAL output buffer size 1024 frames, normal sink buffer size 1024 frames
06-01 00:16:04.829   480   480 I ProgramBinary/Builder: Build program result: Build is Successful & Send is Successful.
06-01 00:16:04.829   480   480 I ProgramBinary/Builder: Program binary builder ended!
06-01 00:16:04.829   480   480 I ProgramBinary/Builder: Build program desctruct.
06-01 00:16:04.838   392   392 I BufferProvider: found effect "Multichannel Downmix To Stereo" from The Android Open Source Project
06-01 00:16:04.838   392   392 I AudioFlinger: Using module 10 has the primary audio interface
06-01 00:16:04.838   392   392 W AudioALSAStreamManager: -setMode(), mAudioMode: 0 == 0, return
06-01 00:16:04.839   392   802 I AudioFlinger_Threads: AudioFlinger's thread 0xe5503c80 ready to run
06-01 00:16:04.839   392   802 W BatteryNotifier: batterystats service unavailable!
06-01 00:16:04.839   392   802 W BatteryNotifier: batterystats service unavailable!
06-01 00:16:04.845   392   680 W GainTableParamParser: error, ul_gain = 0 out of bound, paramPath = Application,Unprocessed,Profile,HSSPK
06-01 00:16:04.847   392   802 W BatteryNotifier: batterystats service unavailable!
06-01 00:16:04.847   392   802 W AudioALSAStreamManager: -routingOutputDevice(), output_devices == current_output_devices(0x2), return
06-01 00:16:04.849   392   392 I AudioFlinger: openOutput(), module 10 Device 2, SamplingRate 44100, Format 0x000003, Channels 3, flags 4
06-01 00:16:04.850   392   392 W AudioALSASampleRateController: -setPrimaryStreamOutSampleRate(), sample_rate == mPrimaryStreamOutSampleRate, return
06-01 00:16:04.854   392   392 I AudioFlinger_Threads: HAL output buffer size 256 frames, normal sink buffer size 768 frames
06-01 00:16:04.855   392   805 I AudioFlinger_Threads: AudioFlinger's thread 0xe52032c0 ready to run
06-01 00:16:04.855   392   805 W BatteryNotifier: batterystats service unavailable!
06-01 00:16:04.855   392   805 W AudioALSAStreamManager: -routingOutputDevice(), output_devices == current_output_devices(0x2), return
06-01 00:16:04.856   392   805 W BatteryNotifier: batterystats service unavailable!
06-01 00:16:04.856   392   805 W BatteryNotifier: batterystats service unavailable!
06-01 00:16:04.859   392   806 I AudioFlinger_Threads: AudioFlinger's thread 0xe4f03b00 ready to run
06-01 00:16:04.862   392   392 I bt_a2dp_hw: adev_open:  adev_open in A2dp_hw module
06-01 00:16:04.862   392   392 I AudioFlinger: loadHwModule() Loaded a2dp audio interface from A2DP Audio HW HAL (audio) handle 18
06-01 00:16:04.866   392   392 I AudioFlinger: loadHwModule() Loaded usb audio interface from USB audio HW HAL (audio) handle 26
06-01 00:16:04.868   392   392 I r_submix: adev_open(name=audio_hw_if)
06-01 00:16:04.868   392   392 I r_submix: adev_init_check()
06-01 00:16:04.869   392   392 I AudioFlinger: loadHwModule() Loaded r_submix audio interface from Wifi Display audio HAL (audio) handle 34
06-01 00:16:04.869   392   807 I AudioFlinger_Threads: AudioFlinger's thread 0xe4e83980 ready to run
06-01 00:16:04.872   392   392 I RadioService: RadioService
06-01 00:16:04.872   392   392 I RadioService: onFirstRef
06-01 00:16:04.873   392   392 E RadioService: couldn't load radio module radio.primary (No such file or directory)
06-01 00:16:04.874   392   392 E SoundTriggerHwService: couldn't load sound trigger module sound_trigger.primary (No such file or directory)
06-01 00:16:04.890   762   762 E PQ      : [PQ][PQWhiteList] libwlparser.so is absent
06-01 00:16:04.900   351   592 I SurfaceFlinger: [SF client] NEW(0x7385e24000) for (762:/system/bin/bootanimation)
06-01 00:16:04.908   816   816 I BootAnimation: type=1400 audit(0.0:77): avc: denied { read } for name="mediatek.overlays.list" dev="mmcblk0p27" ino=458755 scontext=u:r:bootanim:s0 tcontext=u:object_r:resourcecache_data_file:s0 tclass=file permissive=1
06-01 00:16:04.908   816   816 I BootAnimation: type=1400 audit(0.0:78): avc: denied { open } for path="/data/resource-cache/mediatek.overlays.list" dev="mmcblk0p27" ino=458755 scontext=u:r:bootanim:s0 tcontext=u:object_r:resourcecache_data_file:s0 tclass=file permissive=1
06-01 00:16:04.908   816   816 I BootAnimation: type=1400 audit(0.0:79): avc: denied { getattr } for path="/data/resource-cache/mediatek.overlays.list" dev="mmcblk0p27" ino=458755 scontext=u:r:bootanim:s0 tcontext=u:object_r:resourcecache_data_file:s0 tclass=file permissive=1
06-01 00:16:04.909   393   393 W MtkCam/HalSensorList: [impConstructStaticMetadata_by_SymbolName] constructCustStaticMetadata_DEVICE_SCALER_SENSOR_DRVNAME_OV13855_MIPI_RAW not found
06-01 00:16:04.909   393   393 W MtkCam/HalSensorList: [impConstructStaticMetadata_by_SymbolName] constructCustStaticMetadata_DEVICE_SCALER_COMMON not found
06-01 00:16:04.910   393   393 W MtkCam/HalSensorList: [impConstructStaticMetadata_by_SymbolName] constructCustStaticMetadata_DEVICE_FEATURE_SENSOR_DRVNAME_OV13855_MIPI_RAW not found
06-01 00:16:04.911   393   393 W MtkCam/HalSensorList: [impConstructStaticMetadata_by_SymbolName] constructCustStaticMetadata_DEVICE_FEATURE_COMMON not found
06-01 00:16:04.911   351   351 I BufferQueue: [unnamed-351-1](this:0x7382f93800,id:1,api:0,p:-1,c:-1) BufferQueue core=(351:/system/bin/surfaceflinger)
06-01 00:16:04.911   351   351 I BufferQueueConsumer: [unnamed-351-1](this:0x7382f93800,id:1,api:0,p:-1,c:351) connect(C): consumer=(351:/system/bin/surfaceflinger) controlledByApp=false
06-01 00:16:04.911   351   351 I BufferQueueConsumer: [unnamed-351-1](this:0x7382f93800,id:1,api:0,p:-1,c:351) setConsumerName: unnamed-351-1
06-01 00:16:04.911   351   351 I BufferQueueConsumer: [BootAnimation](this:0x7382f93800,id:1,api:0,p:-1,c:351) setConsumerName: BootAnimation
06-01 00:16:04.911   351   351 I BufferQueueProducer: [](this:0x7382f93800,id:1,api:0,p:-1,c:351) setMaxDequeuedBufferCount: maxDequeuedBuffers = 2
06-01 00:16:04.911   351   351 I BufferQueueConsumer: [BootAnimation](this:0x7382f93800,id:1,api:0,p:-1,c:351) setDefaultBufferSize: width=1080 height=2160
06-01 00:16:04.912   393   393 W MtkCam/HalSensorList: [impConstructStaticMetadata_by_SymbolName] constructCustStaticMetadata_DEVICE_REQUEST_SENSOR_DRVNAME_OV13855_MIPI_RAW not found
06-01 00:16:04.912   393   393 W MtkCam/HalSensorList: [impConstructStaticMetadata_by_SymbolName] constructCustStaticMetadata_DEVICE_REQUEST_COMMON not found
06-01 00:16:04.913   393   393 W MtkCam/HalSensorList: [impConstructStaticMetadata_by_SymbolName] constructCustStaticMetadata_PROJECT_LENS_SENSOR_DRVNAME_OV13855_MIPI_RAW not found
06-01 00:16:04.913   393   393 W MtkCam/HalSensorList: [impConstructStaticMetadata_by_SymbolName] constructCustStaticMetadata_PROJECT_LENS_COMMON not found
06-01 00:16:04.914   393   393 W MtkCam/HalSensorList: [impConstructStaticMetadata_by_SymbolName] constructCustStaticMetadata_PROJECT_SENSOR_SENSOR_DRVNAME_OV13855_MIPI_RAW not found
06-01 00:16:04.914   393   393 W MtkCam/HalSensorList: [impConstructStaticMetadata_by_SymbolName] constructCustStaticMetadata_PROJECT_SENSOR_COMMON not found
06-01 00:16:04.915   393   393 W MtkCam/HalSensorList: [impConstructStaticMetadata_by_SymbolName] constructCustStaticMetadata_PROJECT_TUNING_3A_SENSOR_DRVNAME_OV13855_MIPI_RAW not found
06-01 00:16:04.915   393   393 W MtkCam/HalSensorList: [impConstructStaticMetadata_by_SymbolName] constructCustStaticMetadata_PROJECT_TUNING_3A_COMMON not found
06-01 00:16:04.916   393   393 W MtkCam/HalSensorList: [impConstructStaticMetadata_by_SymbolName] constructCustStaticMetadata_PROJECT_FLASHLIGHT_SENSOR_DRVNAME_OV13855_MIPI_RAW not found
06-01 00:16:04.917   393   393 W MtkCam/HalSensorList: [impConstructStaticMetadata_by_SymbolName] constructCustStaticMetadata_PROJECT_FLASHLIGHT_COMMON not found
06-01 00:16:04.917   393   393 W MtkCam/HalSensorList: [impConstructStaticMetadata_by_SymbolName] constructCustStaticMetadata_PROJECT_SCALER_SENSOR_DRVNAME_OV13855_MIPI_RAW not found
06-01 00:16:04.918   393   393 W MtkCam/HalSensorList: [impConstructStaticMetadata_by_SymbolName] constructCustStaticMetadata_PROJECT_SCALER_COMMON not found
06-01 00:16:04.918   393   393 W MtkCam/HalSensorList: [impConstructStaticMetadata_by_SymbolName] constructCustStaticMetadata_PROJECT_FEATURE_SENSOR_DRVNAME_OV13855_MIPI_RAW not found
06-01 00:16:04.919   393   393 W MtkCam/HalSensorList: [impConstructStaticMetadata_by_SymbolName] constructCustStaticMetadata_PROJECT_FEATURE_COMMON not found
06-01 00:16:04.919   351   351 I SurfaceFlinger: [doComposition] skip swapping while booting
06-01 00:16:04.920   393   393 W MtkCam/HalSensorList: [impConstructStaticMetadata_by_SymbolName] constructCustStaticMetadata_PROJECT_CAMERA_SENSOR_DRVNAME_OV13855_MIPI_RAW not found
06-01 00:16:04.921   393   393 W MtkCam/HalSensorList: [impConstructStaticMetadata_by_SymbolName] constructCustStaticMetadata_PROJECT_CAMERA_COMMON not found
06-01 00:16:04.921   393   393 W MtkCam/HalSensorList: [impConstructStaticMetadata_by_SymbolName] constructCustStaticMetadata_PROJECT_REQUEST_SENSOR_DRVNAME_OV13855_MIPI_RAW not found
06-01 00:16:04.922   393   393 W MtkCam/HalSensorList: [impConstructStaticMetadata_by_SymbolName] constructCustStaticMetadata_PROJECT_REQUEST_COMMON not found
06-01 00:16:04.925   393   393 W MtkCam/HalSensorList: [impConstructStaticMetadata_by_SymbolName] constructCustStaticMetadata_DEVICE_SCALER_SENSOR_DRVNAME_S5K3M2_MIPI_RAW not found
06-01 00:16:04.925   346   346 E ccci_fsd(3): Open: [error]fail open V:/SilentLogParms: 2 
06-01 00:16:04.926   393   393 W MtkCam/HalSensorList: [impConstructStaticMetadata_by_SymbolName] constructCustStaticMetadata_DEVICE_SCALER_COMMON not found
06-01 00:16:04.927   393   393 W MtkCam/HalSensorList: [impConstructStaticMetadata_by_SymbolName] constructCustStaticMetadata_DEVICE_FEATURE_SENSOR_DRVNAME_S5K3M2_MIPI_RAW not found
06-01 00:16:04.927   393   393 W MtkCam/HalSensorList: [impConstructStaticMetadata_by_SymbolName] constructCustStaticMetadata_DEVICE_FEATURE_COMMON not found
06-01 00:16:04.929   393   393 W MtkCam/HalSensorList: [impConstructStaticMetadata_by_SymbolName] constructCustStaticMetadata_DEVICE_REQUEST_SENSOR_DRVNAME_S5K3M2_MIPI_RAW not found
06-01 00:16:04.929   393   393 W MtkCam/HalSensorList: [impConstructStaticMetadata_by_SymbolName] constructCustStaticMetadata_DEVICE_REQUEST_COMMON not found
06-01 00:16:04.930   393   393 W MtkCam/HalSensorList: [impConstructStaticMetadata_by_SymbolName] constructCustStaticMetadata_PROJECT_LENS_SENSOR_DRVNAME_S5K3M2_MIPI_RAW not found
06-01 00:16:04.931   393   393 W MtkCam/HalSensorList: [impConstructStaticMetadata_by_SymbolName] constructCustStaticMetadata_PROJECT_LENS_COMMON not found
06-01 00:16:04.931   393   393 W MtkCam/HalSensorList: [impConstructStaticMetadata_by_SymbolName] constructCustStaticMetadata_PROJECT_SENSOR_SENSOR_DRVNAME_S5K3M2_MIPI_RAW not found
06-01 00:16:04.931   393   393 W MtkCam/HalSensorList: [impConstructStaticMetadata_by_SymbolName] constructCustStaticMetadata_PROJECT_SENSOR_COMMON not found
06-01 00:16:04.932   393   393 W MtkCam/HalSensorList: [impConstructStaticMetadata_by_SymbolName] constructCustStaticMetadata_PROJECT_TUNING_3A_SENSOR_DRVNAME_S5K3M2_MIPI_RAW not found
06-01 00:16:04.933   393   393 W MtkCam/HalSensorList: [impConstructStaticMetadata_by_SymbolName] constructCustStaticMetadata_PROJECT_TUNING_3A_COMMON not found
06-01 00:16:04.933   393   393 W MtkCam/HalSensorList: [impConstructStaticMetadata_by_SymbolName] constructCustStaticMetadata_PROJECT_FLASHLIGHT_SENSOR_DRVNAME_S5K3M2_MIPI_RAW not found
06-01 00:16:04.934   393   393 W MtkCam/HalSensorList: [impConstructStaticMetadata_by_SymbolName] constructCustStaticMetadata_PROJECT_FLASHLIGHT_COMMON not found
06-01 00:16:04.934   393   393 W MtkCam/HalSensorList: [impConstructStaticMetadata_by_SymbolName] constructCustStaticMetadata_PROJECT_SCALER_SENSOR_DRVNAME_S5K3M2_MIPI_RAW not found
06-01 00:16:04.935   393   393 W MtkCam/HalSensorList: [impConstructStaticMetadata_by_SymbolName] constructCustStaticMetadata_PROJECT_SCALER_COMMON not found
06-01 00:16:04.935   393   393 W MtkCam/HalSensorList: [impConstructStaticMetadata_by_SymbolName] constructCustStaticMetadata_PROJECT_FEATURE_SENSOR_DRVNAME_S5K3M2_MIPI_RAW not found
06-01 00:16:04.936   393   393 W MtkCam/HalSensorList: [impConstructStaticMetadata_by_SymbolName] constructCustStaticMetadata_PROJECT_FEATURE_COMMON not found
06-01 00:16:04.936   762   816 D MALI    : osup_constructor:144: osup_constructor
06-01 00:16:04.937   393   393 W MtkCam/HalSensorList: [impConstructStaticMetadata_by_SymbolName] constructCustStaticMetadata_PROJECT_CAMERA_SENSOR_DRVNAME_S5K3M2_MIPI_RAW not found
06-01 00:16:04.937   393   393 W MtkCam/HalSensorList: [impConstructStaticMetadata_by_SymbolName] constructCustStaticMetadata_PROJECT_CAMERA_COMMON not found
06-01 00:16:04.937   762   816 D libEGL  : loaded /vendor/lib64/egl/libGLES_mali.so
06-01 00:16:04.938   393   393 W MtkCam/HalSensorList: [impConstructStaticMetadata_by_SymbolName] constructCustStaticMetadata_PROJECT_REQUEST_SENSOR_DRVNAME_S5K3M2_MIPI_RAW not found
06-01 00:16:04.938   393   393 W MtkCam/HalSensorList: [impConstructStaticMetadata_by_SymbolName] constructCustStaticMetadata_PROJECT_REQUEST_COMMON not found
06-01 00:16:04.941   393   393 W MtkCam/HalSensorList: [impConstructStaticMetadata_by_SymbolName] constructCustStaticMetadata_DEVICE_SCALER_SENSOR_DRVNAME_S5K5E2YA_MIPI_RAW not found
06-01 00:16:04.942   393   393 W MtkCam/HalSensorList: [impConstructStaticMetadata_by_SymbolName] constructCustStaticMetadata_DEVICE_SCALER_COMMON not found
06-01 00:16:04.943   393   393 W MtkCam/HalSensorList: [impConstructStaticMetadata_by_SymbolName] constructCustStaticMetadata_DEVICE_FEATURE_SENSOR_DRVNAME_S5K5E2YA_MIPI_RAW not found
06-01 00:16:04.944   393   393 W MtkCam/HalSensorList: [impConstructStaticMetadata_by_SymbolName] constructCustStaticMetadata_DEVICE_FEATURE_COMMON not found
06-01 00:16:04.945   393   393 W MtkCam/HalSensorList: [impConstructStaticMetadata_by_SymbolName] constructCustStaticMetadata_DEVICE_REQUEST_SENSOR_DRVNAME_S5K5E2YA_MIPI_RAW not found
06-01 00:16:04.946   393   393 W MtkCam/HalSensorList: [impConstructStaticMetadata_by_SymbolName] constructCustStaticMetadata_DEVICE_REQUEST_COMMON not found
06-01 00:16:04.946   393   393 W MtkCam/HalSensorList: [impConstructStaticMetadata_by_SymbolName] constructCustStaticMetadata_PROJECT_LENS_SENSOR_DRVNAME_S5K5E2YA_MIPI_RAW not found
06-01 00:16:04.947   393   393 W MtkCam/HalSensorList: [impConstructStaticMetadata_by_SymbolName] constructCustStaticMetadata_PROJECT_LENS_COMMON not found
06-01 00:16:04.947   393   393 W MtkCam/HalSensorList: [impConstructStaticMetadata_by_SymbolName] constructCustStaticMetadata_PROJECT_SENSOR_SENSOR_DRVNAME_S5K5E2YA_MIPI_RAW not found
06-01 00:16:04.948   393   393 W MtkCam/HalSensorList: [impConstructStaticMetadata_by_SymbolName] constructCustStaticMetadata_PROJECT_SENSOR_COMMON not found
06-01 00:16:04.948   393   393 W MtkCam/HalSensorList: [impConstructStaticMetadata_by_SymbolName] constructCustStaticMetadata_PROJECT_TUNING_3A_SENSOR_DRVNAME_S5K5E2YA_MIPI_RAW not found
06-01 00:16:04.949   393   393 W MtkCam/HalSensorList: [impConstructStaticMetadata_by_SymbolName] constructCustStaticMetadata_PROJECT_TUNING_3A_COMMON not found
06-01 00:16:04.949   393   393 W MtkCam/HalSensorList: [impConstructStaticMetadata_by_SymbolName] constructCustStaticMetadata_PROJECT_FLASHLIGHT_SENSOR_DRVNAME_S5K5E2YA_MIPI_RAW not found
06-01 00:16:04.950   393   393 W MtkCam/HalSensorList: [impConstructStaticMetadata_by_SymbolName] constructCustStaticMetadata_PROJECT_FLASHLIGHT_COMMON not found
06-01 00:16:04.950   393   393 W MtkCam/HalSensorList: [impConstructStaticMetadata_by_SymbolName] constructCustStaticMetadata_PROJECT_SCALER_SENSOR_DRVNAME_S5K5E2YA_MIPI_RAW not found
06-01 00:16:04.950   393   393 W MtkCam/HalSensorList: [impConstructStaticMetadata_by_SymbolName] constructCustStaticMetadata_PROJECT_SCALER_COMMON not found
06-01 00:16:04.951   393   393 W MtkCam/HalSensorList: [impConstructStaticMetadata_by_SymbolName] constructCustStaticMetadata_PROJECT_FEATURE_SENSOR_DRVNAME_S5K5E2YA_MIPI_RAW not found
06-01 00:16:04.951   393   393 W MtkCam/HalSensorList: [impConstructStaticMetadata_by_SymbolName] constructCustStaticMetadata_PROJECT_FEATURE_COMMON not found
06-01 00:16:04.952   393   393 W MtkCam/HalSensorList: [impConstructStaticMetadata_by_SymbolName] constructCustStaticMetadata_PROJECT_CAMERA_SENSOR_DRVNAME_S5K5E2YA_MIPI_RAW not found
06-01 00:16:04.952   393   393 W MtkCam/HalSensorList: [impConstructStaticMetadata_by_SymbolName] constructCustStaticMetadata_PROJECT_CAMERA_COMMON not found
06-01 00:16:04.952   393   393 W MtkCam/HalSensorList: [impConstructStaticMetadata_by_SymbolName] constructCustStaticMetadata_PROJECT_REQUEST_SENSOR_DRVNAME_S5K5E2YA_MIPI_RAW not found
06-01 00:16:04.953   393   393 W MtkCam/HalSensorList: [impConstructStaticMetadata_by_SymbolName] constructCustStaticMetadata_PROJECT_REQUEST_COMMON not found
06-01 00:16:04.953   393   393 D SeninfDrvImp: [setMclk1][setTg1Phase]pcEn(0), clkPol(0), mMclk1User(0), TimestampClk(0)
06-01 00:16:04.954   393   393 D SeninfDrvImp: [setMclk2][setTg2Phase]pcEn(0), clkPol(0), mMclk2User(0), TimestampClk(0)
06-01 00:16:04.954   393   393 D SeninfDrvImp: [uninit][uninit]: 1 
06-01 00:16:04.954   393   393 D SeninfDrvImp: [uninit][uninit]: 0, mfd(8) 
06-01 00:16:04.957   393   393 W MtkCam/MetadataProvider.constructStatic: [impConstructStaticMetadata_by_SymbolName] constructCustStaticMetadata_DEVICE_LENS_SENSOR_DRVNAME_OV13855_MIPI_RAW returns status[Unknown error -1(-1)]
06-01 00:16:04.957   393   393 W MtkCam/MetadataProvider.constructStatic: [impConstructStaticMetadata_by_SymbolName] constructCustStaticMetadata_DEVICE_LENS_COMMON returns status[Unknown error -1(-1)]
06-01 00:16:04.958   393   393 W MtkCam/MetadataProvider.constructStatic: [impConstructStaticMetadata_by_SymbolName] constructCustStaticMetadata_DEVICE_SENSOR_SENSOR_DRVNAME_OV13855_MIPI_RAW returns status[Unknown error -1(-1)]
06-01 00:16:04.958   393   393 W MtkCam/MetadataProvider.constructStatic: [impConstructStaticMetadata_by_SymbolName] constructCustStaticMetadata_DEVICE_SENSOR_COMMON returns status[Unknown error -1(-1)]
06-01 00:16:04.959   393   393 W MtkCam/MetadataProvider.constructStatic: [impConstructStaticMetadata_by_SymbolName] constructCustStaticMetadata_DEVICE_TUNING_3A_SENSOR_DRVNAME_OV13855_MIPI_RAW returns status[Unknown error -1(-1)]
06-01 00:16:04.960   393   393 W MtkCam/MetadataProvider.constructStatic: [impConstructStaticMetadata_by_SymbolName] constructCustStaticMetadata_DEVICE_TUNING_3A_COMMON returns status[Unknown error -1(-1)]
06-01 00:16:04.960   393   393 W MtkCam/MetadataProvider.constructStatic: [impConstructStaticMetadata_by_SymbolName] constructCustStaticMetadata_DEVICE_FLASHLIGHT_SENSOR_DRVNAME_OV13855_MIPI_RAW returns status[Unknown error -1(-1)]
06-01 00:16:04.961   393   393 W MtkCam/MetadataProvider.constructStatic: [impConstructStaticMetadata_by_SymbolName] constructCustStaticMetadata_DEVICE_FLASHLIGHT_COMMON returns status[Unknown error -1(-1)]
06-01 00:16:04.962   393   393 W MtkCam/MetadataProvider.constructStatic: [impConstructStaticMetadata_by_SymbolName] constructCustStaticMetadata_DEVICE_CAMERA_SENSOR_DRVNAME_OV13855_MIPI_RAW returns status[Unknown error -1(-1)]
06-01 00:16:04.963   393   393 W MtkCam/MetadataProvider.constructStatic: [impConstructStaticMetadata_by_SymbolName] constructCustStaticMetadata_PROJECT_LENS_SENSOR_DRVNAME_OV13855_MIPI_RAW not found
06-01 00:16:04.964   393   393 W MtkCam/MetadataProvider.constructStatic: [impConstructStaticMetadata_by_SymbolName] constructCustStaticMetadata_PROJECT_LENS_COMMON not found
06-01 00:16:04.964   393   393 W MtkCam/MetadataProvider.constructStatic: [impConstructStaticMetadata_by_SymbolName] constructCustStaticMetadata_PROJECT_SENSOR_SENSOR_DRVNAME_OV13855_MIPI_RAW not found
06-01 00:16:04.965   393   393 W MtkCam/MetadataProvider.constructStatic: [impConstructStaticMetadata_by_SymbolName] constructCustStaticMetadata_PROJECT_SENSOR_COMMON not found
06-01 00:16:04.965   393   393 W MtkCam/MetadataProvider.constructStatic: [impConstructStaticMetadata_by_SymbolName] constructCustStaticMetadata_PROJECT_TUNING_3A_SENSOR_DRVNAME_OV13855_MIPI_RAW not found
06-01 00:16:04.966   393   393 W MtkCam/MetadataProvider.constructStatic: [impConstructStaticMetadata_by_SymbolName] constructCustStaticMetadata_PROJECT_TUNING_3A_COMMON not found
06-01 00:16:04.966   393   393 W MtkCam/MetadataProvider.constructStatic: [impConstructStaticMetadata_by_SymbolName] constructCustStaticMetadata_PROJECT_FLASHLIGHT_SENSOR_DRVNAME_OV13855_MIPI_RAW not found
06-01 00:16:04.967   346   346 E ccci_fsd(3): FindFirst: [error]no more files...
06-01 00:16:04.967   393   393 W MtkCam/MetadataProvider.constructStatic: [impConstructStaticMetadata_by_SymbolName] constructCustStaticMetadata_PROJECT_FLASHLIGHT_COMMON not found
06-01 00:16:04.968   393   393 W MtkCam/MetadataProvider.constructStatic: [impConstructStaticMetadata_by_SymbolName] constructCustStaticMetadata_PROJECT_SCALER_SENSOR_DRVNAME_OV13855_MIPI_RAW not found
06-01 00:16:04.968   393   393 W MtkCam/MetadataProvider.constructStatic: [impConstructStaticMetadata_by_SymbolName] constructCustStaticMetadata_PROJECT_SCALER_COMMON not found
06-01 00:16:04.969   393   393 W MtkCam/MetadataProvider.constructStatic: [impConstructStaticMetadata_by_SymbolName] constructCustStaticMetadata_PROJECT_FEATURE_SENSOR_DRVNAME_OV13855_MIPI_RAW not found
06-01 00:16:04.969   393   393 W MtkCam/MetadataProvider.constructStatic: [impConstructStaticMetadata_by_SymbolName] constructCustStaticMetadata_PROJECT_FEATURE_COMMON not found
06-01 00:16:04.970   393   393 W MtkCam/MetadataProvider.constructStatic: [impConstructStaticMetadata_by_SymbolName] constructCustStaticMetadata_PROJECT_CAMERA_SENSOR_DRVNAME_OV13855_MIPI_RAW not found
06-01 00:16:04.970   393   393 W MtkCam/MetadataProvider.constructStatic: [impConstructStaticMetadata_by_SymbolName] constructCustStaticMetadata_PROJECT_CAMERA_COMMON not found
06-01 00:16:04.971   393   393 W MtkCam/MetadataProvider.constructStatic: [impConstructStaticMetadata_by_SymbolName] constructCustStaticMetadata_PROJECT_REQUEST_SENSOR_DRVNAME_OV13855_MIPI_RAW not found
06-01 00:16:04.972   393   393 W MtkCam/MetadataProvider.constructStatic: [impConstructStaticMetadata_by_SymbolName] constructCustStaticMetadata_PROJECT_REQUEST_COMMON not found
06-01 00:16:04.977   762   816 D BootAnimation: initialize opengl and egl
06-01 00:16:04.986   762   816 D Surface : Surface::connect(this=0x7c58259000,api=1)
06-01 00:16:04.994   392   785 D SpeechMessengerEVDO_Read: ReadMessage(), length_read = 16, data[0] = 0xffffffff, data[1] = 0xaf700000, ch = 0x22224444, reserved = 0x0
06-01 00:16:04.994   392   785 W SpeechMessengerEVDO: ..[MD Reset Notify(MSG_M2A_EM_DATA_REQUEST: 0xaf700000)]..mCreatingSphThreadFlag =0
06-01 00:16:04.994   392   785 D SpeechMessengerEVDO: MDReset_CheckMessageInQueue(), queue count: 0
06-01 00:16:04.994   392   785 D SpeechMessengerEVDO: MDReset_CheckMessageInQueue(), check message done
06-01 00:16:04.996   393   393 W MtkCam/MetadataProvider.constructStatic: [impConstructStaticMetadata_by_SymbolName] constructCustStaticMetadata_DEVICE_LENS_SENSOR_DRVNAME_S5K3M2_MIPI_RAW returns status[Unknown error -1(-1)]
06-01 00:16:04.997   393   393 W MtkCam/MetadataProvider.constructStatic: [impConstructStaticMetadata_by_SymbolName] constructCustStaticMetadata_DEVICE_LENS_COMMON returns status[Unknown error -1(-1)]
06-01 00:16:04.997   393   393 W MtkCam/MetadataProvider.constructStatic: [impConstructStaticMetadata_by_SymbolName] constructCustStaticMetadata_DEVICE_SENSOR_SENSOR_DRVNAME_S5K3M2_MIPI_RAW returns status[Unknown error -1(-1)]
06-01 00:16:04.998   393   393 W MtkCam/MetadataProvider.constructStatic: [impConstructStaticMetadata_by_SymbolName] constructCustStaticMetadata_DEVICE_SENSOR_COMMON returns status[Unknown error -1(-1)]
06-01 00:16:04.999   393   393 W MtkCam/MetadataProvider.constructStatic: [impConstructStaticMetadata_by_SymbolName] constructCustStaticMetadata_DEVICE_TUNING_3A_SENSOR_DRVNAME_S5K3M2_MIPI_RAW returns status[Unknown error -1(-1)]
06-01 00:16:04.999   393   393 W MtkCam/MetadataProvider.constructStatic: [impConstructStaticMetadata_by_SymbolName] constructCustStaticMetadata_DEVICE_TUNING_3A_COMMON returns status[Unknown error -1(-1)]
06-01 00:16:05.000   393   393 W MtkCam/MetadataProvider.constructStatic: [impConstructStaticMetadata_by_SymbolName] constructCustStaticMetadata_DEVICE_FLASHLIGHT_SENSOR_DRVNAME_S5K3M2_MIPI_RAW returns status[Unknown error -1(-1)]
06-01 00:16:05.001   393   393 W MtkCam/MetadataProvider.constructStatic: [impConstructStaticMetadata_by_SymbolName] constructCustStaticMetadata_DEVICE_FLASHLIGHT_COMMON returns status[Unknown error -1(-1)]
06-01 00:16:05.002   393   393 W MtkCam/MetadataProvider.constructStatic: [impConstructStaticMetadata_by_SymbolName] constructCustStaticMetadata_DEVICE_CAMERA_SENSOR_DRVNAME_S5K3M2_MIPI_RAW returns status[Unknown error -1(-1)]
06-01 00:16:05.003   393   393 W MtkCam/MetadataProvider.constructStatic: [impConstructStaticMetadata_by_SymbolName] constructCustStaticMetadata_PROJECT_LENS_SENSOR_DRVNAME_S5K3M2_MIPI_RAW not found
06-01 00:16:05.004   393   393 W MtkCam/MetadataProvider.constructStatic: [impConstructStaticMetadata_by_SymbolName] constructCustStaticMetadata_PROJECT_LENS_COMMON not found
06-01 00:16:05.004   393   393 W MtkCam/MetadataProvider.constructStatic: [impConstructStaticMetadata_by_SymbolName] constructCustStaticMetadata_PROJECT_SENSOR_SENSOR_DRVNAME_S5K3M2_MIPI_RAW not found
06-01 00:16:05.005   393   393 W MtkCam/MetadataProvider.constructStatic: [impConstructStaticMetadata_by_SymbolName] constructCustStaticMetadata_PROJECT_SENSOR_COMMON not found
06-01 00:16:05.006   393   393 W MtkCam/MetadataProvider.constructStatic: [impConstructStaticMetadata_by_SymbolName] constructCustStaticMetadata_PROJECT_TUNING_3A_SENSOR_DRVNAME_S5K3M2_MIPI_RAW not found
06-01 00:16:05.006   393   393 W MtkCam/MetadataProvider.constructStatic: [impConstructStaticMetadata_by_SymbolName] constructCustStaticMetadata_PROJECT_TUNING_3A_COMMON not found
06-01 00:16:05.007   393   393 W MtkCam/MetadataProvider.constructStatic: [impConstructStaticMetadata_by_SymbolName] constructCustStaticMetadata_PROJECT_FLASHLIGHT_SENSOR_DRVNAME_S5K3M2_MIPI_RAW not found
06-01 00:16:05.008   393   393 W MtkCam/MetadataProvider.constructStatic: [impConstructStaticMetadata_by_SymbolName] constructCustStaticMetadata_PROJECT_FLASHLIGHT_COMMON not found
06-01 00:16:05.008   393   393 W MtkCam/MetadataProvider.constructStatic: [impConstructStaticMetadata_by_SymbolName] constructCustStaticMetadata_PROJECT_SCALER_SENSOR_DRVNAME_S5K3M2_MIPI_RAW not found
06-01 00:16:05.009   351   592 I BufferQueueProducer: [BootAnimation](this:0x7382f93800,id:1,api:1,p:762,c:351) connect(P): api=1 producer=(762:/system/bin/bootanimation) producerControlledByApp=false
06-01 00:16:05.009   393   393 W MtkCam/MetadataProvider.constructStatic: [impConstructStaticMetadata_by_SymbolName] constructCustStaticMetadata_PROJECT_SCALER_COMMON not found
06-01 00:16:05.009   762   816 W libEGL  : [ANDROID_RECORDABLE] format: 2
06-01 00:16:05.010   393   393 W MtkCam/MetadataProvider.constructStatic: [impConstructStaticMetadata_by_SymbolName] constructCustStaticMetadata_PROJECT_FEATURE_SENSOR_DRVNAME_S5K3M2_MIPI_RAW not found
06-01 00:16:05.010   762   816 D mali_winsys: EGLint new_window_surface(egl_winsys_display*, void*, EGLSurface, EGLConfig, egl_winsys_surface**, egl_color_buffer_format*, EGLBoolean) returns 0x3000
06-01 00:16:05.010   393   393 W MtkCam/MetadataProvider.constructStatic: [impConstructStaticMetadata_by_SymbolName] constructCustStaticMetadata_PROJECT_FEATURE_COMMON not found
06-01 00:16:05.010   762   816 D BootAnimation: [BootAnimation initAudioPath 1400]ro.crypto.state=unencrypted, vold.encryption.type=-1
06-01 00:16:05.010   762   816 D BootAnimation: [BootAnimation needPlayAudio 1379] nVolume=2
06-01 00:16:05.011   762   816 D BootAnimation: threadLoop() movie()
06-01 00:16:05.011   393   393 W MtkCam/MetadataProvider.constructStatic: [impConstructStaticMetadata_by_SymbolName] constructCustStaticMetadata_PROJECT_CAMERA_SENSOR_DRVNAME_S5K3M2_MIPI_RAW not found
06-01 00:16:05.012   393   393 W MtkCam/MetadataProvider.constructStatic: [impConstructStaticMetadata_by_SymbolName] constructCustStaticMetadata_PROJECT_CAMERA_COMMON not found
06-01 00:16:05.012   393   393 W MtkCam/MetadataProvider.constructStatic: [impConstructStaticMetadata_by_SymbolName] constructCustStaticMetadata_PROJECT_REQUEST_SENSOR_DRVNAME_S5K3M2_MIPI_RAW not found
06-01 00:16:05.013   393   393 W MtkCam/MetadataProvider.constructStatic: [impConstructStaticMetadata_by_SymbolName] constructCustStaticMetadata_PROJECT_REQUEST_COMMON not found
06-01 00:16:05.029   393   393 W MtkCam/MetadataProvider.constructStatic: [impConstructStaticMetadata_by_SymbolName] constructCustStaticMetadata_DEVICE_LENS_SENSOR_DRVNAME_S5K5E2YA_MIPI_RAW returns status[Unknown error -1(-1)]
06-01 00:16:05.029   393   393 W MtkCam/MetadataProvider.constructStatic: [impConstructStaticMetadata_by_SymbolName] constructCustStaticMetadata_DEVICE_LENS_COMMON returns status[Unknown error -1(-1)]
06-01 00:16:05.030   393   393 W MtkCam/MetadataProvider.constructStatic: [impConstructStaticMetadata_by_SymbolName] constructCustStaticMetadata_DEVICE_SENSOR_SENSOR_DRVNAME_S5K5E2YA_MIPI_RAW returns status[Unknown error -1(-1)]
06-01 00:16:05.031   393   393 W MtkCam/MetadataProvider.constructStatic: [impConstructStaticMetadata_by_SymbolName] constructCustStaticMetadata_DEVICE_SENSOR_COMMON returns status[Unknown error -1(-1)]
06-01 00:16:05.032   393   393 W MtkCam/MetadataProvider.constructStatic: [impConstructStaticMetadata_by_SymbolName] constructCustStaticMetadata_DEVICE_TUNING_3A_SENSOR_DRVNAME_S5K5E2YA_MIPI_RAW returns status[Unknown error -1(-1)]
06-01 00:16:05.032   393   393 W MtkCam/MetadataProvider.constructStatic: [impConstructStaticMetadata_by_SymbolName] constructCustStaticMetadata_DEVICE_TUNING_3A_COMMON returns status[Unknown error -1(-1)]
06-01 00:16:05.033   393   393 W MtkCam/MetadataProvider.constructStatic: [impConstructStaticMetadata_by_SymbolName] constructCustStaticMetadata_DEVICE_FLASHLIGHT_SENSOR_DRVNAME_S5K5E2YA_MIPI_RAW returns status[Unknown error -1(-1)]
06-01 00:16:05.033   393   393 W MtkCam/MetadataProvider.constructStatic: [impConstructStaticMetadata_by_SymbolName] constructCustStaticMetadata_DEVICE_FLASHLIGHT_COMMON returns status[Unknown error -1(-1)]
06-01 00:16:05.034   393   393 W MtkCam/MetadataProvider.constructStatic: [impConstructStaticMetadata_by_SymbolName] constructCustStaticMetadata_DEVICE_CAMERA_SENSOR_DRVNAME_S5K5E2YA_MIPI_RAW returns status[Unknown error -1(-1)]
06-01 00:16:05.036   393   393 W MtkCam/MetadataProvider.constructStatic: [impConstructStaticMetadata_by_SymbolName] constructCustStaticMetadata_PROJECT_LENS_SENSOR_DRVNAME_S5K5E2YA_MIPI_RAW not found
06-01 00:16:05.036   393   393 W MtkCam/MetadataProvider.constructStatic: [impConstructStaticMetadata_by_SymbolName] constructCustStaticMetadata_PROJECT_LENS_COMMON not found
06-01 00:16:05.037   393   393 W MtkCam/MetadataProvider.constructStatic: [impConstructStaticMetadata_by_SymbolName] constructCustStaticMetadata_PROJECT_SENSOR_SENSOR_DRVNAME_S5K5E2YA_MIPI_RAW not found
06-01 00:16:05.038   393   393 W MtkCam/MetadataProvider.constructStatic: [impConstructStaticMetadata_by_SymbolName] constructCustStaticMetadata_PROJECT_SENSOR_COMMON not found
06-01 00:16:05.038   393   393 W MtkCam/MetadataProvider.constructStatic: [impConstructStaticMetadata_by_SymbolName] constructCustStaticMetadata_PROJECT_TUNING_3A_SENSOR_DRVNAME_S5K5E2YA_MIPI_RAW not found
06-01 00:16:05.039   393   393 W MtkCam/MetadataProvider.constructStatic: [impConstructStaticMetadata_by_SymbolName] constructCustStaticMetadata_PROJECT_TUNING_3A_COMMON not found
06-01 00:16:05.039   393   393 W MtkCam/MetadataProvider.constructStatic: [impConstructStaticMetadata_by_SymbolName] constructCustStaticMetadata_PROJECT_FLASHLIGHT_SENSOR_DRVNAME_S5K5E2YA_MIPI_RAW not found
06-01 00:16:05.040   393   393 W MtkCam/MetadataProvider.constructStatic: [impConstructStaticMetadata_by_SymbolName] constructCustStaticMetadata_PROJECT_FLASHLIGHT_COMMON not found
06-01 00:16:05.041   393   393 W MtkCam/MetadataProvider.constructStatic: [impConstructStaticMetadata_by_SymbolName] constructCustStaticMetadata_PROJECT_SCALER_SENSOR_DRVNAME_S5K5E2YA_MIPI_RAW not found
06-01 00:16:05.041   393   393 W MtkCam/MetadataProvider.constructStatic: [impConstructStaticMetadata_by_SymbolName] constructCustStaticMetadata_PROJECT_SCALER_COMMON not found
06-01 00:16:05.042   393   393 W MtkCam/MetadataProvider.constructStatic: [impConstructStaticMetadata_by_SymbolName] constructCustStaticMetadata_PROJECT_FEATURE_SENSOR_DRVNAME_S5K5E2YA_MIPI_RAW not found
06-01 00:16:05.042   393   393 W MtkCam/MetadataProvider.constructStatic: [impConstructStaticMetadata_by_SymbolName] constructCustStaticMetadata_PROJECT_FEATURE_COMMON not found
06-01 00:16:05.043   393   393 W MtkCam/MetadataProvider.constructStatic: [impConstructStaticMetadata_by_SymbolName] constructCustStaticMetadata_PROJECT_CAMERA_SENSOR_DRVNAME_S5K5E2YA_MIPI_RAW not found
06-01 00:16:05.044   393   393 W MtkCam/MetadataProvider.constructStatic: [impConstructStaticMetadata_by_SymbolName] constructCustStaticMetadata_PROJECT_CAMERA_COMMON not found
06-01 00:16:05.044   393   393 W MtkCam/MetadataProvider.constructStatic: [impConstructStaticMetadata_by_SymbolName] constructCustStaticMetadata_PROJECT_REQUEST_SENSOR_DRVNAME_S5K5E2YA_MIPI_RAW not found
06-01 00:16:05.045   393   393 W MtkCam/MetadataProvider.constructStatic: [impConstructStaticMetadata_by_SymbolName] constructCustStaticMetadata_PROJECT_REQUEST_COMMON not found
06-01 00:16:05.057   393   393 I MtkCam/devicemgr: [enumDeviceLocked] i4DeviceNum=3
06-01 00:16:05.057   393   393 I MtkCam/devicemgr: [enumDeviceLocked] [0x00] DeviceVersion:0x304 metadata:0xeb30c000 facing:0 orientation(wanted/setup)=(90/90)
06-01 00:16:05.057   393   393 I MtkCam/devicemgr: [enumDeviceLocked] [0x01] DeviceVersion:0x304 metadata:0xde647000 facing:1 orientation(wanted/setup)=(270/270)
06-01 00:16:05.057   393   393 I MtkCam/devicemgr: [enumDeviceLocked] [0x02] DeviceVersion:0x304 metadata:0xeb30e000 facing:0 orientation(wanted/setup)=(90/90)
06-01 00:16:05.057   393   393 I MtkCam/devicemgr: [enumDeviceLocked] [0xff] DeviceVersion:0x100 metadata:0x0 facing:0 orientation(wanted/setup)=(0/0)
06-01 00:16:05.057   393   393 I CameraService: Loaded "MediaTek Camera Module" camera module
06-01 00:16:05.058   393   393 I ServiceManager: Waiting for service media.camera.proxy...
06-01 00:16:05.072   370   522 D agps    : [agps] WARNING: [CP] cp2_fd_1_req_sim_num_timeout
06-01 00:16:05.073   370   484 D agps    : [agps][n][CP] [MD_1] write  sim_info_req  gsm_disabled=[0] umts_disabled=[0] lte_disabled=[0] lppe_enable=[0]
06-01 00:16:05.118   368   368 E VT_ERROR: [VTS] after addService 0
06-01 00:16:05.118   368   368 D VT_DEBUG: [SRV] is3GVTon : False
06-01 00:16:05.118   368   368 I VT_INFO : [SRV] [VT THREAD] VT_Connect start
06-01 00:16:05.118   368   843 I VT_INFO : [SRV] [VT THREAD] [VT_IMCB_Thread] start
06-01 00:16:05.118   368   368 I VT_INFO : [SRV] [VT THREAD] VT_Connect end
06-01 00:16:05.119   368   368 W VT_WARN : [SRV] [VTCoreHelper] VTCoreHelper create
06-01 00:16:05.119   368   368 I VT_INFO : [SRV] [OPERATION][ID=1000] VTMALStub (VTMALStub)
06-01 00:16:05.119   368   843 D VT_DEBUG: [SRV] isViLTEon : True
06-01 00:16:05.119   368   368 I VT_INFO : [SRV] [CALL FLOW] create ( : )
06-01 00:16:05.119   368   843 D VT_DEBUG: [SRV] isUT : False
06-01 00:16:05.119   368   368 D VT_DEBUG: [SRV] isViLTEon : True
06-01 00:16:05.119   368   843 E VT_ERROR: [SRV] [VT THREAD] [VT_Bind] des = volte_imsvt1
06-01 00:16:05.119   368   368 W AVSync  : VTAVSync enter!!!
06-01 00:16:05.119   368   368 W AVSync  : open /dev/ccci_imsdc done, fd=7
06-01 00:16:05.119   368   843 E VT_ERROR: [SRV] [VT THREAD] [VT_Bind] des = volte_imsvt1 fd = -1
06-01 00:16:05.119   368   368 W AVSync  : avInit enter
06-01 00:16:05.119   368   843 D VT_DEBUG: [SRV] isIMCBrun : False
06-01 00:16:05.119   368   368 I AVSync  : write to modem done, write len (12)
06-01 00:16:05.119   368   368 I AVSync  : avInit, st 1de6dee5c, int=8, frac=6d8c28b
06-01 00:16:05.119   368   844 I VT_INFO : [SRV] [VT THREAD] [VT_RILD_Thread]  start
06-01 00:16:05.119   368   844 D VT_DEBUG: [SRV] is3GVTon : False
06-01 00:16:05.119   368   368 I SocketBind : VTSocketBind enter!!!
06-01 00:16:05.119   368   368 I SocketBind : open ipc
06-01 00:16:05.119   368   845 W AVSync  : [AVSYNC] downlink_thread() entry
06-01 00:16:05.119   368   845 E AVSync  : g_fd_avsync =7
06-01 00:16:05.119   368   368 W VT_WARN : [SRV] [VTCoreHelper] VTCoreHelper init
06-01 00:16:05.119   368   846 W SocketBind : Listen_thread create
06-01 00:16:05.119   368   846 W SocketBind : will call accpet
06-01 00:16:05.119   368   368 I VT_INFO : [SRV]   [MAP OPERATION]  clearElement ()
06-01 00:16:05.119   368   368 I VT_INFO : [SRV]   [MAP OPERATION]  clearElement ()
06-01 00:16:05.119   368   368 I VT_INFO : [SRV]   [MAP OPERATION]  clearElement ()
06-01 00:16:05.119   368   368 I VT_INFO : [SRV]   [MAP OPERATION]  clearElement ()
06-01 00:16:05.120   368   368 I VT_INFO : [SRV]   [MAP OPERATION]  clearElement ()
06-01 00:16:05.120   368   368 I VT_INFO : [SRV] [CALL FLOW][ID=1000] create (User ID is :  : )
06-01 00:16:05.120   368   368 I         : [VT][SRV]after VTService_instantiate
06-01 00:16:05.120   368   368 D VT_DEBUG: [VT][CLEANUP][S]Start clean bounce thread
06-01 00:16:05.120   368   368 D VT_DEBUG: [VT][CLEANUP][S]Clean bounce thread started
06-01 00:16:05.120   368   847 D VT_DEBUG: [VT][CLEANUP][S]Enter cleanup_bounce_thread
06-01 00:16:05.121   368   847 D VT_DEBUG: [VT][CLEANUP][S]Waiting for client connection
06-01 00:16:05.130   351   351 D MALI    : eglCreateImageKHR:513: [Crop] 0 0 0 0  img[1080 2160] 
06-01 00:16:05.214   351   351 D MALI    : eglCreateImageKHR:513: [Crop] 0 0 0 0  img[1080 2160] 
06-01 00:16:05.253   345   345 D ccci_mdinit(1): modem state 2
06-01 00:16:05.253   345   345 D ccci_mdinit(1): set md status:mtk.md1.status=ready 
06-01 00:16:05.253   345   345 D ccci_mdinit(1): modem ready
06-01 00:16:05.254   345   345 E ccci_lib: CCCI_IOC_SMEM_BASE fail on /dev/ccci_ccb_dhl, err=1
06-01 00:16:05.254   345   345 D ccci_mdinit(1): start all ccci up layer services
06-01 00:16:05.254   345   345 D ccci_mdinit(1): start mdlogger
06-01 00:16:05.254   345   345 I ccci_mdinit(1): start_service init.svc.emdlogger1, but returned 0, maybe has no this property
06-01 00:16:05.254   345   345 I ccci_mdinit(1): wait_for_property() name:init.svc.emdlogger1, desired_value:running, waitmsec:0, loop:1
06-01 00:16:05.254   345   345 I ccci_mdinit(1): wait_for_property() no property of :init.svc.emdlogger1, loop:0
06-01 00:16:05.254   345   345 E ccci_mdinit(1): wait_for_property() failed!name:init.svc.emdlogger1, desired_value:running, waitmsec:0, value:
06-01 00:16:05.254   345   345 D ccci_mdinit(1): Current muxd: gsm0710muxd, rild:ril-daemon-mtk
06-01 00:16:05.254   345   345 I ccci_mdinit(1): start_service init.svc.gsm0710muxd, but returned 0, maybe has no this property
06-01 00:16:05.257   345   345 I ccci_mdinit(1): wait_for_property() name:init.svc.gsm0710muxd, desired_value:running, waitmsec:2000, loop:20
06-01 00:16:05.257   345   345 I ccci_mdinit(1): wait_for_property() no property of :init.svc.gsm0710muxd, loop:19
06-01 00:16:05.281   858   858 I EMDLOGGER1: previous mask value is 077
06-01 00:16:05.281   858   858 D EMDLOGGER1: customized_mode = 0
06-01 00:16:05.281   858   858 I EMDLOGGER1: signal ignore
06-01 00:16:05.284   858   858 D ccci_lib: read info:[modem num]:2
06-01 00:16:05.284   858   858 D ccci_lib: [modem en]:1-0-1-0-0
06-01 00:16:05.284   858   858 D ccci_lib: [EVDO_DT_SUPPORT]:0
06-01 00:16:05.284   858   858 D ccci_lib: [MTK_LTE_DC_SUPPORT]:0
06-01 00:16:05.284   858   858 D ccci_lib: [MTK_ECCCI_C2K]:1
06-01 00:16:05.284   858   858 D ccci_lib: total:96
06-01 00:16:05.284   858   858 D ccci_lib: parse_info name:modem num
06-01 00:16:05.284   858   858 D EMDLOGGER1: getUsbPort
06-01 00:16:05.284   858   858 D EMDLOGGER1: MDLOGGER_USB_FILE exist!
06-01 00:16:05.285   858   858 D EMDLOGGER1: initUSBPortMappingFile get current port is 1
06-01 00:16:05.286   858   858 I EMDLOGGER1: Auto Run com.mediatek.log.modem.enabled = false.
06-01 00:16:05.286   858   858 D EMDLOGGER1: Get auto start mode: 0
06-01 00:16:05.286   858   858 D EMDLOGGER1: getSavedLoggingMode(): mode = 0
06-01 00:16:05.286   858   858 D EMDLOGGER1: MAL_Init
06-01 00:16:05.286   858   858 D EMDLOGGER1: mal_emmcs_mdlog_port /dev/ttyC1
06-01 00:16:05.286   858   858 D EMDLOGGER1: mal_emmcs_mdlog_ctrl_port /dev/ccci_md_log_ctrl
06-01 00:16:05.287   858   858 I EMDLOGGER1: MAL_OnLoggingStart: CTRL reader thread created
06-01 00:16:05.287   858   862 I EMDLOGGER1: mdlog_ctrl_reader_thread started
06-01 00:16:05.287   858   858 D EMDLOGGER1: MAL_OnLoggingStart: Send SPLM_A2M_RESET_SPLM_STATE
06-01 00:16:05.289   858   858 D EMDLOGGER1: MAL_Init: Send SPLM_A2M_QUERY_MD_VERSION
06-01 00:16:05.291   858   858 I EMDLOGGER1: MAL_Control: EN_LOC
06-01 00:16:05.292   858   858 I EMDLOGGER1: MAL_Control: DIS_LOC
06-01 00:16:05.295   858   858 D EMDLOGGER1: Main: getSavedGPSLocationL support_gps_location: 1
06-01 00:16:05.295   858   858 D EMDLOGGER1: Not set property: persist.mtklog.mdlog.mdsilrbt
06-01 00:16:05.295   858   858 E EMDLOGGER1: mSockListenId ok
06-01 00:16:05.295   858   863 D EMDLOGGER1: runListener
06-01 00:16:05.295   858   863 D EMDLOGGER1: mdlogger socket select start
06-01 00:16:05.295   858   858 D EMDLOGGER1: Success to setup socket local server
06-01 00:16:05.295   858   858 D EMDLOGGER1: Normal boot 1
06-01 00:16:05.295   858   858 D EMDLOGGER1: Open servFifoFd FIFO -1
06-01 00:16:05.325   347   347 D ccci_mdinit(3): modem state 2
06-01 00:16:05.325   347   347 D ccci_mdinit(3): set md status:mtk.md3.status=ready 
06-01 00:16:05.325   347   347 D ccci_mdinit(3): set md status:net.cdma.mdmstat=ready 
06-01 00:16:05.326   347   347 D ccci_mdinit(3): modem ready
06-01 00:16:05.326   347   347 D ccci_mdinit(3): start all ccci up layer services
06-01 00:16:05.326   347   347 D ccci_mdinit(3): start mdlogger
06-01 00:16:05.326   347   347 I ccci_mdinit(3): start_service init.svc.emdlogger3, but returned 0, maybe has no this property
06-01 00:16:05.327   347   347 I ccci_mdinit(3): wait_for_property() name:init.svc.emdlogger3, desired_value:running, waitmsec:0, loop:1
06-01 00:16:05.327   347   347 I ccci_mdinit(3): wait_for_property() no property of :init.svc.emdlogger3, loop:0
06-01 00:16:05.327   347   347 E ccci_mdinit(3): wait_for_property() failed!name:init.svc.emdlogger3, desired_value:running, waitmsec:0, value:
06-01 00:16:05.327   347   347 D ccci_mdinit(3): start c2k rild
06-01 00:16:05.327   347   347 I ccci_mdinit(3): start_service init.svc.viarild, but returned 0, maybe has no this property
06-01 00:16:05.329   347   347 I ccci_mdinit(3): wait_for_property() name:init.svc.viarild, desired_value:running, waitmsec:2000, loop:20
06-01 00:16:05.329   347   347 I ccci_mdinit(3): wait_for_property() no property of :init.svc.viarild, loop:19
06-01 00:16:05.332   342   342 E wmt_launcher: get property(persist.mtk.wcn.fwlog.status) failed ret:0
06-01 00:16:05.333   342   342 I wmt_launcher: get property(persist.mtk.wcn.dynamic.dump) is 0
06-01 00:16:05.356   868   868 I EMDLOGGER3: previous mask value is 077
06-01 00:16:05.356   868   868 D EMDLOGGER3: customized_mode = 0
06-01 00:16:05.356   868   868 I EMDLOGGER3: signal ignore
06-01 00:16:05.357   345   345 I ccci_mdinit(1): wait_for_property() ready for name:init.svc.gsm0710muxd, loop:18
06-01 00:16:05.357   345   345 D ccci_mdinit(1): deamon begin to run!
06-01 00:16:05.357   345   345 D ccci_mdinit(1): MD is release version
06-01 00:16:05.360   868   868 D ccci_lib: read info:[modem num]:2
06-01 00:16:05.360   868   868 D ccci_lib: [modem en]:1-0-1-0-0
06-01 00:16:05.360   868   868 D ccci_lib: [EVDO_DT_SUPPORT]:0
06-01 00:16:05.360   868   868 D ccci_lib: [MTK_LTE_DC_SUPPORT]:0
06-01 00:16:05.360   868   868 D ccci_lib: [MTK_ECCCI_C2K]:1
06-01 00:16:05.360   868   868 D ccci_lib: total:96
06-01 00:16:05.360   868   868 D ccci_lib: parse_info name:modem num
06-01 00:16:05.360   868   868 D EMDLOGGER3: getUsbPort
06-01 00:16:05.360   868   868 D EMDLOGGER3: MDLOGGER_USB_FILE exist!
06-01 00:16:05.360   868   868 D EMDLOGGER3: initUSBPortMappingFile get current port is 2
06-01 00:16:05.363   868   868 I EMDLOGGER3: Auto Run com.mediatek.log.modem.enabled = false.
06-01 00:16:05.363   868   868 D EMDLOGGER3: Get auto start mode: 0
06-01 00:16:05.363   868   868 D EMDLOGGER3: getSavedLoggingMode(): mode = 0
06-01 00:16:05.363   868   868 D EMDLOGGER3: MAL_Init
06-01 00:16:05.364   868   868 D EMDLOGGER3: mal_emmcs_mdlog_port /dev/ccci3_tty1
06-01 00:16:05.364   868   868 D EMDLOGGER3: mal_emmcs_mdlog_ctrl_port /dev/ccci3_md_log_ctrl
06-01 00:16:05.364   868   868 I EMDLOGGER3: MAL_OnLoggingStart: CTRL reader thread created
06-01 00:16:05.365   868   873 I EMDLOGGER3: mdlog_ctrl_reader_thread started
06-01 00:16:05.365   868   868 D EMDLOGGER3: MAL_OnLoggingStart: Send SPLM_A2M_RESET_SPLM_STATE
06-01 00:16:05.366   868   868 D EMDLOGGER3: MAL_Init: Send SPLM_A2M_QUERY_MD_VERSION
06-01 00:16:05.367   868   868 I EMDLOGGER3: MAL_Init: MD version is SIXTH.CBP.MD.MP5.V55 11,9,17,16,3
06-01 00:16:05.367   868   868 I EMDLOGGER3: MAL_Control: EN_LOC
06-01 00:16:05.367   868   868 D EMDLOGGER3: Main: getSavedGPSLocationL support_gps_location: 0
06-01 00:16:05.367   868   868 D EMDLOGGER3: Not set property: persist.mtklog.mdlog.mdsilrbt
