06-01 00:16:18.909  1108  1108 D Atlas   : [SystemAtlasManager] *** $$ ** $$ ** ** ** CONSTRUCTOR ** ** ** $$ ** $$ ***
06-01 00:16:18.920  1108  1108 D Atlas   : [LowMemoryManager] MEMORY_AVAILABLE_PERCENT_LOW = 25
06-01 00:16:18.920  1108  1108 D Atlas   : [LowMemoryManager] MEMORY_AVAILABLE_PERCENT_HIGH = 35
06-01 00:16:18.945  1108  1108 D AppOps  : AppOpsService published
06-01 00:16:18.947  1108  1108 D PowerGuru: [PowerGuruService] *** $$ ** $$ ** ** ** CONSTRUCTOR ** ** ** $$ ** $$ ***
06-01 00:16:18.999   351   598 I BufferQueueProducer: [BootAnimation](this:0x7382f93800,id:1,api:1,p:762,c:351) queueBuffer: fps=4.34 dur=1152.72 max=243.78 min=216.22
06-01 00:16:19.004   351   351 I DisplayDevice: [Built-in Screen (type:0)] fps:4.346837,dur:1150.26,max:242.07,min:216.73
06-01 00:16:19.011  1108  1108 I ANRManager: prepareStackTraceFile: /data/anr/mtk_traces.txt
06-01 00:16:19.013  1108  1108 I ANRManager: prepareStackTraceFile: /data/anr/traces.txt
06-01 00:16:19.013  1108  1108 I ANRManager: prepareStackTraceFile: /data/anr/native1.txt
06-01 00:16:19.013  1108  1108 I ANRManager: prepareStackTraceFile: /data/anr/native2.txt
06-01 00:16:19.015  1108  1108 I SELinux : SELinux: Loaded file_contexts contexts from /file_contexts.bin.
06-01 00:16:19.017  1108  1108 I SystemServiceManager: Starting com.android.server.power.PowerManagerService
06-01 00:16:19.023  1108  1108 W libsuspend: Error writing 'on' to /sys/power/state: Invalid argument
06-01 00:16:19.023  1108  1108 I libsuspend: Selected wakeup count
06-01 00:16:19.024  1108  1108 I libsuspend: Selected wakeup source debugger
06-01 00:16:19.031  1108  1108 I SystemServiceManager: Starting com.android.server.lights.LightsService
06-01 00:16:19.039  1108  1108 I SystemServiceManager: Starting com.android.server.display.DisplayManagerService
06-01 00:16:19.049  1108  1108 I SystemServiceManager: Starting phase 100
06-01 00:16:19.053   351   592 I SurfaceFlinger: EventThread Client Pid (1108) created
06-01 00:16:19.053   351   592 I SurfaceFlinger: EventThread Client Pid (1108) created
06-01 00:16:19.057  1108  1108 D DisplayManagerService: waitForDefaultDisplay: waiting, timeout=10000
06-01 00:16:19.059  1108  1275 I DisplayManagerService: Display device added: DisplayDeviceInfo{"": uniqueId="local:0", 1080 x 2160, modeId 1, defaultModeId 1, supportedModes [{id=1, width=1080, height=2160, fps=59.99}], colorMode 0, supportedColorModes [0], HdrCapabilities android.view.Display$HdrCapabilities@a69d6308, density 480, 480.0 x 480.0 dpi, appVsyncOff 8300000, presDeadline 9369444, touch INTERNAL, rotation 0, type BUILT_IN, state UNKNOWN, FLAG_DEFAULT_DISPLAY, FLAG_ROTATES_WITH_CONTENT, FLAG_SECURE, FLAG_SUPPORTS_PROTECTED_BUFFERS}
06-01 00:16:19.061  1108  1275 D LocalDisplayAdapter: setDisplayState(id=0, state=ON)
06-01 00:16:19.061   351   351 D SurfaceFlinger: Set power mode=2, type=0 flinger=0x738624c000
06-01 00:16:19.061   351   351 D SurfaceFlinger: Screen type=0 is already mode=2
06-01 00:16:19.079  1108  1275 D LocalDisplayAdapter: setDisplayBrightness(id=0, brightness=102)
06-01 00:16:19.079  1108  1275 D lights  : write_int open fd=74
06-01 00:16:19.079   366   577 D PQ      : [PQ_SERVICE] onBacklightChanged    0--> 409
06-01 00:16:19.079   366   577 D PQ      : [PQ_SERVICE] chameleon is enable(1)
06-01 00:16:19.079   366   577 D PQ      : ccorr table index=0
06-01 00:16:19.080  1108  1275 D DisplayManagerService: Delivering display event: displayId=0, event=1
06-01 00:16:19.080  1108  1275 I DisplayManagerService: Display device changed state: "", ON
06-01 00:16:19.082  1108  1275 D DisplayManagerService: Delivering display event: displayId=0, event=2
06-01 00:16:19.082  1108  1108 I SystemServer: StartPackageManagerService
06-01 00:16:19.160  1108  1108 W SystemConfig: No directory /system/etc/sysconfig, skipping
06-01 00:16:19.177   366   577 D PQ      : [PQ_SERVICE] setPQParamWithFilter configFlag: 1
06-01 00:16:19.177   366   577 D PQ      : ccorr table index=0
06-01 00:16:19.178   366   577 D PQ      : [PQ_SERVICE] setPQParamWithFilter configFlag: 1
06-01 00:16:19.226  1108  1108 D SELinuxMMAC: Using policy file /system/etc/security/mac_permissions.xml
06-01 00:16:19.344   342   342 I wmt_launcher: fw log ctrl flag has been set
06-01 00:16:19.345   342   342 I wmt_launcher: fw dynamic ctrl flag has been set
06-01 00:16:19.521  1108  1108 E art     : DexFile_getDexOptNeeded file '/system/framework/org.apache.http.legacy.jar' does not exist
06-01 00:16:19.522  1108  1108 W PackageManager: Library not found: /system/framework/org.apache.http.legacy.jar
06-01 00:16:19.538  1108  1108 E art     : DexFile_getDexOptNeeded file '/system/framework/org.apache.http.legacy.jar' does not exist
06-01 00:16:19.538  1108  1108 W PackageManager: Library not found: /system/framework/org.apache.http.legacy.jar
06-01 00:16:19.549  1108  1108 D PackageManager: Parsing: /vendor/overlay/Baidu_Location__auto_generated_rro
06-01 00:16:19.559  1108  1108 D PackageManager: Parsing: /vendor/overlay/DuraSpeed__auto_generated_rro
06-01 00:16:19.567  1108  1108 D PackageManager: Parsing: /vendor/overlay/Ecalendar__auto_generated_rro
06-01 00:16:19.573  1108  1108 D PackageManager: Parsing: /vendor/overlay/FreemeConfigProvider__auto_generated_rro
06-01 00:16:19.580  1108  1108 D PackageManager: Parsing: /vendor/overlay/FreemeLiteCustom
06-01 00:16:19.589  1108  1108 D PackageManager: Parsing: /vendor/overlay/FreemeManager__auto_generated_rro
06-01 00:16:19.596  1108  1108 D PackageManager: Parsing: /vendor/overlay/FreemeOTA-RRO
06-01 00:16:19.603  1108  1108 D PackageManager: Parsing: /vendor/overlay/MiguMusic__auto_generated_rro
06-01 00:16:19.610  1108  1108 D PackageManager: Parsing: /vendor/overlay/SecurityInstallerOverlay
06-01 00:16:19.617  1108  1108 D PackageManager: Parsing: /vendor/overlay/Weather2345__auto_generated_rro
06-01 00:16:19.624  1108  1108 D PackageManager: No files in app dir /custom/framework
06-01 00:16:19.625  1108  1108 D PackageManager: Parsing: /system/framework/framework-res.apk
06-01 00:16:19.664  1108  1108 D PackageManager: Parsing: /system/framework/freeme-framework-res.apk
06-01 00:16:19.671  1108  1108 D PackageManager: Parsing: /vendor/framework/mediatek-res
06-01 00:16:19.680  1108  1108 W PackageManager: Permission android.permission.GLOBAL_SEARCH from package com.mediatek in an unknown group android.permission-group.SYSTEM_TOOLS
06-01 00:16:19.680  1108  1108 W PackageManager: Permission android.permission.GLOBAL_SEARCH_CONTROL from package com.mediatek in an unknown group android.permission-group.SYSTEM_TOOLS
06-01 00:16:19.680  1108  1108 W PackageManager: Permission android.permission.SET_WALLPAPER_COMPONENT from package com.mediatek in an unknown group android.permission-group.SYSTEM_TOOLS
06-01 00:16:19.680  1108  1108 W PackageManager: Permission com.mediatek.permission.WAKE_DEVICE_SENSORHUB from package com.mediatek in an unknown group android.permission-group.AFFECTS_BATTERY
06-01 00:16:19.681  1108  1108 D PackageManager: Parsing: /system/priv-app/BackupRestoreConfirmation
06-01 00:16:19.689  1108  1108 D PackageManager: Parsing: /system/priv-app/BlockedNumberProvider
06-01 00:16:19.698  1108  1108 D PackageManager: Parsing: /system/priv-app/CalendarProvider
06-01 00:16:19.709  1108  1108 D PackageManager: Parsing: /system/priv-app/CallLogBackup
06-01 00:16:19.716  1108  1108 D PackageManager: Parsing: /system/priv-app/CameraChildrenMode
06-01 00:16:19.725  1108  1108 D PackageManager: Parsing: /system/priv-app/CameraLargeMode
06-01 00:16:19.735  1108  1108 D PackageManager: Parsing: /system/priv-app/CameraPoseMode
06-01 00:16:19.744  1108  1108 D PackageManager: Parsing: /system/priv-app/CameraQrCodeScan
06-01 00:16:19.752  1108  1108 D PackageManager: Parsing: /system/priv-app/CameraWatermarkMode
06-01 00:16:19.761  1108  1108 D PackageManager: Parsing: /system/priv-app/CarrierConfig
06-01 00:16:19.769  1108  1108 D PackageManager: Parsing: /system/priv-app/Contacts
06-01 00:16:19.795  1108  1108 W PackageParser: No actions in intent filter at /system/priv-app/Contacts/Contacts.apk Binary XML file line #378
06-01 00:16:19.797  1108  1108 W PackageParser: No actions in intent filter at /system/priv-app/Contacts/Contacts.apk Binary XML file line #531
06-01 00:16:19.797  1108  1108 W PackageParser: No actions in intent filter at /system/priv-app/Contacts/Contacts.apk Binary XML file line #537
06-01 00:16:19.801  1108  1108 D PackageManager: Parsing: /system/priv-app/ContactsProvider
06-01 00:16:19.811  1108  1108 D PackageManager: Parsing: /system/priv-app/CtsShimPrivPrebuilt
06-01 00:16:19.819  1108  1108 D PackageManager: Parsing: /system/priv-app/DefaultContainerService
06-01 00:16:19.827  1108  1108 D PackageManager: Parsing: /system/priv-app/Dialer
06-01 00:16:19.857  1108  1108 W PackageParser: No actions in intent filter at /system/priv-app/Dialer/Dialer.apk Binary XML file line #162
06-01 00:16:19.864  1108  1108 D PackageManager: Parsing: /system/priv-app/DocumentsUI
06-01 00:16:19.879  1108  1108 D PackageManager: Parsing: /system/priv-app/DownloadProvider
06-01 00:16:19.890  1108  1108 W PackageManager: Permission android.permission.DOWNLOAD_WITHOUT_NOTIFICATION from package com.android.providers.downloads in an unknown group android.permission-group.NETWORK
06-01 00:16:19.891  1108  1108 D PackageManager: Parsing: /system/priv-app/DroiMarket
06-01 00:16:19.911  1108  1108 W PackageParser: No actions in intent filter at /system/priv-app/DroiMarket/DroiMarket.apk Binary XML file line #950
06-01 00:16:19.911  1108  1108 W PackageParser: No actions in intent filter at /system/priv-app/DroiMarket/DroiMarket.apk Binary XML file line #1000
06-01 00:16:19.912  1108  1108 W PackageParser: No actions in intent filter at /system/priv-app/DroiMarket/DroiMarket.apk Binary XML file line #1007
06-01 00:16:19.912  1108  1108 W PackageParser: No actions in intent filter at /system/priv-app/DroiMarket/DroiMarket.apk Binary XML file line #1012
06-01 00:16:19.912  1108  1108 W PackageParser: No actions in intent filter at /system/priv-app/DroiMarket/DroiMarket.apk Binary XML file line #1017
06-01 00:16:19.912  1108  1108 W PackageParser: No actions in intent filter at /system/priv-app/DroiMarket/DroiMarket.apk Binary XML file line #1022
06-01 00:16:19.919  1108  1108 D PackageManager: Parsing: /system/priv-app/EmergencyInfo
06-01 00:16:19.937  1108  1108 D PackageManager: Parsing: /system/priv-app/ExtServices
06-01 00:16:19.944  1108  1108 D PackageManager: Parsing: /system/priv-app/ExternalStorageProvider
06-01 00:16:19.952  1108  1108 D PackageManager: Parsing: /system/priv-app/FreemeCamera
06-01 00:16:19.980  1108  1108 D PackageManager: Parsing: /system/priv-app/FreemeConfigProvider
06-01 00:16:20.029  1285  1285 W ResourceType: CREATING STRING CACHE OF 256 bytes
06-01 00:16:20.032  1108  1108 D PackageManager: Parsing: /system/priv-app/FreemeFaceServiceSimple
06-01 00:16:20.045  1108  1108 D PackageManager: Parsing: /system/priv-app/FreemeGallery
06-01 00:16:20.082  1108  1108 D PackageManager: Parsing: /system/priv-app/FreemeHongbaoAssistant
06-01 00:16:20.091  1108  1108 D PackageManager: Parsing: /system/priv-app/FreemeLiteOverride
06-01 00:16:20.111  1108  1108 W PackageParser: Unknown element under <manifest>: meta-data at /system/priv-app/FreemeLiteOverride/FreemeLiteOverride.apk Binary XML file line #118
06-01 00:16:20.116  1108  1108 W PackageParser: No actions in intent filter at /system/priv-app/FreemeLiteOverride/FreemeLiteOverride.apk Binary XML file line #874
06-01 00:16:20.121   368   843 E VT_ERROR: [SRV] [VT THREAD] [VT_Bind] des = volte_imsvt1 Fail to connect . retry count: 5
06-01 00:16:20.122   368   843 D VT_DEBUG: [SRV] isIMCBrun : False
06-01 00:16:20.124  1108  1108 W PackageManager: Permission com.android.launcher.permission.INSTALL_SHORTCUT from package com.freeme.freemelite.odm in an unknown group android.permission-group.SYSTEM_TOOLS
06-01 00:16:20.124  1108  1108 W PackageManager: Permission com.android.launcher.permission.UNINSTALL_SHORTCUT from package com.freeme.freemelite.odm in an unknown group android.permission-group.SYSTEM_TOOLS
06-01 00:16:20.124  1108  1108 W PackageManager: Permission com.freeme.launcher.permission.READ_SETTINGS from package com.freeme.freemelite.odm in an unknown group android.permission-group.SYSTEM_TOOLS
06-01 00:16:20.124  1108  1108 W PackageManager: Permission com.freeme.launcher.permission.WRITE_SETTINGS from package com.freeme.freemelite.odm in an unknown group android.permission-group.SYSTEM_TOOLS
06-01 00:16:20.158   351   592 I BufferQueueProducer: [BootAnimation](this:0x7382f93800,id:1,api:1,p:762,c:351) queueBuffer: fps=4.31 dur=1159.31 max=243.91 min=219.43
06-01 00:16:20.165  1286  1286 W ResourceType: CREATING STRING CACHE OF 128 bytes
06-01 00:16:20.166  1286  1286 W ResourceType: CREATING STRING CACHE OF 42112 bytes
06-01 00:16:20.171   351   351 I DisplayDevice: [Built-in Screen (type:0)] fps:4.283919,dur:1167.16,max:233.59,min:233.19
06-01 00:16:20.200  1108  1108 D PackageManager: Parsing: /system/priv-app/FreemeManager
06-01 00:16:20.251   395   395 E         : idmap failed, status=0x0100
06-01 00:16:20.251  1108  1108 E PackageManager: Failed to generate idmap for /system/priv-app/FreemeManager/FreemeManager.apk and /vendor/overlay/FreemeManager__auto_generated_rro/FreemeManager__auto_generated_rro.apk
06-01 00:16:20.252  1108  1108 D PackageManager: Parsing: /system/priv-app/FreemeMusic
06-01 00:16:20.265  1108  1108 W PackageParser: Ignoring duplicate uses-permissions/uses-permissions-sdk-m: android.permission.WRITE_SETTINGS in package: com.freeme.music at: Binary XML file line #50
06-01 00:16:20.272  1108  1108 D PackageManager: Parsing: /system/priv-app/FreemeOneHand
06-01 00:16:20.282  1108  1108 D PackageManager: Parsing: /system/priv-app/FreemePrivateNewsPage
06-01 00:16:20.294  1108  1108 W PackageParser: Unknown element under <manifest>: meta-data at /system/priv-app/FreemePrivateNewsPage/FreemePrivateNewsPage.apk Binary XML file line #47
06-01 00:16:20.298  1108  1108 W PackageParser: Problem in package /system/priv-app/FreemePrivateNewsPage/FreemePrivateNewsPage.apk:
06-01 00:16:20.298  1108  1108 W PackageParser: Unknown element under <activity>: action at /system/priv-app/FreemePrivateNewsPage/FreemePrivateNewsPage.apk Binary XML file line #519
06-01 00:16:20.298  1108  1108 W PackageParser: Problem in package /system/priv-app/FreemePrivateNewsPage/FreemePrivateNewsPage.apk:
06-01 00:16:20.298  1108  1108 W PackageParser: Unknown element under <activity>: action at /system/priv-app/FreemePrivateNewsPage/FreemePrivateNewsPage.apk Binary XML file line #520
06-01 00:16:20.298  1108  1108 W PackageParser: Problem in package /system/priv-app/FreemePrivateNewsPage/FreemePrivateNewsPage.apk:
06-01 00:16:20.298  1108  1108 W PackageParser: Unknown element under <activity>: category at /system/priv-app/FreemePrivateNewsPage/FreemePrivateNewsPage.apk Binary XML file line #522
06-01 00:16:20.302  1108  1108 D PackageManager: Parsing: /system/priv-app/FreemeSettings
06-01 00:16:20.352  1108  1108 W PackageParser: Ignoring duplicate uses-permissions/uses-permissions-sdk-m: android.permission.USE_CREDENTIALS in package: com.android.settings at: Binary XML file line #49
06-01 00:16:20.352  1108  1108 W PackageParser: Ignoring duplicate uses-permissions/uses-permissions-sdk-m: android.permission.READ_SYNC_SETTINGS in package: com.android.settings at: Binary XML file line #54
06-01 00:16:20.352  1108  1108 W PackageParser: Ignoring duplicate uses-permissions/uses-permissions-sdk-m: android.permission.WRITE_SYNC_SETTINGS in package: com.android.settings at: Binary XML file line #55
06-01 00:16:20.388  1108  1108 D PackageManager: Parsing: /system/priv-app/FreemeSoundRecorder
06-01 00:16:20.402  1108  1108 D PackageManager: Parsing: /system/priv-app/FreemeSuperShot
06-01 00:16:20.415  1108  1108 D PackageManager: Parsing: /system/priv-app/FreemeSystemUI
06-01 00:16:20.442  1108  1108 W PackageParser: Ignoring duplicate uses-permissions/uses-permissions-sdk-m: android.permission.CONFIGURE_WIFI_DISPLAY in package: com.android.systemui at: Binary XML file line #119
06-01 00:16:20.454  1108  1108 D PackageManager: Parsing: /system/priv-app/FreemeVideo
06-01 00:16:20.470  1108  1108 D PackageManager: Parsing: /system/priv-app/FreemeXiaoYing
06-01 00:16:20.480  1108  1108 W PackageParser: Ignoring duplicate uses-permissions/uses-permissions-sdk-m: android.permission.VIBRATE in package: com.freeme.os.home at: Binary XML file line #31
06-01 00:16:20.481  1108  1108 W PackageParser: Ignoring duplicate uses-permissions/uses-permissions-sdk-m: android.permission.MOUNT_UNMOUNT_FILESYSTEMS in package: com.freeme.os.home at: Binary XML file line #35
06-01 00:16:20.481  1108  1108 W PackageParser: Ignoring duplicate uses-permissions/uses-permissions-sdk-m: android.permission.CHANGE_WIFI_STATE in package: com.freeme.os.home at: Binary XML file line #38
06-01 00:16:20.481  1108  1108 W PackageParser: Ignoring duplicate uses-permissions/uses-permissions-sdk-m: android.permission.WRITE_SETTINGS in package: com.freeme.os.home at: Binary XML file line #42
06-01 00:16:20.495  1108  1108 D PackageManager: Parsing: /system/priv-app/FusedLocation
06-01 00:16:20.503  1108  1108 D PackageManager: Parsing: /system/priv-app/InputDevices
06-01 00:16:20.512  1108  1108 D PackageManager: Parsing: /system/priv-app/ManagedProvisioning
06-01 00:16:20.524  1108  1108 D PackageManager: Parsing: /system/priv-app/MediaProvider
06-01 00:16:20.533  1108  1108 D PackageManager: Parsing: /system/priv-app/MmsService
06-01 00:16:20.541  1108  1108 D PackageManager: Parsing: /system/priv-app/MtpDocumentsProvider
06-01 00:16:20.550  1108  1108 D PackageManager: Parsing: /system/priv-app/OneTimeInitializer
06-01 00:16:20.556  1108  1108 D PackageManager: Parsing: /system/priv-app/PackageInstaller
06-01 00:16:20.577  1108  1108 D PackageManager: Parsing: /system/priv-app/Provision
06-01 00:16:20.584  1108  1108 D PackageManager: Parsing: /system/priv-app/ProxyHandler
06-01 00:16:20.591  1108  1108 D PackageManager: Parsing: /system/priv-app/SSAssist
06-01 00:16:20.656  1288  1288 W ResourceType: CREATING STRING CACHE OF 14784 bytes
06-01 00:16:20.666  1108  1108 D PackageManager: Parsing: /system/priv-app/Security
06-01 00:16:20.680  1108  1108 W PackageParser: Ignoring duplicate uses-permissions/uses-permissions-sdk-m: android.permission.READ_SYNC_SETTINGS in package: com.zhuoyi.security.lite at: Binary XML file line #33
06-01 00:16:20.680  1108  1108 W PackageParser: Ignoring duplicate uses-permissions/uses-permissions-sdk-m: android.permission.SYSTEM_ALERT_WINDOW in package: com.zhuoyi.security.lite at: Binary XML file line #45
06-01 00:16:20.680  1108  1108 W PackageParser: Ignoring duplicate uses-permissions/uses-permissions-sdk-m: android.permission.READ_CONTACTS in package: com.zhuoyi.security.lite at: Binary XML file line #69
06-01 00:16:20.680  1108  1108 W PackageParser: Ignoring duplicate uses-permissions/uses-permissions-sdk-m: android.permission.WRITE_CONTACTS in package: com.zhuoyi.security.lite at: Binary XML file line #70
06-01 00:16:20.680  1108  1108 W PackageParser: Ignoring duplicate uses-permissions/uses-permissions-sdk-m: android.permission.ACCESS_COARSE_LOCATION in package: com.zhuoyi.security.lite at: Binary XML file line #72
06-01 00:16:20.680  1108  1108 W PackageParser: Ignoring duplicate uses-permissions/uses-permissions-sdk-m: android.permission.ACCESS_FINE_LOCATION in package: com.zhuoyi.security.lite at: Binary XML file line #73
06-01 00:16:20.681  1108  1108 W PackageParser: Ignoring duplicate uses-permissions/uses-permissions-sdk-m: android.permission.READ_PHONE_STATE in package: com.zhuoyi.security.lite at: Binary XML file line #75
06-01 00:16:20.681  1108  1108 W PackageParser: Ignoring duplicate uses-permissions/uses-permissions-sdk-m: android.permission.READ_CALL_LOG in package: com.zhuoyi.security.lite at: Binary XML file line #76
06-01 00:16:20.681  1108  1108 W PackageParser: Ignoring duplicate uses-permissions/uses-permissions-sdk-m: android.permission.WRITE_CALL_LOG in package: com.zhuoyi.security.lite at: Binary XML file line #77
06-01 00:16:20.681  1108  1108 W PackageParser: Ignoring duplicate uses-permissions/uses-permissions-sdk-m: android.permission.PROCESS_OUTGOING_CALLS in package: com.zhuoyi.security.lite at: Binary XML file line #80
06-01 00:16:20.681  1108  1108 W PackageParser: Ignoring duplicate uses-permissions/uses-permissions-sdk-m: android.permission.SEND_SMS in package: com.zhuoyi.security.lite at: Binary XML file line #82
06-01 00:16:20.681  1108  1108 W PackageParser: Ignoring duplicate uses-permissions/uses-permissions-sdk-m: android.permission.RECEIVE_SMS in package: com.zhuoyi.security.lite at: Binary XML file line #83
06-01 00:16:20.681  1108  1108 W PackageParser: Ignoring duplicate uses-permissions/uses-permissions-sdk-m: android.permission.READ_SMS in package: com.zhuoyi.security.lite at: Binary XML file line #84
06-01 00:16:20.682  1108  1108 W PackageParser: Ignoring duplicate uses-permissions/uses-permissions-sdk-m: android.permission.SYSTEM_ALERT_WINDOW in package: com.zhuoyi.security.lite at: Binary XML file line #150
06-01 00:16:20.682  1108  1108 W PackageParser: Ignoring duplicate uses-permissions/uses-permissions-sdk-m: android.permission.SET_ANIMATION_SCALE in package: com.zhuoyi.security.lite at: Binary XML file line #156
06-01 00:16:20.682  1108  1108 W PackageParser: Ignoring duplicate uses-permissions/uses-permissions-sdk-m: android.permission.MOUNT_UNMOUNT_FILESYSTEMS in package: com.zhuoyi.security.lite at: Binary XML file line #157
06-01 00:16:20.682  1108  1108 W PackageParser: Ignoring duplicate uses-permissions/uses-permissions-sdk-m: android.permission.CLEAR_APP_CACHE in package: com.zhuoyi.security.lite at: Binary XML file line #160
06-01 00:16:20.682  1108  1108 W PackageParser: Ignoring duplicate uses-permissions/uses-permissions-sdk-m: android.permission.READ_LOGS in package: com.zhuoyi.security.lite at: Binary XML file line #167
06-01 00:16:20.682  1108  1108 W PackageParser: Ignoring duplicate uses-permissions/uses-permissions-sdk-m: android.permission.UPDATE_APP_OPS_STATS in package: com.zhuoyi.security.lite at: Binary XML file line #176
06-01 00:16:20.683  1108  1108 W PackageParser: Ignoring duplicate uses-permissions/uses-permissions-sdk-m: android.permission.BATTERY_STATS in package: com.zhuoyi.security.lite at: Binary XML file line #211
06-01 00:16:20.683  1108  1108 W PackageParser: Ignoring duplicate uses-permissions/uses-permissions-sdk-m: android.permission.GET_TASKS in package: com.zhuoyi.security.lite at: Binary XML file line #253
06-01 00:16:20.683  1108  1108 W PackageParser: Ignoring duplicate uses-permissions/uses-permissions-sdk-m: android.permission.REAL_GET_TASKS in package: com.zhuoyi.security.lite at: Binary XML file line #254
06-01 00:16:20.683  1108  1108 W PackageParser: Ignoring duplicate uses-permissions/uses-permissions-sdk-m: android.permission.READ_PHONE_STATE in package: com.zhuoyi.security.lite at: Binary XML file line #255
06-01 00:16:20.684  1108  1108 W PackageParser: Ignoring duplicate uses-permissions/uses-permissions-sdk-m: android.permission.INTERNET in package: com.zhuoyi.security.lite at: Binary XML file line #256
06-01 00:16:20.684  1108  1108 W PackageParser: Ignoring duplicate uses-permissions/uses-permissions-sdk-m: android.permission.UPDATE_APP_OPS_STATS in package: com.zhuoyi.security.lite at: Binary XML file line #257
06-01 00:16:20.684  1108  1108 W PackageParser: Ignoring duplicate uses-permissions/uses-permissions-sdk-m: android.permission.ACCESS_NETWORK_STATE in package: com.zhuoyi.security.lite at: Binary XML file line #258
06-01 00:16:20.684  1108  1108 W PackageParser: Ignoring duplicate uses-permissions/uses-permissions-sdk-m: android.permission.RECEIVE_BOOT_COMPLETED in package: com.zhuoyi.security.lite at: Binary XML file line #261
06-01 00:16:20.684  1108  1108 W PackageParser: Ignoring duplicate uses-permissions/uses-permissions-sdk-m: android.permission.READ_CONTACTS in package: com.zhuoyi.security.lite at: Binary XML file line #262
06-01 00:16:20.684  1108  1108 W PackageParser: Ignoring duplicate uses-permissions/uses-permissions-sdk-m: android.permission.WRITE_CONTACTS in package: com.zhuoyi.security.lite at: Binary XML file line #263
06-01 00:16:20.684  1108  1108 W PackageParser: Ignoring duplicate uses-permissions/uses-permissions-sdk-m: android.permission.RECEIVE_SMS in package: com.zhuoyi.security.lite at: Binary XML file line #264
06-01 00:16:20.684  1108  1108 W PackageParser: Ignoring duplicate uses-permissions/uses-permissions-sdk-m: android.permission.RECEIVE_MMS in package: com.zhuoyi.security.lite at: Binary XML file line #265
06-01 00:16:20.684  1108  1108 W PackageParser: Ignoring duplicate uses-permissions/uses-permissions-sdk-m: android.permission.READ_SMS in package: com.zhuoyi.security.lite at: Binary XML file line #266
06-01 00:16:20.684  1108  1108 W PackageParser: Ignoring duplicate uses-permissions/uses-permissions-sdk-m: android.permission.READ_MMS in package: com.zhuoyi.security.lite at: Binary XML file line #267
06-01 00:16:20.684  1108  1108 W PackageParser: Ignoring duplicate uses-permissions/uses-permissions-sdk-m: android.permission.WRITE_SMS in package: com.zhuoyi.security.lite at: Binary XML file line #268
06-01 00:16:20.684  1108  1108 W PackageParser: Ignoring duplicate uses-permissions/uses-permissions-sdk-m: android.permission.RECEIVE_WAP_PUSH in package: com.zhuoyi.security.lite at: Binary XML file line #269
06-01 00:16:20.684  1108  1108 W PackageParser: Ignoring duplicate uses-permissions/uses-permissions-sdk-m: android.permission.CALL_PHONE in package: com.zhuoyi.security.lite at: Binary XML file line #273
06-01 00:16:20.684  1108  1108 W PackageParser: Ignoring duplicate uses-permissions/uses-permissions-sdk-m: android.permission.WRITE_SETTINGS in package: com.zhuoyi.security.lite at: Binary XML file line #276
06-01 00:16:20.684  1108  1108 W PackageParser: Ignoring duplicate uses-permissions/uses-permissions-sdk-m: android.permission.SET_ANIMATION_SCALE in package: com.zhuoyi.security.lite at: Binary XML file line #277
06-01 00:16:20.684  1108  1108 W PackageParser: Ignoring duplicate uses-permissions/uses-permissions-sdk-m: android.permission.WRITE_SYNC_SETTINGS in package: com.zhuoyi.security.lite at: Binary XML file line #278
06-01 00:16:20.684  1108  1108 W PackageParser: Ignoring duplicate uses-permissions/uses-permissions-sdk-m: android.permission.VIBRATE in package: com.zhuoyi.security.lite at: Binary XML file line #279
06-01 00:16:20.684  1108  1108 W PackageParser: Ignoring duplicate uses-permissions/uses-permissions-sdk-m: android.permission.BLUETOOTH in package: com.zhuoyi.security.lite at: Binary XML file line #280
06-01 00:16:20.684  1108  1108 W PackageParser: Ignoring duplicate uses-permissions/uses-permissions-sdk-m: android.permission.BLUETOOTH_ADMIN in package: com.zhuoyi.security.lite at: Binary XML file line #281
06-01 00:16:20.684  1108  1108 W PackageParser: Ignoring duplicate uses-permissions/uses-permissions-sdk-m: android.permission.PROCESS_OUTGOING_CALLS in package: com.zhuoyi.security.lite at: Binary XML file line #284
06-01 00:16:20.684  1108  1108 W PackageParser: Ignoring duplicate uses-permissions/uses-permissions-sdk-m: android.permission.SEND_SMS in package: com.zhuoyi.security.lite at: Binary XML file line #287
06-01 00:16:20.684  1108  1108 W PackageParser: Ignoring duplicate uses-permissions/uses-permissions-sdk-m: android.permission.ACCESS_WIFI_STATE in package: com.zhuoyi.security.lite at: Binary XML file line #290
06-01 00:16:20.684  1108  1108 W PackageParser: Ignoring duplicate uses-permissions/uses-permissions-sdk-m: android.permission.CHANGE_WIFI_STATE in package: com.zhuoyi.security.lite at: Binary XML file line #291
06-01 00:16:20.684  1108  1108 W PackageParser: Ignoring duplicate uses-permissions/uses-permissions-sdk-m: android.permission.ACCESS_NETWORK_STATE in package: com.zhuoyi.security.lite at: Binary XML file line #294
06-01 00:16:20.684  1108  1108 W PackageParser: Ignoring duplicate uses-permissions/uses-permissions-sdk-m: android.permission.CHANGE_NETWORK_STATE in package: com.zhuoyi.security.lite at: Binary XML file line #295
06-01 00:16:20.684  1108  1108 W PackageParser: Ignoring duplicate uses-permissions/uses-permissions-sdk-m: android.permission.GET_TASKS in package: com.zhuoyi.security.lite at: Binary XML file line #298
06-01 00:16:20.684  1108  1108 W PackageParser: Ignoring duplicate uses-permissions/uses-permissions-sdk-m: android.permission.REAL_GET_TASKS in package: com.zhuoyi.security.lite at: Binary XML file line #299
06-01 00:16:20.684  1108  1108 W PackageParser: Ignoring duplicate uses-permissions/uses-permissions-sdk-m: android.permission.RESTART_PACKAGES in package: com.zhuoyi.security.lite at: Binary XML file line #300
06-01 00:16:20.684  1108  1108 W PackageParser: Ignoring duplicate uses-permissions/uses-permissions-sdk-m: android.permission.GET_PACKAGE_SIZE in package: com.zhuoyi.security.lite at: Binary XML file line #301
06-01 00:16:20.684  1108  1108 W PackageParser: Ignoring duplicate uses-permissions/uses-permissions-sdk-m: android.permission.CLEAR_APP_CACHE in package: com.zhuoyi.security.lite at: Binary XML file line #302
06-01 00:16:20.685  1108  1108 W PackageParser: Ignoring duplicate uses-permissions/uses-permissions-sdk-m: android.permission.WRITE_EXTERNAL_STORAGE in package: com.zhuoyi.security.lite at: Binary XML file line #305
06-01 00:16:20.685  1108  1108 W PackageParser: Ignoring duplicate uses-permissions/uses-permissions-sdk-m: android.permission.MOUNT_UNMOUNT_FILESYSTEMS in package: com.zhuoyi.security.lite at: Binary XML file line #306
06-01 00:16:20.685  1108  1108 W PackageParser: Ignoring duplicate uses-permissions/uses-permissions-sdk-m: android.permission.ACCESS_COARSE_LOCATION in package: com.zhuoyi.security.lite at: Binary XML file line #309
06-01 00:16:20.685  1108  1108 W PackageParser: Ignoring duplicate uses-permissions/uses-permissions-sdk-m: android.permission.INTERNET in package: com.zhuoyi.security.lite at: Binary XML file line #312
06-01 00:16:20.685  1108  1108 W PackageParser: Ignoring duplicate uses-permissions/uses-permissions-sdk-m: android.permission.ACCESS_WIFI_STATE in package: com.zhuoyi.security.lite at: Binary XML file line #313
06-01 00:16:20.685  1108  1108 W PackageParser: Ignoring duplicate uses-permissions/uses-permissions-sdk-m: android.permission.ACCESS_NETWORK_STATE in package: com.zhuoyi.security.lite at: Binary XML file line #314
06-01 00:16:20.685  1108  1108 W PackageParser: Ignoring duplicate uses-permissions/uses-permissions-sdk-m: android.permission.ACCESS_NETWORK_STATE in package: com.zhuoyi.security.lite at: Binary XML file line #317
06-01 00:16:20.685  1108  1108 W PackageParser: Ignoring duplicate uses-permissions/uses-permissions-sdk-m: android.permission.CHANGE_NETWORK_STATE in package: com.zhuoyi.security.lite at: Binary XML file line #318
06-01 00:16:20.685  1108  1108 W PackageParser: Ignoring duplicate uses-permissions/uses-permissions-sdk-m: android.permission.ACCESS_WIFI_STATE in package: com.zhuoyi.security.lite at: Binary XML file line #319
06-01 00:16:20.685  1108  1108 W PackageParser: Ignoring duplicate uses-permissions/uses-permissions-sdk-m: android.permission.CHANGE_WIFI_STATE in package: com.zhuoyi.security.lite at: Binary XML file line #320
06-01 00:16:20.688  1108  1108 W PackageParser: No actions in intent filter at /system/priv-app/Security/Security.apk Binary XML file line #558
06-01 00:16:20.688  1108  1108 W PackageParser: No actions in intent filter at /system/priv-app/Security/Security.apk Binary XML file line #567
06-01 00:16:20.688  1108  1108 W PackageParser: No actions in intent filter at /system/priv-app/Security/Security.apk Binary XML file line #576
06-01 00:16:20.688  1108  1108 W PackageParser: No actions in intent filter at /system/priv-app/Security/Security.apk Binary XML file line #585
06-01 00:16:20.688  1108  1108 W PackageParser: No actions in intent filter at /system/priv-app/Security/Security.apk Binary XML file line #594
06-01 00:16:20.694  1108  1108 D PackageManager: Parsing: /system/priv-app/SettingsProvider
06-01 00:16:20.703  1108  1108 D PackageManager: Parsing: /system/priv-app/SharedStorageBackup
06-01 00:16:20.710  1108  1108 D PackageManager: Parsing: /system/priv-app/Shell
06-01 00:16:20.718  1108  1108 W PackageParser: Ignoring duplicate uses-permissions/uses-permissions-sdk-m: android.permission.INSTALL_GRANT_RUNTIME_PERMISSIONS in package: com.android.shell at: Binary XML file line #102
06-01 00:16:20.720  1108  1108 D PackageManager: Parsing: /system/priv-app/SimProcessor
06-01 00:16:20.727  1108  1108 D PackageManager: Parsing: /system/priv-app/StatementService
06-01 00:16:20.734  1108  1108 D PackageManager: Parsing: /system/priv-app/StorageManager
06-01 00:16:20.751  1108  1108 D PackageManager: Parsing: /system/priv-app/SuperSU
06-01 00:16:20.766  1108  1108 D PackageManager: Parsing: /system/priv-app/TeleService
06-01 00:16:20.785  1108  1108 W PackageParser: Ignoring duplicate uses-permissions/uses-permissions-sdk-m: android.permission.READ_PRIVILEGED_PHONE_STATE in package: com.android.phone at: Binary XML file line #136
06-01 00:16:20.794  1108  1108 D PackageManager: Parsing: /system/priv-app/Telecom
06-01 00:16:20.811  1108  1108 D PackageManager: Parsing: /system/priv-app/TelephonyProvider
06-01 00:16:20.820  1108  1108 D PackageManager: Parsing: /system/priv-app/VBrowser
06-01 00:16:20.836  1108  1108 W PackageParser: Ignoring duplicate uses-permissions/uses-permissions-sdk-m: android.permission.INTERNET in package: com.ume.browser at: Binary XML file line #28
06-01 00:16:20.836  1108  1108 W PackageParser: Ignoring duplicate uses-permissions/uses-permissions-sdk-m: android.permission.ACCESS_NETWORK_STATE in package: com.ume.browser at: Binary XML file line #32
06-01 00:16:20.836  1108  1108 W PackageParser: Ignoring duplicate uses-permissions/uses-permissions-sdk-m: android.permission.READ_PHONE_STATE in package: com.ume.browser at: Binary XML file line #44
06-01 00:16:20.836  1108  1108 W PackageParser: Ignoring duplicate uses-permissions/uses-permissions-sdk-m: android.permission.ACCESS_COARSE_LOCATION in package: com.ume.browser at: Binary XML file line #53
06-01 00:16:20.836  1108  1108 W PackageParser: Ignoring duplicate uses-permissions/uses-permissions-sdk-m: android.permission.ACCESS_FINE_LOCATION in package: com.ume.browser at: Binary XML file line #54
06-01 00:16:20.836  1108  1108 W PackageParser: Ignoring duplicate uses-permissions/uses-permissions-sdk-m: android.permission.MOUNT_UNMOUNT_FILESYSTEMS in package: com.ume.browser at: Binary XML file line #55
06-01 00:16:20.836  1108  1108 W PackageParser: Ignoring duplicate uses-permissions/uses-permissions-sdk-m: android.permission.READ_PHONE_STATE in package: com.ume.browser at: Binary XML file line #64
06-01 00:16:20.837  1108  1108 W PackageParser: Unknown element under <manifest>: meta-data at /system/priv-app/VBrowser/VBrowser.apk Binary XML file line #85
06-01 00:16:20.839  1108  1108 W PackageParser: No actions in intent filter at /system/priv-app/VBrowser/VBrowser.apk Binary XML file line #335
06-01 00:16:20.847  1108  1108 D PackageManager: Parsing: /system/priv-app/VpnDialogs
06-01 00:16:20.856  1108  1108 D PackageManager: Parsing: /system/priv-app/WallpaperCropper
06-01 00:16:20.865  1108  1108 D PackageManager: Parsing: /system/app/ApplicationsProvider
06-01 00:16:20.873  1108  1108 D PackageManager: Parsing: /system/app/BasicDreams
06-01 00:16:20.880  1108  1108 D PackageManager: Parsing: /system/app/Bluetooth
06-01 00:16:20.891  1108  1108 W PackageParser: Ignoring duplicate uses-permissions/uses-permissions-sdk-m: android.permission.READ_CONTACTS in package: com.android.bluetooth at: Binary XML file line #64
06-01 00:16:20.895  1108  1108 W PackageParser: No actions in intent filter at /system/app/Bluetooth/Bluetooth.apk Binary XML file line #301
06-01 00:16:20.900  1108  1108 D PackageManager: Parsing: /system/app/BluetoothMidiService
06-01 00:16:20.907  1108  1108 D PackageManager: Parsing: /system/app/BookmarkProvider
06-01 00:16:20.914  1108  1108 D PackageManager: Parsing: /system/app/CaptivePortalLogin
06-01 00:16:20.922  1108  1108 D PackageManager: Parsing: /system/app/CertInstaller
06-01 00:16:20.931  1108  1108 D PackageManager: Parsing: /system/app/CtsShimPrebuilt
06-01 00:16:20.938  1108  1108 W PackageManager: Non-privileged app; cap priority to 0; package: com.android.cts.ctsshim activity: com.android.cts.ctsshim.InstallPriority origPrio: 100
06-01 00:16:20.938  1108  1108 W PackageManager: Non-privileged app; cap priority to 0; package: com.android.cts.ctsshim activity: com.android.cts.ctsshim.InstallPriority origPrio: 100
06-01 00:16:20.938  1108  1108 W PackageManager: Non-privileged app; cap priority to 0; package: com.android.cts.ctsshim activity: com.android.cts.ctsshim.InstallPriority origPrio: 100
06-01 00:16:20.938  1108  1108 W PackageManager: Non-privileged app; cap priority to 0; package: com.android.cts.ctsshim activity: com.android.cts.ctsshim.InstallPriority origPrio: 100
06-01 00:16:20.938  1108  1108 W PackageManager: Non-privileged app; cap priority to 0; package: com.android.cts.ctsshim activity: com.android.cts.ctsshim.InstallPriority origPrio: 100
06-01 00:16:20.938  1108  1108 D PackageManager: Parsing: /system/app/DownloadProviderUi
06-01 00:16:20.949  1108  1108 D PackageManager: Parsing: /system/app/DuraSpeed
06-01 00:16:21.004  1289  1289 W ResourceType: CREATING STRING CACHE OF 120 bytes
06-01 00:16:21.004  1289  1289 W ResourceType: CREATING STRING CACHE OF 8672 bytes
06-01 00:16:21.011  1108  1108 D PackageManager: Parsing: /system/app/EasterEgg
06-01 00:16:21.020  1108  1108 D PackageManager: Parsing: /system/app/Email
06-01 00:16:21.040  1108  1108 W PackageParser: Ignoring duplicate uses-permissions/uses-permissions-sdk-m: android.permission.WRITE_CONTACTS in package: com.android.email at: Binary XML file line #35
06-01 00:16:21.051  1108  1108 D PackageManager: Parsing: /system/app/ExtShared
06-01 00:16:21.058  1108  1108 D PackageManager: Parsing: /system/app/FreemeCalculator
06-01 00:16:21.071  1108  1108 D PackageManager: Parsing: /system/app/FreemeLockNow
06-01 00:16:21.077  1108  1108 D PackageManager: Parsing: /system/app/FreemeYellowPageLite
06-01 00:16:21.087  1108  1108 D PackageManager: Parsing: /system/app/Gallery2PhotoPicker
06-01 00:16:21.095  1108  1108 D PackageManager: Parsing: /system/app/Gallery2StereoBackground
06-01 00:16:21.106  1108  1108 D PackageManager: Parsing: /system/app/Gallery2StereoCopyPaste
06-01 00:16:21.115  1108  1108 D PackageManager: Parsing: /system/app/Gallery2StereoFancyColor
06-01 00:16:21.124  1108  1108 D PackageManager: Parsing: /system/app/Gallery2StereoFreeview3D
06-01 00:16:21.133  1108  1108 D PackageManager: Parsing: /system/app/Gallery2StereoRefocus
06-01 00:16:21.143  1108  1108 D PackageManager: Parsing: /system/app/GaodeMap
06-01 00:16:21.192  1108  1108 D PackageManager: Parsing: /system/app/HTMLViewer
06-01 00:16:21.199  1108  1108 D PackageManager: Parsing: /system/app/KeyChain
06-01 00:16:21.207  1108  1108 D PackageManager: Parsing: /system/app/LatinIME
06-01 00:16:21.246  1108  1108 D PackageManager: Parsing: /system/app/LiveWallpapersPicker
06-01 00:16:21.257  1108  1108 D PackageManager: Parsing: /system/app/MtkWebView
06-01 00:16:21.269  1108  1108 D PackageManager: Parsing: /system/app/MusicFX
06-01 00:16:21.277  1108  1108 W PackageParser: No actions in intent filter at /system/app/MusicFX/MusicFX.apk Binary XML file line #91
06-01 00:16:21.279  1108  1108 D PackageManager: Parsing: /system/app/PacProcessor
06-01 00:16:21.286  1108  1108 D PackageManager: Parsing: /system/app/PicoTts
06-01 00:16:21.295  1108  1108 D PackageManager: Parsing: /system/app/PrintRecommendationService
06-01 00:16:21.302  1108  1108 D PackageManager: Parsing: /system/app/PrintSpooler
06-01 00:16:21.311   351   598 I BufferQueueProducer: [BootAnimation](this:0x7382f93800,id:1,api:1,p:762,c:351) queueBuffer: fps=4.34 dur=1152.24 max=236.14 min=224.08
06-01 00:16:21.315  1108  1108 D PackageManager: Parsing: /system/app/SoundRecorder
06-01 00:16:21.322   351   351 I DisplayDevice: [Built-in Screen (type:0)] fps:4.345368,dur:1150.65,max:250.35,min:216.61
06-01 00:16:21.325  1108  1108 D PackageManager: Parsing: /system/app/UserDictionaryProvider
06-01 00:16:21.332  1108  1108 D PackageManager: Parsing: /system/app/WallpaperBackup
06-01 00:16:21.339  1108  1108 D PackageManager: Parsing: /system/app/WallpaperPicker
06-01 00:16:21.347   342   342 I wmt_launcher: fw log ctrl flag has been set
06-01 00:16:21.347   342   342 I wmt_launcher: fw dynamic ctrl flag has been set
06-01 00:16:21.349  1108  1108 D PackageManager: Parsing: /system/app/WebViewGoogle
06-01 00:16:21.363  1108  1108 D PackageManager: Parsing: /system/app/iFlyIME
06-01 00:16:21.408  1108  1108 D PackageManager: Parsing: /system/app/mall
06-01 00:16:21.416  1108  1108 D PackageManager: Parsing: /vendor/priv-app/Baidu_Location
06-01 00:16:21.424  1108  1108 W PackageParser: Ignoring duplicate uses-permissions/uses-permissions-sdk-m: android.permission.RECEIVE_BOOT_COMPLETED in package: com.baidu.map.location at: Binary XML file line #37
06-01 00:16:21.467  1290  1290 W ResourceType: CREATING STRING CACHE OF 72 bytes
06-01 00:16:21.467  1290  1290 W ResourceType: CREATING STRING CACHE OF 872 bytes
06-01 00:16:21.470  1108  1108 D PackageManager: Parsing: /vendor/priv-app/CDS_INFO
06-01 00:16:21.480  1108  1108 D PackageManager: Parsing: /vendor/priv-app/FMRadio
06-01 00:16:21.494  1108  1108 D PackageManager: Parsing: /vendor/priv-app/FreemeMms
06-01 00:16:21.536  1108  1108 D PackageManager: Parsing: /vendor/priv-app/ImsService
06-01 00:16:21.548  1108  1108 D PackageManager: Parsing: /vendor/priv-app/Stk1
06-01 00:16:21.564  1108  1108 D PackageManager: Parsing: /vendor/priv-app/WfoService
06-01 00:16:21.574  1108  1108 D PackageManager: Parsing: /system/vendor/app/AtciService
06-01 00:16:21.581  1108  1108 D PackageManager: Parsing: /system/vendor/app/AutoDialer
06-01 00:16:21.589  1108  1108 D PackageManager: Parsing: /system/vendor/app/BatteryWarning
06-01 00:16:21.597  1108  1108 D PackageManager: Parsing: /system/vendor/app/BtTool
06-01 00:16:21.608  1108  1108 D PackageManager: Parsing: /system/vendor/app/CalendarImporter
06-01 00:16:21.616  1108  1108 W PackageParser: No actions in intent filter at /system/vendor/app/CalendarImporter/CalendarImporter.apk Binary XML file line #73
06-01 00:16:21.618  1108  1108 D PackageManager: Parsing: /system/vendor/app/DrmProvider
06-01 00:16:21.626  1108  1108 D PackageManager: Parsing: /system/vendor/app/EngineerMode
06-01 00:16:21.637  1108  1108 W PackageParser: Ignoring duplicate uses-permissions/uses-permissions-sdk-m: android.permission.INTERNET in package: com.mediatek.engineermode at: Binary XML file line #20
06-01 00:16:21.637  1108  1108 W PackageParser: Ignoring duplicate uses-permissions/uses-permissions-sdk-m: android.permission.WRITE_SETTINGS in package: com.mediatek.engineermode at: Binary XML file line #26
06-01 00:16:21.637  1108  1108 W PackageParser: Ignoring duplicate uses-permissions/uses-permissions-sdk-m: android.permission.BLUETOOTH in package: com.mediatek.engineermode at: Binary XML file line #32
06-01 00:16:21.637  1108  1108 W PackageParser: Ignoring duplicate uses-permissions/uses-permissions-sdk-m: android.permission.BLUETOOTH_ADMIN in package: com.mediatek.engineermode at: Binary XML file line #33
06-01 00:16:21.637  1108  1108 W PackageParser: Ignoring duplicate uses-permissions/uses-permissions-sdk-m: android.permission.HARDWARE_TEST in package: com.mediatek.engineermode at: Binary XML file line #36
06-01 00:16:21.637  1108  1108 W PackageParser: Ignoring duplicate uses-permissions/uses-permissions-sdk-m: android.permission.CALL_PHONE in package: com.mediatek.engineermode at: Binary XML file line #37
06-01 00:16:21.637  1108  1108 W PackageParser: Ignoring duplicate uses-permissions/uses-permissions-sdk-m: android.permission.ACCESS_WIFI_STATE in package: com.mediatek.engineermode at: Binary XML file line #45
06-01 00:16:21.637  1108  1108 W PackageParser: Ignoring duplicate uses-permissions/uses-permissions-sdk-m: android.permission.CHANGE_WIFI_STATE in package: com.mediatek.engineermode at: Binary XML file line #46
06-01 00:16:21.637  1108  1108 W PackageParser: Ignoring duplicate uses-permissions/uses-permissions-sdk-m: android.permission.INTERNET in package: com.mediatek.engineermode at: Binary XML file line #47
06-01 00:16:21.637  1108  1108 W PackageParser: Ignoring duplicate uses-permissions/uses-permissions-sdk-m: android.permission.READ_PHONE_STATE in package: com.mediatek.engineermode at: Binary XML file line #67
06-01 00:16:21.648  1108  1108 D PackageManager: Parsing: /system/vendor/app/Exchange2
06-01 00:16:21.659  1108  1108 D PackageManager: Parsing: /system/vendor/app/FreemeBadgeProvider
06-01 00:16:21.667  1108  1108 D PackageManager: Parsing: /system/vendor/app/FreemeDeskClock
06-01 00:16:21.683  1108  1108 W PackageParser: Ignoring duplicate uses-permissions/uses-permissions-sdk-m: android.permission.SHUTDOWN in package: com.android.deskclock at: Binary XML file line #43
06-01 00:16:21.689  1108  1108 D PackageManager: Parsing: /system/vendor/app/FreemeFactoryTest
06-01 00:16:21.701  1108  1108 D PackageManager: Parsing: /system/vendor/app/FreemeFileManager
06-01 00:16:21.710  1108  1108 W PackageParser: Ignoring duplicate uses-permissions/uses-permissions-sdk-m: android.permission.WAKE_LOCK in package: com.freeme.filemanager at: Binary XML file line #32
06-01 00:16:21.714  1108  1108 D PackageManager: Parsing: /system/vendor/app/FreemeOTA
06-01 00:16:21.763  1291  1291 W ResourceType: CREATING STRING CACHE OF 2288 bytes
06-01 00:16:21.767  1108  1108 D PackageManager: Parsing: /system/vendor/app/FreemeSalesCode
06-01 00:16:21.775  1108  1108 D PackageManager: Parsing: /system/vendor/app/Gba
06-01 00:16:21.784  1108  1108 D PackageManager: Parsing: /system/vendor/app/LocationEM2
06-01 00:16:21.796  1108  1108 D PackageManager: Parsing: /system/vendor/app/MDMConfig
06-01 00:16:21.804  1108  1108 D PackageManager: Parsing: /system/vendor/app/MDMLSample
06-01 00:16:21.813  1108  1108 W PackageParser: Unknown element under <manifest>: users-sdk at /system/vendor/app/MDMLSample/MDMLSample.apk Binary XML file line #5
06-01 00:16:21.815  1108  1108 D PackageManager: Parsing: /system/vendor/app/MTKLogger
06-01 00:16:21.825  1108  1108 D PackageManager: Parsing: /system/vendor/app/MTKThermalManager
06-01 00:16:21.833  1108  1108 D PackageManager: Parsing: /system/vendor/app/MiraVision
06-01 00:16:21.844  1108  1108 D PackageManager: Parsing: /system/vendor/app/Omacp
06-01 00:16:21.855  1108  1108 D PackageManager: Parsing: /system/vendor/app/PartnerCustomizations
06-01 00:16:21.862  1108  1108 D PackageManager: Parsing: /system/vendor/app/SDofStereoCameraDemo
06-01 00:16:21.869  1108  1108 W PackageParser: Ignoring duplicate uses-permissions/uses-permissions-sdk-m: android.permission.WRITE_EXTERNAL_STORAGE in package: com.mediatek.stereocamera at: Binary XML file line #10
06-01 00:16:21.871  1108  1108 D PackageManager: Parsing: /system/vendor/app/SchedulePowerOnOff
06-01 00:16:21.880  1108  1108 W PackageParser: No actions in intent filter at /system/vendor/app/SchedulePowerOnOff/SchedulePowerOnOff.apk Binary XML file line #84
06-01 00:16:21.882  1108  1108 D PackageManager: Parsing: /system/vendor/app/SensorHub
06-01 00:16:21.890  1108  1108 D PackageManager: Parsing: /system/vendor/app/SimRecoveryTestTool
06-01 00:16:21.898  1108  1108 D PackageManager: Parsing: /system/vendor/app/SmartcardService
06-01 00:16:21.905  1108  1108 D PackageManager: Parsing: /system/vendor/app/Uicc1Terminal
06-01 00:16:21.912  1108  1108 D PackageManager: Parsing: /system/vendor/app/Uicc2Terminal
06-01 00:16:21.919  1108  1108 D PackageManager: Parsing: /system/vendor/app/YGPS
06-01 00:16:21.928  1108  1108 D PackageManager: Parsing: /system/vendor/app/eSETerminal
06-01 00:16:21.935  1108  1108 D PackageManager: Parsing: /vendor/operator/app/CuiCan
06-01 00:16:21.943  1108  1108 I PackageParser: com.freeme.theme.theme_cuican: compat added android.permission.WRITE_EXTERNAL_STORAGE android.permission.READ_PHONE_STATE
06-01 00:16:21.946  1108  1108 D PackageManager: Parsing: /vendor/operator/app/Ecalendar
06-01 00:16:21.978  1108  1108 D NativeLibraryHelper: mod time st->st_mtime : 1517805908 vs modifiedTime. 1517805908
06-01 00:16:21.979  1108  1108 D NativeLibraryHelper: mod time st->st_mtime : 1517805908 vs modifiedTime. 1517805908
06-01 00:16:21.980  1108  1108 D NativeLibraryHelper: mod time st->st_mtime : 1517805908 vs modifiedTime. 1517805908
06-01 00:16:21.981  1108  1108 D NativeLibraryHelper: mod time st->st_mtime : 1517805908 vs modifiedTime. 1517805908
06-01 00:16:21.983  1108  1108 D NativeLibraryHelper: mod time st->st_mtime : 1517805908 vs modifiedTime. 1517805908
06-01 00:16:21.984  1108  1108 D NativeLibraryHelper: mod time st->st_mtime : 1517805908 vs modifiedTime. 1517805908
06-01 00:16:21.985  1108  1108 D NativeLibraryHelper: mod time st->st_mtime : 1517805908 vs modifiedTime. 1517805908
06-01 00:16:21.986  1108  1108 D NativeLibraryHelper: mod time st->st_mtime : 1517805908 vs modifiedTime. 1517805908
06-01 00:16:22.031  1292  1292 W ResourceType: CREATING STRING CACHE OF 104 bytes
06-01 00:16:22.031  1292  1292 W ResourceType: CREATING STRING CACHE OF 60392 bytes
06-01 00:16:22.058  1108  1108 D PackageManager: Parsing: /vendor/operator/app/Elegant
