06-01 00:16:05.368   868   868 E EMDLOGGER3: mSockListenId ok
06-01 00:16:05.368   868   868 D EMDLOGGER3: Success to setup socket local server
06-01 00:16:05.368   868   868 D EMDLOGGER3: Normal boot 1
06-01 00:16:05.368   868   868 D EMDLOGGER3: Open servFifoFd FIFO -1
06-01 00:16:05.369   868   874 D EMDLOGGER3: runListener
06-01 00:16:05.369   868   874 D EMDLOGGER3: mdlogger socket select start
06-01 00:16:05.410   869   869 D MFI-Conn:  (        main_entity_init,  131) main_entity_init(): Chiptest Enables = "NaN"
06-01 00:16:05.410   869   869 I MFI-Conn:  (           get_load_type,   73) get_load_type: property_value user
06-01 00:16:05.410   869   869 I MFI-Conn:  (           get_load_type,   77) get_load_type: user (0)
06-01 00:16:05.410   869   869 I MFI-Conn:  (        main_entity_init,  190) ########## main_entity_init() has finished @@@@@@@@@@
06-01 00:16:05.410   869   869 I MFI-Conn:  (          mal_mfia_start,  118) mal_mfia_start(): the main entity has been initialized with Version 1.0.170222I7e537d5f7!!
06-01 00:16:05.410   869   869 E MFI-Conn:  (          mfia_task_exec, 1442) ==== thrd_task_exec(): the internal FD 6 for conn. is connected!! ====
06-01 00:16:05.411   869   869 I MFI-Conn:  (          mal_mfia_start,  140) mal_mfia_start(): the MFIA entity has been initialized!!
06-01 00:16:05.411   869   895 I MFI-Conn:  (        wait_nvram_ready,  135) service.nvram_init = Ready
06-01 00:16:05.412   869   895 I MFI-Conn:  (     mfia_task_bootstrap,  800) mfia_task_bootstrap(): the ctrl_chnl with FD 7 has been initialized!!
06-01 00:16:05.412   352   573 I MAL-Daemon:  (      mfi_task_bootstrap,  331) mfi_task_bootstrap(): the conn_sock 27 has been created!!
06-01 00:16:05.412   352   573 I MAL-Daemon:  (      mfi_task_bootstrap,  421) mfi_task_bootstrap(): an event EVENT_MFIA_CTRL_CHNL_INIT(7) with seq(-1) and len(0) incoming from FD 27!!
06-01 00:16:05.412   352   573 E MAL-Daemon:  (      mfi_task_bootstrap,  432) mfi_task_bootstrap(): a control channel with FD 27 has been established!!
06-01 00:16:05.430   347   347 I ccci_mdinit(3): wait_for_property() ready for name:init.svc.viarild, loop:18
06-01 00:16:05.430   347   347 D ccci_mdinit(3): deamon begin to run!
06-01 00:16:05.430   347   347 D ccci_mdinit(3): MD is debug version
06-01 00:16:05.457   400   400 I iptables: iptables: Chain already exists.
06-01 00:16:05.458   400   400 I iptables: iptables terminated by exit(1)
06-01 00:16:05.458   400   400 E Netd    : exec() res=0, status=256 for /system/bin/iptables -w -t filter -N firewall 
06-01 00:16:05.474   400   400 I ip6tables: ip6tables: Chain already exists.
06-01 00:16:05.475   400   400 I ip6tables: ip6tables terminated by exit(1)
06-01 00:16:05.475   400   400 E Netd    : exec() res=0, status=256 for /system/bin/ip6tables -w -t filter -N firewall 
06-01 00:16:05.663   389   389 D ICU     : No timezone override file found: /data/misc/zoneinfo/current/icu/icu_tzdata.dat
06-01 00:16:05.696   869   930 I MFI-MDMNGR:  (     mal_mdmngr_urc_init,   36) mal_mdmngr_urc_init(): the urc_conn_ptr_mutex has been initialized!!
06-01 00:16:05.696   352   573 I MAL-Daemon:  (      mfi_task_bootstrap,  331) mfi_task_bootstrap(): the conn_sock 28 has been created!!
06-01 00:16:05.697   869   895 I MFI-Conn:  (     mfia_task_event_hdl,  398) mfia_task_event_hdl(0): the FD 45 has been created!!
06-01 00:16:05.698   869   930 I MFI-Conn:  (          mdfx_conn_conn,   79) mdfx_conn_conn(): the MFI connection 1045 succeeds!!
06-01 00:16:05.699   352   573 I MAL-Daemon:  (      mfi_task_bootstrap,  421) mfi_task_bootstrap(): an event EVENT_ATMNGR_URC(18) with seq(-2) and len(4108) incoming from FD 28!!
06-01 00:16:05.807   352   683 I MAL-RILP:  (void *rilproxy_cmd_resp_,  595) RIL Command thread try to connect the rild (rilproxy-mal) by default
06-01 00:16:05.808   352   683 E MAL-RILP:  (void *rilproxy_cmd_resp_,  602) can't open socket : rilproxy-mal (No such file or directory)
06-01 00:16:05.864   389   389 I Radio-JNI: register_android_hardware_Radio DONE
06-01 00:16:05.878   389   389 I SamplingProfilerIntegration: Profiling disabled.
06-01 00:16:05.886   389   389 D Zygote  : begin preload
06-01 00:16:05.886   389   389 I Zygote  : Installing ICU cache reference pinning...
06-01 00:16:05.886   389   389 I Zygote  : Preloading ICU data...
06-01 00:16:05.948   389   389 I Zygote  : Preloading ICU data --- End
06-01 00:16:05.948   389   389 I Zygote  : Preloading classes...
06-01 00:16:05.963   389   389 W Zygote  : Class not found for preloading: [Landroid.view.Display$ColorTransform;
06-01 00:16:06.058   393   393 I ServiceManager: Waiting for service media.camera.proxy...
06-01 00:16:06.220   389   389 E Typeface: Error mapping font file /system/fonts/ZawgyiOne.ttf
06-01 00:16:06.245   389   389 E Typeface: Error mapping font file /system/fonts/DroidSansFallback.ttf
06-01 00:16:06.296   858   863 E EMDLOGGER1: select timeout
06-01 00:16:06.296   858   863 D EMDLOGGER1: mdlogger socket select start
06-01 00:16:06.299   351   592 I BufferQueueProducer: [BootAnimation](this:0x7382f93800,id:1,api:1,p:762,c:351) queueBuffer: fps=5.07 dur=1183.75 max=237.39 min=81.71
06-01 00:16:06.315   351   351 I DisplayDevice: [Built-in Screen (type:0)] fps:5.069179,dur:1183.62,max:233.51,min:83.68
06-01 00:16:06.370   868   874 E EMDLOGGER3: select timeout
06-01 00:16:06.370   868   874 D EMDLOGGER3: mdlogger socket select start
06-01 00:16:06.468   389   389 I art     : Thread[1,tid=389,Native,Thread*=0x773ba96a00,peer=0x12c070d0,"main"] recursive attempt to load library "/system/lib64/libmedia_jni.so"
06-01 00:16:06.470   389   389 D MtpDeviceJNI: register_android_mtp_MtpDevice
06-01 00:16:06.470   389   389 I art     : Thread[1,tid=389,Native,Thread*=0x773ba96a00,peer=0x12c070d0,"main"] recursive attempt to load library "/system/lib64/libmedia_jni.so"
06-01 00:16:06.471   389   389 I art     : Thread[1,tid=389,Native,Thread*=0x773ba96a00,peer=0x12c070d0,"main"] recursive attempt to load library "/system/lib64/libmedia_jni.so"
06-01 00:16:06.473   389   389 W MediaProfiles: could not find media config xml file
06-01 00:16:06.473   389   389 I MediaProfiles: getChipName success = 22
06-01 00:16:06.473   389   389 I VDO_LOG : venc eFuse unsupported type (unlimited)!!
06-01 00:16:06.473   389   389 I MediaProfiles: checkVideoCapability, format=2,support maxwidth=3840,maxheight=2176, bitrate 20000000, framerate 30
06-01 00:16:06.473   389   389 I VDO_LOG : venc eFuse unsupported type (unlimited)!!
06-01 00:16:06.473   389   389 I MediaProfiles: checkVideoCapability, format=3,support maxwidth=640,maxheight=480, bitrate 4000000, framerate 30
06-01 00:16:06.474   389   389 E MediaProfiles: Not define this high speed quality (2000) yet! use default
06-01 00:16:06.474   389   389 E MediaProfiles: Not define this high speed quality (2001) yet! use default
06-01 00:16:06.474   389   389 E MediaProfiles: Not define this high speed quality (2002) yet! use default
06-01 00:16:06.474   389   389 D MediaProfiles: there are 79 profiles
06-01 00:16:06.474   389   389 D MediaProfiles: camera_id:0, quality:low(0), ffmt:3gp, dur:30, vcodec:h263, w:176, h:144, brate:192000, frate:20, acodec:aac, brate:128000, srate:48000, ch:2
06-01 00:16:06.474   389   389 D MediaProfiles: camera_id:0, quality:timelapselow(1000), ffmt:3gp, dur:30, vcodec:h263, w:176, h:144, brate:1000000, frate:20, acodec:aac, brate:64000, srate:48000, ch:2
06-01 00:16:06.474   389   389 D MediaProfiles: camera_id:0, quality:qcif(2), ffmt:3gp, dur:30, vcodec:h263, w:176, h:144, brate:192000, frate:20, acodec:aac, brate:128000, srate:48000, ch:2
06-01 00:16:06.474   389   389 D MediaProfiles: camera_id:0, quality:qvga(7), ffmt:3gp, dur:30, vcodec:m4v, w:320, h:240, brate:1000000, frate:30, acodec:aac, brate:128000, srate:48000, ch:2
06-01 00:16:06.474   389   389 D MediaProfiles: camera_id:0, quality:cif(3), ffmt:3gp, dur:30, vcodec:m4v, w:352, h:288, brate:1250000, frate:30, acodec:aac, brate:128000, srate:48000, ch:2
06-01 00:16:06.474   389   389 D MediaProfiles: camera_id:0, quality:480p(4), ffmt:3gp, dur:30, vcodec:h264, w:720, h:480, brate:4500000, frate:30, acodec:aac, brate:128000, srate:48000, ch:2
06-01 00:16:06.474   389   389 D MediaProfiles: camera_id:0, quality:720p(5), ffmt:3gp, dur:30, vcodec:h264, w:1280, h:720, brate:9000000, frate:30, acodec:aac, brate:128000, srate:48000, ch:2
06-01 00:16:06.474   389   389 D MediaProfiles: camera_id:0, quality:1080p(6), ffmt:3gp, dur:30, vcodec:h264, w:1920, h:1080, brate:17000000, frate:30, acodec:aac, brate:128000, srate:48000, ch:2
06-01 00:16:06.474   389   389 D MediaProfiles: camera_id:0, quality:high(1), ffmt:3gp, dur:30, vcodec:h264, w:1920, h:1080, brate:17000000, frate:30, acodec:aac, brate:128000, srate:48000, ch:2
06-01 00:16:06.474   389   389 D MediaProfiles: camera_id:0, quality:timelapseqcif(1002), ffmt:3gp, dur:30, vcodec:h263, w:176, h:144, brate:1000000, frate:20, acodec:aac, brate:64000, srate:48000, ch:2
06-01 00:16:06.474   389   389 D MediaProfiles: camera_id:0, quality:timelapseqvga(1007), ffmt:3gp, dur:30, vcodec:m4v, w:320, h:240, brate:1000000, frate:30, acodec:aac, brate:128000, srate:48000, ch:2
06-01 00:16:06.474   389   389 D MediaProfiles: camera_id:0, quality:timelapsecif(1003), ffmt:3gp, dur:30, vcodec:m4v, w:352, h:288, brate:1250000, frate:30, acodec:aac, brate:128000, srate:48000, ch:2
06-01 00:16:06.474   389   389 D MediaProfiles: camera_id:0, quality:timelapse480p(1004), ffmt:3gp, dur:30, vcodec:h264, w:720, h:480, brate:4500000, frate:30, acodec:aac, brate:128000, srate:48000, ch:2
06-01 00:16:06.474   389   389 D MediaProfiles: camera_id:0, quality:timelapse720p(1005), ffmt:3gp, dur:30, vcodec:h264, w:1280, h:720, brate:9000000, frate:30, acodec:aac, brate:128000, srate:48000, ch:2
06-01 00:16:06.474   389   389 D MediaProfiles: camera_id:0, quality:timelapse1080p(1006), ffmt:3gp, dur:30, vcodec:h264, w:1920, h:1080, brate:17000000, frate:30, acodec:aac, brate:128000, srate:48000, ch:2
06-01 00:16:06.474   389   389 D MediaProfiles: camera_id:0, quality:timelapsehigh(1001), ffmt:3gp, dur:30, vcodec:h264, w:1920, h:1080, brate:17000000, frate:30, acodec:aac, brate:128000, srate:48000, ch:2
06-01 00:16:06.474   389   389 D MediaProfiles: camera_id:2, quality:low(0), ffmt:3gp, dur:30, vcodec:h263, w:176, h:144, brate:192000, frate:20, acodec:aac, brate:128000, srate:48000, ch:2
06-01 00:16:06.474   389   389 D MediaProfiles: camera_id:2, quality:timelapselow(1000), ffmt:3gp, dur:30, vcodec:h263, w:176, h:144, brate:1000000, frate:20, acodec:aac, brate:64000, srate:48000, ch:2
06-01 00:16:06.474   389   389 D MediaProfiles: camera_id:2, quality:qcif(2), ffmt:3gp, dur:30, vcodec:h263, w:176, h:144, brate:192000, frate:20, acodec:aac, brate:128000, srate:48000, ch:2
06-01 00:16:06.474   389   389 D MediaProfiles: camera_id:2, quality:qvga(7), ffmt:3gp, dur:30, vcodec:m4v, w:320, h:240, brate:1000000, frate:30, acodec:aac, brate:128000, srate:48000, ch:2
06-01 00:16:06.474   389   389 D MediaProfiles: camera_id:2, quality:cif(3), ffmt:3gp, dur:30, vcodec:m4v, w:352, h:288, brate:1250000, frate:30, acodec:aac, brate:128000, srate:48000, ch:2
06-01 00:16:06.474   389   389 D MediaProfiles: camera_id:2, quality:480p(4), ffmt:3gp, dur:30, vcodec:h264, w:720, h:480, brate:4500000, frate:30, acodec:aac, brate:128000, srate:48000, ch:2
06-01 00:16:06.474   389   389 D MediaProfiles: camera_id:2, quality:720p(5), ffmt:3gp, dur:30, vcodec:h264, w:1280, h:720, brate:9000000, frate:30, acodec:aac, brate:128000, srate:48000, ch:2
06-01 00:16:06.474   389   389 D MediaProfiles: camera_id:2, quality:1080p(6), ffmt:3gp, dur:30, vcodec:h264, w:1920, h:1080, brate:17000000, frate:30, acodec:aac, brate:128000, srate:48000, ch:2
06-01 00:16:06.474   389   389 D MediaProfiles: camera_id:2, quality:high(1), ffmt:3gp, dur:30, vcodec:h264, w:1920, h:1080, brate:17000000, frate:30, acodec:aac, brate:128000, srate:48000, ch:2
06-01 00:16:06.474   389   389 D MediaProfiles: camera_id:2, quality:timelapseqcif(1002), ffmt:3gp, dur:30, vcodec:h263, w:176, h:144, brate:1000000, frate:20, acodec:aac, brate:64000, srate:48000, ch:2
06-01 00:16:06.474   389   389 D MediaProfiles: camera_id:2, quality:timelapseqvga(1007), ffmt:3gp, dur:30, vcodec:m4v, w:320, h:240, brate:1000000, frate:30, acodec:aac, brate:128000, srate:48000, ch:2
06-01 00:16:06.474   389   389 D MediaProfiles: camera_id:2, quality:timelapsecif(1003), ffmt:3gp, dur:30, vcodec:m4v, w:352, h:288, brate:1250000, frate:30, acodec:aac, brate:128000, srate:48000, ch:2
06-01 00:16:06.474   389   389 D MediaProfiles: camera_id:2, quality:timelapse480p(1004), ffmt:3gp, dur:30, vcodec:h264, w:720, h:480, brate:4500000, frate:30, acodec:aac, brate:128000, srate:48000, ch:2
06-01 00:16:06.474   389   389 D MediaProfiles: camera_id:2, quality:timelapse720p(1005), ffmt:3gp, dur:30, vcodec:h264, w:1280, h:720, brate:9000000, frate:30, acodec:aac, brate:128000, srate:48000, ch:2
06-01 00:16:06.474   389   389 D MediaProfiles: camera_id:2, quality:timelapse1080p(1006), ffmt:3gp, dur:30, vcodec:h264, w:1920, h:1080, brate:17000000, frate:30, acodec:aac, brate:128000, srate:48000, ch:2
06-01 00:16:06.475   389   389 D MediaProfiles: camera_id:2, quality:timelapsehigh(1001), ffmt:3gp, dur:30, vcodec:h264, w:1920, h:1080, brate:17000000, frate:30, acodec:aac, brate:128000, srate:48000, ch:2
06-01 00:16:06.475   389   389 D MediaProfiles: camera_id:1, quality:low(0), ffmt:3gp, dur:30, vcodec:h263, w:176, h:144, brate:192000, frate:20, acodec:aac, brate:128000, srate:48000, ch:2
06-01 00:16:06.475   389   389 D MediaProfiles: camera_id:1, quality:timelapselow(1000), ffmt:3gp, dur:30, vcodec:h263, w:176, h:144, brate:1000000, frate:20, acodec:aac, brate:64000, srate:48000, ch:2
06-01 00:16:06.475   389   389 D MediaProfiles: camera_id:1, quality:qcif(2), ffmt:3gp, dur:30, vcodec:h263, w:176, h:144, brate:192000, frate:20, acodec:aac, brate:128000, srate:48000, ch:2
06-01 00:16:06.475   389   389 D MediaProfiles: camera_id:1, quality:qvga(7), ffmt:3gp, dur:30, vcodec:m4v, w:320, h:240, brate:1000000, frate:30, acodec:aac, brate:128000, srate:48000, ch:2
06-01 00:16:06.475   389   389 D MediaProfiles: camera_id:1, quality:cif(3), ffmt:3gp, dur:30, vcodec:m4v, w:352, h:288, brate:1250000, frate:30, acodec:aac, brate:128000, srate:48000, ch:2
06-01 00:16:06.475   389   389 D MediaProfiles: camera_id:1, quality:480p(4), ffmt:3gp, dur:30, vcodec:h264, w:720, h:480, brate:4500000, frate:30, acodec:aac, brate:128000, srate:48000, ch:2
06-01 00:16:06.475   389   389 D MediaProfiles: camera_id:1, quality:high(1), ffmt:3gp, dur:30, vcodec:h264, w:720, h:480, brate:4500000, frate:30, acodec:aac, brate:128000, srate:48000, ch:2
06-01 00:16:06.475   389   389 D MediaProfiles: camera_id:1, quality:timelapseqcif(1002), ffmt:3gp, dur:30, vcodec:h263, w:176, h:144, brate:1000000, frate:20, acodec:aac, brate:64000, srate:48000, ch:2
06-01 00:16:06.475   389   389 D MediaProfiles: camera_id:1, quality:timelapseqvga(1007), ffmt:3gp, dur:30, vcodec:m4v, w:320, h:240, brate:1000000, frate:30, acodec:aac, brate:128000, srate:48000, ch:2
06-01 00:16:06.475   389   389 D MediaProfiles: camera_id:1, quality:timelapsecif(1003), ffmt:3gp, dur:30, vcodec:m4v, w:352, h:288, brate:1250000, frate:30, acodec:aac, brate:128000, srate:48000, ch:2
06-01 00:16:06.475   389   389 D MediaProfiles: camera_id:1, quality:timelapse480p(1004), ffmt:3gp, dur:30, vcodec:h264, w:720, h:480, brate:4500000, frate:30, acodec:aac, brate:128000, srate:48000, ch:2
06-01 00:16:06.475   389   389 D MediaProfiles: camera_id:1, quality:timelapsehigh(1001), ffmt:3gp, dur:30, vcodec:h264, w:720, h:480, brate:4500000, frate:30, acodec:aac, brate:128000, srate:48000, ch:2
06-01 00:16:06.475   389   389 D MediaProfiles: camera_id:0, quality:mtklow(108), ffmt:3gp, dur:30, vcodec:h264, w:176, h:144, brate:750000, frate:30, acodec:aac, brate:64000, srate:48000, ch:2
06-01 00:16:06.475   389   389 D MediaProfiles: camera_id:0, quality:mtkmedium(109), ffmt:3gp, dur:30, vcodec:h264, w:1280, h:720, brate:9000000, frate:30, acodec:aac, brate:128000, srate:48000, ch:2
06-01 00:16:06.475   389   389 D MediaProfiles: camera_id:2, quality:mtkmedium(109), ffmt:3gp, dur:30, vcodec:h264, w:1280, h:720, brate:9000000, frate:30, acodec:aac, brate:128000, srate:48000, ch:2
06-01 00:16:06.475   389   389 D MediaProfiles: camera_id:0, quality:mtkhigh(110), ffmt:3gp, dur:30, vcodec:h264, w:1920, h:1080, brate:17000000, frate:30, acodec:aac, brate:128000, srate:48000, ch:2
06-01 00:16:06.475   389   389 D MediaProfiles: camera_id:0, quality:mtkfine4k2k(123), ffmt:3gp, dur:30, vcodec:h264, w:3840, h:2176, brate:20000000, frate:30, acodec:aac, brate:128000, srate:48000, ch:2
06-01 00:16:06.475   389   389 D MediaProfiles: camera_id:0, quality:mtknightlow(112), ffmt:3gp, dur:30, vcodec:h264, w:176, h:144, brate:375000, frate:15, acodec:aac, brate:64000, srate:48000, ch:2
06-01 00:16:06.475   389   389 D MediaProfiles: camera_id:0, quality:mtknightmedium(113), ffmt:3gp, dur:30, vcodec:h264, w:1280, h:720, brate:4500000, frate:15, acodec:aac, brate:128000, srate:48000, ch:2
06-01 00:16:06.475   389   389 D MediaProfiles: camera_id:0, quality:mtknighthigh(114), ffmt:3gp, dur:30, vcodec:h264, w:1920, h:1080, brate:8500000, frate:15, acodec:aac, brate:128000, srate:48000, ch:2
06-01 00:16:06.475   389   389 D MediaProfiles: camera_id:0, quality:mtknightfine(115), ffmt:3gp, dur:30, vcodec:h264, w:3840, h:2176, brate:10000000, frate:15, acodec:aac, brate:128000, srate:48000, ch:2
06-01 00:16:06.475   389   389 D MediaProfiles: camera_id:0, quality:mtkliveeffect(116), ffmt:3gp, dur:30, vcodec:m4v, w:480, h:320, brate:2500000, frate:30, acodec:aac, brate:128000, srate:48000, ch:2
06-01 00:16:06.475   389   389 D MediaProfiles: camera_id:0, quality:mtktimelapselow(1108), ffmt:3gp, dur:30, vcodec:h264, w:176, h:144, brate:750000, frate:30, acodec:aac, brate:64000, srate:48000, ch:2
06-01 00:16:06.475   389   389 D MediaProfiles: camera_id:0, quality:mtktimelapsemedium(1109), ffmt:3gp, dur:30, vcodec:h264, w:1280, h:720, brate:9000000, frate:30, acodec:aac, brate:128000, srate:48000, ch:2
06-01 00:16:06.475   389   389 D MediaProfiles: camera_id:0, quality:mtktimelapsehigh(1110), ffmt:3gp, dur:30, vcodec:h264, w:1920, h:1080, brate:17000000, frate:30, acodec:aac, brate:128000, srate:48000, ch:2
06-01 00:16:06.475   389   389 D MediaProfiles: camera_id:0, quality:mtktimelapsefine4k2k(1123), ffmt:3gp, dur:30, vcodec:h264, w:3840, h:2176, brate:20000000, frate:30, acodec:aac, brate:128000, srate:48000, ch:2
06-01 00:16:06.475   389   389 D MediaProfiles: camera_id:0, quality:mtktimelapsenightlow(1112), ffmt:3gp, dur:30, vcodec:h264, w:176, h:144, brate:375000, frate:15, acodec:aac, brate:64000, srate:48000, ch:2
06-01 00:16:06.475   389   389 D MediaProfiles: camera_id:0, quality:mtktimelapsenightmedium(1113), ffmt:3gp, dur:30, vcodec:h264, w:1280, h:720, brate:4500000, frate:15, acodec:aac, brate:128000, srate:48000, ch:2
06-01 00:16:06.475   389   389 D MediaProfiles: camera_id:0, quality:mtktimelapsenighthigh(1114), ffmt:3gp, dur:30, vcodec:h264, w:1920, h:1080, brate:8500000, frate:15, acodec:aac, brate:128000, srate:48000, ch:2
06-01 00:16:06.475   389   389 D MediaProfiles: camera_id:0, quality:mtktimelapsenightfine(1115), ffmt:3gp, dur:30, vcodec:h264, w:3840, h:2176, brate:10000000, frate:15, acodec:aac, brate:128000, srate:48000, ch:2
06-01 00:16:06.475   389   389 D MediaProfiles: camera_id:0, quality:mtktimelapseliveeffect(1116), ffmt:3gp, dur:30, vcodec:m4v, w:480, h:320, brate:2500000, frate:30, acodec:aac, brate:128000, srate:48000, ch:2
06-01 00:16:06.475   389   389 D MediaProfiles: camera_id:1, quality:mtklow(108), ffmt:3gp, dur:30, vcodec:m4v, w:176, h:144, brate:150000, frate:30, acodec:aac, brate:64000, srate:48000, ch:2
06-01 00:16:06.475   389   389 D MediaProfiles: camera_id:1, quality:mtkhigh(110), ffmt:3gp, dur:30, vcodec:m4v, w:640, h:480, brate:4200000, frate:30, acodec:aac, brate:128000, srate:48000, ch:2
06-01 00:16:06.475   389   389 D MediaProfiles: camera_id:1, quality:mtknightlow(112), ffmt:3gp, dur:30, vcodec:m4v, w:176, h:144, brate:75000, frate:15, acodec:aac, brate:64000, srate:48000, ch:2
06-01 00:16:06.475   389   389 D MediaProfiles: camera_id:1, quality:mtknighthigh(114), ffmt:3gp, dur:30, vcodec:m4v, w:640, h:480, brate:2100000, frate:15, acodec:aac, brate:128000, srate:48000, ch:2
06-01 00:16:06.475   389   389 D MediaProfiles: camera_id:1, quality:mtkliveeffect(116), ffmt:3gp, dur:30, vcodec:m4v, w:480, h:320, brate:2500000, frate:30, acodec:aac, brate:128000, srate:48000, ch:2
06-01 00:16:06.475   389   389 D MediaProfiles: camera_id:1, quality:mtktimelapselow(1108), ffmt:3gp, dur:30, vcodec:m4v, w:176, h:144, brate:150000, frate:30, acodec:aac, brate:64000, srate:48000, ch:2
06-01 00:16:06.475   389   389 D MediaProfiles: camera_id:1, quality:mtktimelapsehigh(1110), ffmt:3gp, dur:30, vcodec:m4v, w:640, h:480, brate:4200000, frate:30, acodec:aac, brate:128000, srate:48000, ch:2
06-01 00:16:06.476   389   389 D MediaProfiles: camera_id:1, quality:mtktimelapsenightlow(1112), ffmt:3gp, dur:30, vcodec:m4v, w:176, h:144, brate:75000, frate:15, acodec:aac, brate:64000, srate:48000, ch:2
06-01 00:16:06.476   389   389 D MediaProfiles: camera_id:1, quality:mtktimelapsenighthigh(1114), ffmt:3gp, dur:30, vcodec:m4v, w:640, h:480, brate:2100000, frate:15, acodec:aac, brate:128000, srate:48000, ch:2
06-01 00:16:06.476   389   389 D MediaProfiles: camera_id:1, quality:mtktimelapseliveeffect(1116), ffmt:3gp, dur:30, vcodec:m4v, w:480, h:320, brate:2500000, frate:30, acodec:aac, brate:128000, srate:48000, ch:2
06-01 00:16:06.476   389   389 D MediaProfiles: camera_id:0, quality:highspeedlow(2000), ffmt:3gp, dur:30, vcodec:h264, w:640, h:480, brate:3000000, frate:120, acodec:aac, brate:128000, srate:48000, ch:2
06-01 00:16:06.476   389   389 D MediaProfiles: camera_id:0, quality:highspeedhigh(2001), ffmt:3gp, dur:30, vcodec:h264, w:640, h:480, brate:3000000, frate:120, acodec:aac, brate:128000, srate:48000, ch:2
06-01 00:16:06.476   389   389 D MediaProfiles: camera_id:0, quality:highspeed480p(2002), ffmt:3gp, dur:30, vcodec:h264, w:640, h:480, brate:3000000, frate:120, acodec:aac, brate:128000, srate:48000, ch:2
06-01 00:16:06.476   389   389 D MediaProfiles: camera_id:0, quality:mtkslowmotionmedium(2220), ffmt:3gp, dur:30, vcodec:h264, w:640, h:480, brate:3000000, frate:120, acodec:aac, brate:128000, srate:48000, ch:2
06-01 00:16:06.476   389   389 D MediaProfiles: camera_id:0, quality:mtkvsdofmedium(3101), ffmt:3gp, dur:30, vcodec:h264, w:1440, h:1080, brate:12750000, frate:30, acodec:aac, brate:128000, srate:48000, ch:2
06-01 00:16:06.476   389   389 D MediaProfiles: camera_id:0, quality:mtkvsdofhigh(3102), ffmt:3gp, dur:30, vcodec:h264, w:1920, h:1080, brate:17000000, frate:30, acodec:aac, brate:128000, srate:48000, ch:2
06-01 00:16:06.476   389   389 I VDO_LOG : venc eFuse unsupported type (unlimited)!!
06-01 00:16:06.476   389   389 I MediaProfiles: checkVideoCapability, format=2,support maxwidth=3840,maxheight=2176, bitrate 40000000, framerate 120
06-01 00:16:06.476   389   389 I MediaProfiles: [ createDefaultH264VideoEncoderCap ], support ret=1 maxwidth=3840,maxheight=2176, bitrate 40000000, framerate 120
06-01 00:16:06.476   389   389 I VDO_LOG : venc eFuse unsupported type (unlimited)!!
06-01 00:16:06.476   389   389 I MediaProfiles: [ createDefaultHEVCVideoEncoderCap ], support ret=-1 maxwidth=720,maxheight=480, bitrate 4800000, framerate 30
06-01 00:16:06.476   389   389 E MediaProfiles: [ERROR] don't support HEVC!!
06-01 00:16:06.476   389   389 I VDO_LOG : venc eFuse unsupported type (unlimited)!!
06-01 00:16:06.477   389   389 I MediaProfiles: checkVideoCapability, format=1,support maxwidth=640,maxheight=480, bitrate 4000000, framerate 30
06-01 00:16:06.477   389   389 I MediaProfiles: [ createDefaultH263VideoEncoderCap ], support ret:1 maxwidth=640,maxheight=480, bitrate 4000000, framerate 30
06-01 00:16:06.477   389   389 I VDO_LOG : venc eFuse unsupported type (unlimited)!!
06-01 00:16:06.477   389   389 I MediaProfiles: checkVideoCapability, format=3,support maxwidth=640,maxheight=480, bitrate 4000000, framerate 30
06-01 00:16:06.477   389   389 I MediaProfiles: [ createDefaultM4vVideoEncoderCap ], support ret:1 maxwidth=640,maxheight=480, bitrate 4000000, framerate 30
06-01 00:16:06.479   389   389 D MediaProfiles: FrontCameraLevels Setting
06-01 00:16:06.479   389   389 D MediaProfiles: Main2 CameraLevels Setting
06-01 00:16:06.541   389   389 D MPluginGuard: SystemProperties persist.operator.optr is
06-01 00:16:06.542   389   389 D MPluginGuard: SystemProperties ro.mtk_carrierexpress_pack isno
06-01 00:16:06.542   389   389 D MPlugin : com.mediatek.common.telephony.IPhoneNumberExtClazz exists on mapping table : false
06-01 00:16:06.542   389   389 E MPlugin : Unsupported class: com.mediatek.common.telephony.IPhoneNumberExt
06-01 00:16:06.669  1000  1000 D MFI-Conn:  (        main_entity_init,  131) main_entity_init(): Chiptest Enables = "NaN"
06-01 00:16:06.669  1000  1000 I MFI-Conn:  (           get_load_type,   73) get_load_type: property_value user
06-01 00:16:06.669  1000  1000 I MFI-Conn:  (           get_load_type,   77) get_load_type: user (0)
06-01 00:16:06.670  1000  1000 I MFI-Conn:  (        main_entity_init,  190) ########## main_entity_init() has finished @@@@@@@@@@
06-01 00:16:06.670  1000  1000 I MFI-Conn:  (          mal_mfia_start,  118) mal_mfia_start(): the main entity has been initialized with Version 1.0.170222I7e537d5f7!!
06-01 00:16:06.671  1000  1000 E MFI-Conn:  (          mfia_task_exec, 1442) ==== thrd_task_exec(): the internal FD 6 for conn. is connected!! ====
06-01 00:16:06.671  1000  1000 I MFI-Conn:  (          mal_mfia_start,  140) mal_mfia_start(): the MFIA entity has been initialized!!
06-01 00:16:06.674  1000  1023 I MFI-Conn:  (        wait_nvram_ready,  135) service.nvram_init = Ready
06-01 00:16:06.675  1000  1023 I MFI-Conn:  (     mfia_task_bootstrap,  800) mfia_task_bootstrap(): the ctrl_chnl with FD 7 has been initialized!!
06-01 00:16:06.675  1000  1023 I MFI-Conn:  (     mfia_task_event_hdl,  508) mfia_task_event_hdl(): mailbox (0x731e453268) with duplex_ptr (0x731e4532e8) duplex(3) has registered EVENT_MAL_RESTART!!
06-01 00:16:06.675   352   573 I MAL-Daemon:  (      mfi_task_bootstrap,  331) mfi_task_bootstrap(): the conn_sock 29 has been created!!
06-01 00:16:06.675   352   573 I MAL-Daemon:  (      mfi_task_bootstrap,  421) mfi_task_bootstrap(): an event EVENT_MFIA_CTRL_CHNL_INIT(7) with seq(-1) and len(0) incoming from FD 29!!
06-01 00:16:06.675   352   573 E MAL-Daemon:  (      mfi_task_bootstrap,  432) mfi_task_bootstrap(): a control channel with FD 29 has been established!!
06-01 00:16:06.677  1000  1023 I MFI-Conn:  (     mfia_task_event_hdl,  398) mfia_task_event_hdl(0): the FD 28 has been created!!
06-01 00:16:06.677   352   573 I MAL-Daemon:  (      mfi_task_bootstrap,  331) mfi_task_bootstrap(): the conn_sock 30 has been created!!
06-01 00:16:06.677  1000  1000 I MFI-Conn:  (          mdfx_conn_conn,   79) mdfx_conn_conn(): the MFI connection 1028 succeeds!!
06-01 00:16:06.677  1000  1000 D MFI-RDS :  (       rds_mal_conn_init, 1074) usr_lib_conn_init, mailbox = 0x731e492d28, conn_init_arg.hdl = 0x731e2d05dc 0x731e2d05dc
06-01 00:16:06.677  1000  1000 I MFI-RDS :  (       rds_mal_conn_init, 1100) [RDS][rds_mal_conn_init] mdfx_conn_init_legacy get conn_ptr<0x731e492c00>
06-01 00:16:06.678   352   573 I MAL-Daemon:  (      mfi_task_bootstrap,  421) mfi_task_bootstrap(): an event EVENT_MAL_RDS_REG_REQ(9904) with seq(-2) and len(4) incoming from FD 30!!
06-01 00:16:06.678   352   646 I MAL-RDS :  (             rds_rb_task,  174) [RDS-I][RB][rds_rb_task] RCV Event: 9904 , sim: 0
06-01 00:16:06.678   352   646 I MAL-RDS :  (           rds_set_chlut,   76) [RDS-I][RDS][RB][rds_set_chlut] task(61442) ex_sock(30) in_sock(30) registered 
06-01 00:16:06.678   352   656 I MAL-RDS :  (             rds_rb_task,  174) [RDS-I][RB][rds_rb_task] RCV Event: 9904 , sim: 1
06-01 00:16:06.678   352   656 W MAL-RDS :  (           rds_set_chlut,   79) [RDS-W][RDS][RB][rds_set_chlut] task(61442) ex_sock(30) in_sock(30) re-register 
06-01 00:16:06.679   352   656 I MAL-RDS :  (          rds_rb_reg_ind, 3389) [RDS-I][RB][rds_rb_reg_ind] Task(61442) registration indication, sim: 1
06-01 00:16:06.680   352   658 I MAL-RDS :  (          rds_ru_reg_ind, 9211) [RDS-I][RU][rds_ru_reg_ind] Task(61442) registration indication
06-01 00:16:06.680   352   646 I MAL-RDS :  (          rds_rb_reg_ind, 3389) [RDS-I][RB][rds_rb_reg_ind] Task(61442) registration indication, sim: 0
06-01 00:16:06.681   352   648 I MAL-RDS :  (          rds_ru_reg_ind, 9211) [RDS-I][RU][rds_ru_reg_ind] Task(61442) registration indication
06-01 00:16:06.681  1000  1038 D         : [SYSENV]sysenv_get_with_area():421 , get env name=msim_config
06-01 00:16:06.682  1000  1038 D         : [SYSENV]get_env_info():303 , initialize
06-01 00:16:06.683  1000  1038 D         : [SYSENV]get_partition_count():107 , get_partition_count ret ptr: 28
06-01 00:16:06.683  1000  1038 D         : [SYSENV]get_partition_path():151 , partition path = /dev/block/mmcblk0p3
06-01 00:16:06.684  1000  1038 E         : [SYSENV]get_env_info():313 , env_buffer[1] : 1e4be3c0
06-01 00:16:06.685  1000  1038 D         : [SYSENV]read_env_area():236 , read 16384 data from 24000 to 1e4be3c0
06-01 00:16:06.685  1000  1038 W         : [SYSENV]get_env_info():344 , Incorrect sig, probably sysenv is still empty
06-01 00:16:06.709   389   389 D MPlugin : com.mediatek.common.telephony.IOnlyOwnerSimSupportClazz exists on mapping table : false
06-01 00:16:06.709   389   389 E MPlugin : Unsupported class: com.mediatek.common.telephony.IOnlyOwnerSimSupport
06-01 00:16:06.716   389   389 W Zygote  : Class not found for preloading: android.view.Display$ColorTransform
06-01 00:16:06.717   389   389 W Zygote  : Class not found for preloading: android.view.Display$ColorTransform$1
06-01 00:16:06.808   352   683 I MAL-RILP:  (void *rilproxy_cmd_resp_,  595) RIL Command thread try to connect the rild (rilproxy-mal) by default
06-01 00:16:06.809   352   683 E MAL-RILP:  (void *rilproxy_cmd_resp_,  602) can't open socket : rilproxy-mal (No such file or directory)
06-01 00:16:06.820   392   774 D SpeechMessengerECCCI_Read: ReadMessage ECCCI, length_read=16, data[0](magic)=0xffffffff, data[1](message)=0xaf700000, ch=0x80000004, reserved=0x0
06-01 00:16:06.820   392   774 W SpeechMessengerECCCI: ..[MD Reset Notify(MSG_M2A_EM_DATA_REQUEST: 0xaf700000)]..
06-01 00:16:06.820   392   774 D SpeechMessengerECCCI: MDReset_CheckMessageInQueue(), queue count: 0
06-01 00:16:06.821   392   774 D SpeechMessengerECCCI: MDReset_CheckMessageInQueue(), check message done
06-01 00:16:06.870   389   389 I System  : Loaded time zone names for "" in 39ms (37ms in ICU)
06-01 00:16:06.887   389   389 I System  : Loaded time zone names for "en_US" in 16ms (14ms in ICU)
06-01 00:16:06.906   389   389 I System  : Loaded time zone names for "zh_CN_#Hans" in 19ms (17ms in ICU)
06-01 00:16:06.951   389   389 V FreemeFeature: Init Start...
06-01 00:16:06.955   389   389 V FreemeFeature: Init completely.
06-01 00:16:06.956   389   389 I Zygote  : ...preloaded 4167 classes in 1009ms.
06-01 00:16:06.957   389   389 I art     : VMRuntime.preloadDexCaches starting
06-01 00:16:07.011  1000  1070 I MFI-MDMNGR:  (     mal_mdmngr_urc_init,   36) mal_mdmngr_urc_init(): the urc_conn_ptr_mutex has been initialized!!
06-01 00:16:07.013  1000  1023 I MFI-Conn:  (     mfia_task_event_hdl,  398) mfia_task_event_hdl(0): the FD 43 has been created!!
06-01 00:16:07.013   352   573 I MAL-Daemon:  (      mfi_task_bootstrap,  331) mfi_task_bootstrap(): the conn_sock 31 has been created!!
06-01 00:16:07.016  1000  1070 I MFI-Conn:  (          mdfx_conn_conn,   79) mdfx_conn_conn(): the MFI connection 1043 succeeds!!
06-01 00:16:07.016   352   573 I MAL-Daemon:  (      mfi_task_bootstrap,  421) mfi_task_bootstrap(): an event EVENT_ATMNGR_URC(18) with seq(-2) and len(4108) incoming from FD 31!!
06-01 00:16:07.018   352   648 I MAL-RDS :  (         rds_ru_urc_hdlr, 2441) [RDS-I][RDS][rds_ru_urc_hdlr] get URC data: +CREG: 0,"0000","0FFFFFFF",0,0,0
06-01 00:16:07.019   352   573 I MAL-Daemon:  (      mfi_task_bootstrap,  421) mfi_task_bootstrap(): an event EVENT_ATMNGR_URC(18) with seq(-2) and len(4108) incoming from FD 31!!
06-01 00:16:07.051   352   573 I MAL-Daemon:  (      mfi_task_bootstrap,  421) mfi_task_bootstrap(): an event EVENT_ATMNGR_URC(18) with seq(-2) and len(4108) incoming from FD 31!!
06-01 00:16:07.059   393   393 I ServiceManager: Waiting for service media.camera.proxy...
06-01 00:16:07.070   389   389 I art     : VMRuntime.preloadDexCaches strings total=322844 before=43266 after=43266
06-01 00:16:07.070   389   389 I art     : VMRuntime.preloadDexCaches types total=26353 before=8508 after=8566
06-01 00:16:07.070   389   389 I art     : VMRuntime.preloadDexCaches fields total=130228 before=42154 after=42626
06-01 00:16:07.070   389   389 I art     : VMRuntime.preloadDexCaches methods total=217400 before=85535 after=86492
06-01 00:16:07.070   389   389 I art     : VMRuntime.preloadDexCaches finished
06-01 00:16:07.071   389   389 I Zygote  : Preloading resources...
06-01 00:16:07.073   370   522 D agps    : [agps] WARNING: [CP] cp2_fd_1_req_sim_num_timeout
06-01 00:16:07.074   370   484 D agps    : [agps][n][CP] [MD_1] write  sim_info_req  gsm_disabled=[0] umts_disabled=[0] lte_disabled=[0] lppe_enable=[0]
06-01 00:16:07.077   370   484 D agps    : [agps][n][CP] [MD_1] read  sim_info_rsp  sim_number=2 md_type=0 (0=fdd, 1=tdd) ecid=1 otdoa=1 band_num=10
06-01 00:16:07.077   370   484 D agps    : [agps][n][AGPS] [MNL] write  agps_settings_sync  sib8_16=[1], gps=[1] glonass=[1] beidou=[1] galileo=[1] agps=[1] aglonass=[1] abeidou=[0] agalileo=[0]
06-01 00:16:07.078   370   484 D agps    : [agps][n][CP] i=0  support_band=1
06-01 00:16:07.078   370   484 D agps    : [agps][n][CP] i=1  support_band=3
06-01 00:16:07.078   386   618 D MNLD    : mnld_main_thread: agps2mnl_hdlr msg
06-01 00:16:07.078   370   484 D agps    : [agps][n][CP] i=2  support_band=5
06-01 00:16:07.078   386   618 D MNLD    : agps_settings_sync: agps setting, sib8_16_enable = 1, gps_sat_en = 1, glonass_sat_en = 1,         beidou_sat_en = 1, galileo_sat_en = 1, a_glonass_sat_en = 1
06-01 00:16:07.078   386   618 D MNLD    : agps_settings_sync: sv_type_agps_set = 31, sib8_16_enable = 1
06-01 00:16:07.078   370   484 D agps    : [agps][n][CP] i=3  support_band=7
06-01 00:16:07.078   386   618 D MNLD    : agps_settings_sync: mnl stop, not send CMD SWITCH_CONSTELLATION and SIB8_16_ENABLE to mnl
06-01 00:16:07.078   386   618 D MNLD    : agps_settings_sync: get_chip_sv_support_capability, sv_type = 3
06-01 00:16:07.078   370   484 D agps    : [agps][n][CP] i=4  support_band=8
06-01 00:16:07.078   370   484 D agps    : [agps][n][CP] i=5  support_band=34
06-01 00:16:07.078   370   484 D agps    : [agps][n][CP] i=6  support_band=38
06-01 00:16:07.078   386   618 D MNLD    : agps_settings_sync: mnl2agps_agps_settings_ack done, ret = 0
06-01 00:16:07.078   370   484 D agps    : [agps][n][CP] i=7  support_band=39
06-01 00:16:07.078   370   484 D agps    : [agps][n][CP] i=8  support_band=40
06-01 00:16:07.079   370   484 D agps    : [agps][n][CP] i=9  support_band=41
06-01 00:16:07.079   370   484 D agps    : [agps][n][CP] index=[0]  support_lpp_otdoa_nbr_cell_list=[0] support_supl_flow_ind=[1] support_location_settings=[1] support_segmented_data=[0]
06-01 00:16:07.079   352   573 I MAL-Daemon:  (      mfi_task_bootstrap,  421) mfi_task_bootstrap(): an event EVENT_ATMNGR_URC(18) with seq(-2) and len(4108) incoming from FD 31!!
06-01 00:16:07.079   370   484 D agps    : [agps][n][CP] [MD_1] write  cp2_util_send_location_setting  enabled=[0]
06-01 00:16:07.079   370   505 D agps    : [agps][n][task] lpp  rcv src=[MOD_LPP_CP] dest=[MOD_LPP_UP] msg=[MSG_ID_LPP_LBS_CAPABILITY_UPDATE_REQ]
06-01 00:16:07.079   370   484 D agps    : [agps][n][AGPS] [MNL] read  agps_settings_ack  gps=[1] glonass=[1] beidou=[0] galileo=[0]
06-01 00:16:07.080   370   505 D agps    : [agps][n][task] lpp  before poll...
06-01 00:16:07.080   370   505 D agps    : [agps][n][task] lpp  rcv src=[MOD_LPP_CP] dest=[MOD_LPP_UP] msg=[MSG_ID_LPP_PEER_EUTRAN_BAND_UPDATE_CNF]
06-01 00:16:07.080   370   505 D agps    : [agps][n][task] lpp  before poll...
06-01 00:16:07.130   352   573 I MAL-Daemon:  (      mfi_task_bootstrap,  421) mfi_task_bootstrap(): an event EVENT_ATMNGR_URC(18) with seq(-2) and len(4108) incoming from FD 28!!
06-01 00:16:07.131   389   389 W Resources: Preloaded drawable resource #0x108025e (android:drawable/dialog_background_material) that varies with configuration!!
06-01 00:16:07.131   352   573 I MAL-Daemon:  (      mfi_task_bootstrap,  421) mfi_task_bootstrap(): an event EVENT_ATMNGR_URC(18) with seq(-2) and len(4108) incoming from FD 28!!
06-01 00:16:07.133   389   389 W Resources: Preloaded drawable resource #0x108029a (android:drawable/editbox_dropdown_background_dark) that varies with configuration!!
06-01 00:16:07.144   389   389 W Resources: Preloaded color resource #0x10600e2 (android:color/material_grey_800) that varies with configuration!!
06-01 00:16:07.144   389   389 W Resources: Preloaded drawable resource #0x10802cb (android:drawable/floating_popup_background_dark) that varies with configuration!!
06-01 00:16:07.171   389   389 W Resources: Preloaded drawable resource #0x108030d (android:drawable/ic_clear_disabled) that varies with configuration!!
06-01 00:16:07.172   389   389 W Resources: Preloaded drawable resource #0x1080312 (android:drawable/ic_clear_normal) that varies with configuration!!
06-01 00:16:07.180   389   389 W Resources: Preloaded drawable resource #0x108036a (android:drawable/ic_go) that varies with configuration!!
06-01 00:16:07.192   389   389 W Resources: Preloaded drawable resource #0x1080038 (android:drawable/ic_menu_close_clear_cancel) that varies with configuration!!
06-01 00:16:07.197   389   389 W Resources: Preloaded drawable resource #0x1080045 (android:drawable/ic_menu_more) that varies with configuration!!
06-01 00:16:07.214   389   389 W Resources: Preloaded drawable resource #0x10804f9 (android:drawable/menu_background_fill_parent_width) that varies with configuration!!
06-01 00:16:07.236   391   391 D Sunwave : FpService 372:setFpFree fpId=0
06-01 00:16:07.237   391   391 I Sunwave : FpService 104:clear mClient[]
06-01 00:16:07.237   391   391 D Sunwave : FpService 372:setFpFree fpId=1
06-01 00:16:07.237   391   391 I Sunwave : FpService 104:clear mClient[]
06-01 00:16:07.237   391   391 D Sunwave : FpCore 450:Fp: start init hardware
06-01 00:16:07.237   391   391 D Sunwave : FpHal 67:Opening fp sw_sensor
06-01 00:16:07.238   391   391 D Sunwave : prop-cfg 68:name lenmax:32, value Lenmax:92
06-01 00:16:07.238   391   391 I Sunwave : prop-cfg 83:persist.sys.sw.vdd:2.8 0
06-01 00:16:07.238   391   391 I Sunwave : prop-cfg 89:persist.sys.sw.dbg.log:1 1
06-01 00:16:07.238   391   391 I Sunwave : prop-cfg 95:persist.sys.sw.touch.r.sen8211:0x06 6
06-01 00:16:07.238   391   391 I Sunwave : prop-cfg 99:persist.sys.sw.touch.c.sen8211:0x0C c
06-01 00:16:07.238   391   391 I Sunwave : prop-cfg 104:persist.sys.sw.touch.sen8221:0x18 18 
06-01 00:16:07.238   391   391 I Sunwave : prop-cfg 109:persist.sys.sw.touch.sen8231:0x06 6 
06-01 00:16:07.238   391   391 I Sunwave : prop-cfg 114:persist.sys.sw.touch.sen8202:0x18 18 
06-01 00:16:07.238   391   391 I Sunwave : prop-cfg 119:persist.sys.sw.touch.sen8205:0x18 18 
06-01 00:16:07.238   391   391 I Sunwave : prop-cfg 131:persist.sys.sw.speed.max:6000 6000 
06-01 00:16:07.239   391   391 I Sunwave : prop-cfg 144:ro.build.version.release:7.1.1 1 
06-01 00:16:07.239   391   391 I Sunwave : prop-cfg 158:persist.sys.sw.pix.area:60 60
06-01 00:16:07.239   391   391 I Sunwave : prop-cfg 165:persist.sys.sw.enroll.double:100 100
06-01 00:16:07.239   391   391 I Sunwave : prop-cfg 180:persist.sys.sw.enroll.frm.num:0 0
06-01 00:16:07.239   391   391 I Sunwave : prop-cfg 201:persist.sys.sw.enroll.quality:30 30
06-01 00:16:07.239   391   391 I Sunwave : prop-cfg 215:persist.sys.sw.enroll.overlay:80 0.800000
06-01 00:16:07.239   391   391 I Sunwave : prop-cfg 221:persist.sys.sw.key.mod:0 0
06-01 00:16:07.239   391   391 I Sunwave : prop-cfg 235:persist.sys.sw.key.screenoff:1 1
06-01 00:16:07.239   391   391 I Sunwave : prop-cfg 249:persist.sys.sw.key.nav_mod:3 3
06-01 00:16:07.239   391   391 I Sunwave : prop-cfg 254:persist.sys.sw.key.nav_longkey:0 0
06-01 00:16:07.239   391   391 I Sunwave : prop-cfg 259:persist.sys.sw.key.nav_dlkey:0 0
06-01 00:16:07.239   391   391 I Sunwave : prop-cfg 298:persist.sys.sw.key.nav_dir:LRUD LRUD
06-01 00:16:07.239   391   391 I Sunwave : prop-cfg 311:persist.sys.sw.verify.retry:1 1
06-01 00:16:07.239   391   391 I Sunwave : prop-cfg 316:persist.sys.sw.msg.base:1000 1000
06-01 00:16:07.239   391   391 I Sunwave : prop-cfg 320:persist.sys.sw.light.mod:0 0
06-01 00:16:07.239   391   391 I Sunwave : prop-cfg 338:persist.sys.sw.idh.nums:0 0
06-01 00:16:07.239   391   391 D Sunwave : prop-cfg 415:'get_xml_cfg' enter.
06-01 00:16:07.241   391   391 I Sunwave : prop-cfg 467:hardware is NULL
06-01 00:16:07.241   391   391 I Sunwave : prop-cfg 608:sensor is NULL
06-01 00:16:07.241   391   391 I Sunwave : prop-cfg 615:function is load
06-01 00:16:07.241   391   391 I Sunwave : prop-cfg 632:function key.mod:2
06-01 00:16:07.241   391   391 I Sunwave : prop-cfg 637:function key.nav_long_press:1
06-01 00:16:07.241   391   391 I Sunwave : prop-cfg 642:function key.nav_double_key:0
06-01 00:16:07.241   391   391 I Sunwave : prop-cfg 731:verify is NULL
06-01 00:16:07.241   391   391 I Sunwave : prop-cfg 750:idh is NULL
06-01 00:16:07.241   391   391 I Sunwave : prop-cfg 786:the system build type is user, closing debug mode
06-01 00:16:07.241   391   391 I Sunwave : prop-cfg 792:ro.build.type:user 1 
06-01 00:16:07.242   391   391 D Sunwave : prop-cfg 352:'print_cfg' enter.
06-01 00:16:07.242   391   391 I Sunwave : prop-cfg 353:g_property_config.sys                              = 1.
06-01 00:16:07.242   391   391 I Sunwave : prop-cfg 354:g_property_config.fun.charge_en                    = 0.
06-01 00:16:07.242   391   391 I Sunwave : prop-cfg 355:g_property_config.fun.chk_finger_leave             = 0.
06-01 00:16:07.242   391   391 I Sunwave : prop-cfg 356:g_property_config.fun.chk_fake_finger_en           = 0.
06-01 00:16:07.242   391   391 I Sunwave : prop-cfg 357:g_property_config.fun.chk_badpoint_en              = 0.
06-01 00:16:07.242   391   391 I Sunwave : prop-cfg 358:g_property_config.hw.speed_max                     = 6000.
06-01 00:16:07.242   391   391 I Sunwave : prop-cfg 359:g_property_config.hw.vdd                           = 0.
06-01 00:16:07.242   391   391 I Sunwave : prop-cfg 360:g_property_config.enroll.pix_areal                 = 60.
06-01 00:16:07.242   391   391 I Sunwave : prop-cfg 361:g_property_config.enroll.dbl_finger                = 100.
06-01 00:16:07.242   391   391 I Sunwave : prop-cfg 362:g_property_config.enroll.frame_num                 = 0.
06-01 00:16:07.242   391   391 I Sunwave : prop-cfg 363:g_property_config.enroll.frame_percent             = 0.
06-01 00:16:07.242   391   391 I Sunwave : prop-cfg 364:g_property_config.enroll.quality_min               = 30.
06-01 00:16:07.242   391   391 I Sunwave : prop-cfg 365:g_property_config.enroll.overlay_area              = 0.800000.
06-01 00:16:07.242   391   391 I Sunwave : prop-cfg 366:g_property_config.hw.sensitivity_c_8211            = 0xc.
06-01 00:16:07.242   391   391 I Sunwave : prop-cfg 367:g_property_config.hw.sensitivity_r_8211            = 0x6.
06-01 00:16:07.242   391   391 I Sunwave : prop-cfg 368:g_property_config.hw.sensitivity_8221              = 0x18.
06-01 00:16:07.242   391   391 I Sunwave : prop-cfg 369:g_property_config.hw.sensitivity_8231              = 0x6.
06-01 00:16:07.242   391   391 I Sunwave : prop-cfg 370:g_property_config.hw.sensitivity_8202              = 0x18.
06-01 00:16:07.242   391   391 I Sunwave : prop-cfg 371:g_property_config.hw.sensitivity_8205              = 0x18.
06-01 00:16:07.242   391   391 I Sunwave : prop-cfg 372:g_property_config.hw.sensitivity_8241              = 0x9.
06-01 00:16:07.242   391   391 I Sunwave : prop-cfg 373:g_property_config.hw.logEn                         = 1.
06-01 00:16:07.242   391   391 I Sunwave : prop-cfg 374:g_property_config.key.mod                          = 2.
06-01 00:16:07.242   391   391 I Sunwave : prop-cfg 375:g_property_config.key.nav_longkey                  = 1.
06-01 00:16:07.242   391   391 I Sunwave : prop-cfg 376:g_property_config.key.nav_dlkey                    = 0.
06-01 00:16:07.242   391   391 I Sunwave : prop-cfg 377:g_property_config.key.nav_mod                      = 3.
06-01 00:16:07.242   391   391 I Sunwave : prop-cfg 378:g_property_config.key.nav_dir                      = UDLR.
06-01 00:16:07.242   391   391 I Sunwave : prop-cfg 379:g_property_config.key.screenoff_dis                = 1.
06-01 00:16:07.242   391   391 I Sunwave : prop-cfg 380:g_property_config.light.enable                     = 0.
06-01 00:16:07.242   391   391 I Sunwave : prop-cfg 381:g_property_config.light.input_devs                 = .
06-01 00:16:07.242   391   391 I Sunwave : prop-cfg 382:g_property_config.light.uevents                    = .
06-01 00:16:07.242   391   391 I Sunwave : prop-cfg 383:g_property_config.identify.unmath_retry            = 1.
06-01 00:16:07.242   391   391 I Sunwave : prop-cfg 384:g_property_config.identify.msg_base                = 1000.
06-01 00:16:07.242   391   391 I Sunwave : prop-cfg 385:g_property_config.idh.idh_num                      = 0.
06-01 00:16:07.242   391   391 I Sunwave : prop-cfg 386:g_property_config.idh.idh.transsion.transsion_wake = 0.
06-01 00:16:07.272  1083  1083 I AEE_AED : Built Apr 20 2017 12:18:31
06-01 00:16:07.272  1083  1083 I debuggerd64: type=1400 audit(0.0:80): avc: denied { setsockcreate } for scontext=u:r:debuggerd:s0 tcontext=u:r:debuggerd:s0 tclass=process permissive=1
06-01 00:16:07.273  1083  1083 I AEE_AED : debuggerd chip_security_check pass! 
06-01 00:16:07.273  1083  1083 D AEE_AED : [main][RT] platform MT6757
06-01 00:16:07.273  1083  1083 I AEE_AED : socket server: android:debuggerd
06-01 00:16:07.279  1082  1082 I AEE_AED : Built Apr 20 2017 12:18:10
06-01 00:16:07.279  1082  1082 I AEE_AED : debuggerd chip_security_check pass! 
06-01 00:16:07.280  1082  1082 D AEE_AED : [main][RT] platform MT6757
06-01 00:16:07.280  1082  1082 I AEE_AED : socket server: android:debuggerd32
06-01 00:16:07.281  1083  1083 D AEE_AED : aed_get_force_config: -100000
06-01 00:16:07.281  1083  1083 D AEE_AED : ChangeAEEWorkMode: 4
06-01 00:16:07.281  1082  1082 D AEE_AED : aed_get_force_config: -100000
06-01 00:16:07.281  1083  1083 D AEE_AED : aed_update_db_count: 4
06-01 00:16:07.281  1083  1083 I AEE_AED : AED config
06-01 00:16:07.281  1083  1083 I AEE_AED :   mode '4'
06-01 00:16:07.281  1083  1083 I AEE_AED :   exp level '0
06-01 00:16:07.281  1083  1083 I AEE_AED :   dal enable '0'
06-01 00:16:07.281  1083  1083 I AEE_AED :   db count '4'
06-01 00:16:07.281  1083  1083 I AEE_AED :   fatal db count '4'
06-01 00:16:07.281  1083  1083 I AEE_AED :  db storage '2'
06-01 00:16:07.281  1082  1082 D AEE_AED : ChangeAEEWorkMode: 4
06-01 00:16:07.281  1083  1083 I AEE_AED : SMP Info => 1
06-01 00:16:07.281  1082  1082 D AEE_AED : aed_update_db_count: 4
06-01 00:16:07.281  1082  1082 I AEE_AED : AED config
06-01 00:16:07.281  1082  1082 I AEE_AED :   mode '4'
06-01 00:16:07.281  1082  1082 I AEE_AED :   exp level '0
06-01 00:16:07.281  1082  1082 I AEE_AED :   dal enable '0'
06-01 00:16:07.281  1082  1082 I AEE_AED :   db count '4'
06-01 00:16:07.281  1082  1082 I AEE_AED :   fatal db count '4'
06-01 00:16:07.281  1082  1082 I AEE_AED :  db storage '2'
06-01 00:16:07.281  1082  1082 I AEE_AED : SMP Info => 1
06-01 00:16:07.281  1083  1083 D AEE_AED : aee init PPM settings
06-01 00:16:07.281  1082  1082 D AEE_AED : aee_exception_running_64: send req to debuggerd64
06-01 00:16:07.281  1082  1082 D AEE_AED : Rtt waiting 64_daemon finish the job...
06-01 00:16:07.282  1083  1083 D AEE_AED : $===AEE===AEE===AEE===$
06-01 00:16:07.282  1083  1083 D AEE_AED : p 0 poll events 1 revents 1
06-01 00:16:07.282  1083  1083 D AEE_AED : requesting from: pid=1082 cmd=9
06-01 00:16:07.282  1083  1083 D AEE_AED : Go RTT_AEE_GET_EXCEPTION_RUNNING
06-01 00:16:07.282  1082  1082 D AEE_AED : Rtt send 64 req done
06-01 00:16:07.282  1082  1082 E AEE_AED : Can't remove file /sdcard/mtklog/aee_exp/temp: No such file or directory
06-01 00:16:07.282  1082  1082 E AEE_AED : Can't remove file /data/aee_exp/temp: No such file or directory
06-01 00:16:07.283  1082  1082 E AEE_AED : Can't remove file /storage/ext_sd/mtklog/aee_exp/temp: No such file or directory
06-01 00:16:07.285  1082  1082 D AEE_AED : aee init PPM settings
06-01 00:16:07.285  1082  1082 D AEE_AED : $===AEE===AEE===AEE===$
06-01 00:16:07.285  1082  1082 D AEE_AED : p 5 poll events 1 revents 1
06-01 00:16:07.286  1082  1082 D AEE_AED : PPM cpu cores:8, online:4
06-01 00:16:07.287  1082  1082 D AEE_AED : aed_main_fork_worker: generator 0xef714ea0, worker 0xffe42c54, recv_fd 0
06-01 00:16:07.288  1089  1089 W AEE_AED : read_fstab: get fstab /fstab.mt6757
06-01 00:16:07.289  1089  1089 W AEE_AED : get_expdb_path: get expdb_path /dev/block/platform/mtk-msdc.0/11230000.msdc0/by-name/expdb
06-01 00:16:07.289  1089  1089 I AEE_AED : ipanic_blk_open, expdb, 200 x a000 = 1400000
06-01 00:16:07.290  1089  1089 W AEE_AED : aed_reboot_session, no valid ipanic header, ignored
