06-01 00:16:07.290  1089  1089 V ETM     : open etb_get_nr fail! , default etb_nr is 1 , (2, No such file or directory)
06-01 00:16:07.290  1089  1089 V ETM     : open etb_length fail! (2, No such file or directory)
06-01 00:16:07.290  1089  1089 V ETM     : open etb_length fail! (2, No such file or directory)
06-01 00:16:07.291  1089  1089 I AEE_AED : wdt_status = 2, fiq_step=0, exception_type:0 
06-01 00:16:07.291  1089  1089 I AEE_AED : reboot_reason = 0
06-01 00:16:07.291  1089  1089 I AEE_AED : need_reinit: FBE system, debuggerd reinit done
06-01 00:16:07.291  1089  1089 W AEE_AED : read_fstab: get fstab /fstab.mt6757
06-01 00:16:07.291  1089  1089 W AEE_AED : get_expdb_path: get expdb_path /dev/block/platform/mtk-msdc.0/11230000.msdc0/by-name/expdb
06-01 00:16:07.291  1089  1089 I AEE_AED : ipanic_blk_open, expdb, 200 x a000 = 1400000
06-01 00:16:07.292  1089  1089 D AEE_AED : version(aabbccdd)
06-01 00:16:07.292  1089  1089 I         : MT-RADMUMP support version MRDUMP07
06-01 00:16:07.292  1089  1089 I AEE_AED : aee_aed_get_sdcard_path: /sdcard
06-01 00:16:07.297   389   389 W Resources: Preloaded drawable resource #0x10807a7 (android:drawable/text_edit_paste_window) that varies with configuration!!
06-01 00:16:07.305   389   389 W Resources: Preloaded drawable resource #0x1080096 (android:drawable/toast_frame) that varies with configuration!!
06-01 00:16:07.305   389   389 I Zygote  : ...preloaded 114 resources in 233ms.
06-01 00:16:07.311   389   389 W Resources: Preloaded color resource #0x106010d (android:color/background_cache_hint_selector_material_dark) that varies with configuration!!
06-01 00:16:07.311   389   389 W Resources: Preloaded color resource #0x1060112 (android:color/btn_default_material_dark) that varies with configuration!!
06-01 00:16:07.313   389   389 I Zygote  : ...preloaded 41 resources in 8ms.
06-01 00:16:07.320   391   391 D Sunwave : sw-hal 154:pin reset
06-01 00:16:07.330  1082  1082 D AEE_AED : clear ppm settings
06-01 00:16:07.330  1082  1082 D AEE_AED : $===AEE===AEE===AEE===$
06-01 00:16:07.332   391   391 D Sunwave : IC8221 1075:mcu:8221
06-01 00:16:07.335   342   342 E wmt_launcher: get property(persist.mtk.wcn.fwlog.status) failed ret:0
06-01 00:16:07.335   342   342 I wmt_launcher: get property(persist.mtk.wcn.dynamic.dump) is 0
06-01 00:16:07.368   389   389 W Resources: Preloaded drawable resource #0xc02002f (freeme:drawable/btn_default_freeme) that varies with configuration!!
06-01 00:16:07.368   391   391 D Sunwave : sw-hal 154:pin reset
06-01 00:16:07.374   391   391 D Sunwave : IC8221 2388:OTP load data is ok 
06-01 00:16:07.375   391   391 D Sunwave : sw_sensor 621:fp open /dev/sunwave_fp successfully: 7
06-01 00:16:07.375   391   391 D Sunwave : sw_sensor 622:sensor speed: 2000KHz
06-01 00:16:07.376   391   391 D Sunwave : IC8221 647:soft reset
06-01 00:16:07.378   391   391 D Sunwave : IC8221 1496:the type of IC is lens
06-01 00:16:07.382   391   391 D Sunwave : IC8221 1533:config read start...
06-01 00:16:07.386   391   391 D Sunwave : IC8221 1560:config: copy info data:
06-01 00:16:07.387   391   391 D Sunwave : IC8221 956:sensor version:4
06-01 00:16:07.387   391   391 D Sunwave : IC8221 961:sw id:0x533
06-01 00:16:07.387   391   391 D Sunwave : IC8221 1562:config: check if ok
06-01 00:16:07.387   391   391 D Sunwave : IC8221 1579:config: ok
06-01 00:16:07.393   391   391 D Sunwave : sw_sensor 675:fp Stub: init_spi_int_thread
06-01 00:16:07.393   391   391 D Sunwave : sw_sensor 448:irq uevent thread start
06-01 00:16:07.393   391  1095 D Sunwave : sw_sensor 412:spi_irq_thread: start
06-01 00:16:07.393   391   391 D Sunwave : IC8221 956:sensor version:4
06-01 00:16:07.394   391   391 D Sunwave : IC8221 961:sw id:0x533
06-01 00:16:07.394   391   391 D Sunwave : IC8221 900:sensor Col*Row 96*96
06-01 00:16:07.394   391   391 D Sunwave : FpCore 480:hardware init ok
06-01 00:16:07.394   391   391 D Sunwave : FpFinger 1058:mcu:MCU_OTHER
06-01 00:16:07.394   391   391 D Sunwave : FpFinger 1071:initCalibrate end
06-01 00:16:07.394   391   391 D Sunwave : FpFinger 1084:mcu:MCU_OTHER
06-01 00:16:07.394   391   391 D Sunwave : FpBadPointCheck 35:FpBadPointCheck::FpBadPointCheck()
06-01 00:16:07.394   391   391 D Sunwave : FpBadPointCheckOther 32:initialize
06-01 00:16:07.395   391   391 D Sunwave : FpBadPointCheckOther 34:initialize:  Col=96, Row = 96
06-01 00:16:07.395   391   391 D Sunwave : IC8221 647:soft reset
06-01 00:16:07.395   391  1095 D Sunwave : sw_sensor 221:irq receive wake, but g_bIrqEnable = 0
06-01 00:16:07.396   391   391 D Sunwave : IC8221 2929:ic version:4
06-01 00:16:07.398   391   391 D Sunwave : IC8221 2934:ic is D version
06-01 00:16:07.400   391  1095 D Sunwave : sw_sensor 221:irq receive wake, but g_bIrqEnable = 0
06-01 00:16:07.439   389   389 I Zygote  : ...preloaded 51 freeme drawable resources in 126ms.
06-01 00:16:07.442   389   389 I Zygote  : ...preloaded 9 freeme color resources in 2ms.
06-01 00:16:07.443   389   389 I Zygote  : Preloading OpenGL...
06-01 00:16:07.443   389   389 D libEGL  : Attempt to load from egl.cfg
06-01 00:16:07.443   389   389 D libEGL  : egl.cfg not found, using default config
06-01 00:16:07.452   389   389 D MALI    : osup_constructor:144: osup_constructor
06-01 00:16:07.453   389   389 D libEGL  : loaded /vendor/lib64/egl/libGLES_mali.so
06-01 00:16:07.458   351   598 I BufferQueueProducer: [BootAnimation](this:0x7382f93800,id:1,api:1,p:762,c:351) queueBuffer: fps=4.31 dur=1159.25 max=239.51 min=219.79
06-01 00:16:07.465   351   351 I DisplayDevice: [Built-in Screen (type:0)] fps:4.345963,dur:1150.49,max:233.63,min:217.10
06-01 00:16:07.487   389   389 I Zygote  : Preloading OpenGL --- End
06-01 00:16:07.487   389   389 I Zygote  : Preloading shared libraries...
06-01 00:16:07.492   389   389 I Zygote  : Preloading shared libraries --- End
06-01 00:16:07.492   389   389 I Zygote  : Preloading TextResources...
06-01 00:16:07.506   389   389 I Zygote  : Preloading TextResources --- End
06-01 00:16:07.510   389   389 I Zygote  : Uninstalled ICU cache reference pinning...
06-01 00:16:07.517   389   389 I Zygote  : Installed AndroidKeyStoreProvider in 7ms.
06-01 00:16:07.527   389   389 I Zygote  : Warmed up JCA providers in 10ms.
06-01 00:16:07.527   389   389 D Zygote  : end preload
06-01 00:16:07.527   389   389 I art     : Starting a blocking GC Explicit
06-01 00:16:07.538   389   389 I art     : Explicit concurrent mark sweep GC freed 5119(286KB) AllocSpace objects, 0(0B) LOS objects, 26% free, 11MB/15MB, paused 162us total 11.152ms
06-01 00:16:07.539   389   389 I art     : Starting a blocking GC Explicit
06-01 00:16:07.549   389   389 I art     : Explicit concurrent mark sweep GC freed 7(192B) AllocSpace objects, 0(0B) LOS objects, 26% free, 11MB/15MB, paused 122us total 10.241ms
06-01 00:16:07.550   389   389 I Plug-PluginLoad: preloadMappingTable() -- start 
06-01 00:16:07.552   389   389 D MPlugin : preload -- mpinfo : DataProtection.mpinfo
06-01 00:16:07.554   389   389 D MPlugin : preload -- mpinfo : FwkPlugin.mpinfo
06-01 00:16:07.555   389   389 D MPlugin : preloadCertificate() -- Start : 10462
06-01 00:16:07.555   389   389 D MPlugin : preloadCertificate() -- End : 10462
06-01 00:16:07.555   389   389 D MPlugin : precheckFwkPlugin() -- Start : 10462
06-01 00:16:07.555   389   389 D MPlugin : precheckFwkPlugin() -- End : 10462
06-01 00:16:07.555   389   389 D MPlugin : DataProtection.mpinfo exist
06-01 00:16:07.555   389   389 D MPlugin : Load/vendor/plugin/DataProtection/DataProtection.mpinfo sucessfully
06-01 00:16:07.556   389   389 D MPlugin : Put interface : com.mediatek.settings.ext.IDataProtectionExt into InterfaceMap
06-01 00:16:07.557   389   389 D MPlugin : Put interface : com.mediatek.dataprotection into PackageMap
06-01 00:16:07.557   389   389 D MPlugin : FwkPlugin.mpinfo exist
06-01 00:16:07.557   389   389 D MPlugin : Load/vendor/plugin/FwkPlugin/FwkPlugin.mpinfo sucessfully
06-01 00:16:07.559   389   389 D MPlugin : Put interface : com.mediatek.common.net.IConnectivityServiceExt into InterfaceMap
06-01 00:16:07.559   389   389 D MPlugin : Put interface : com.mediatek.common.documentsui.IDocumentsUIExtension into InterfaceMap
06-01 00:16:07.559   389   389 D MPlugin : Put interface : com.mediatek.common.search.IRegionalPhoneSearchEngineExt into InterfaceMap
06-01 00:16:07.559   389   389 D MPlugin : Put interface : com.mediatek.common.telephony.IServiceStateExt into InterfaceMap
06-01 00:16:07.559   389   389 D MPlugin : Put interface : com.mediatek.common.telephony.IUsimPhoneBookManagerExt into InterfaceMap
06-01 00:16:07.559   389   389 D MPlugin : Put interface : com.mediatek.common.notification.IZenModeHelperExt into InterfaceMap
06-01 00:16:07.559   389   389 D MPlugin : Put interface : com.mediatek.common.telephony.IDeviceInformationExt into InterfaceMap
06-01 00:16:07.559   389   389 D MPlugin : Put interface : com.mediatek.common.ims.IImsManagerExt into InterfaceMap
06-01 00:16:07.559   389   389 D MPlugin : Put interface : com.mediatek.common.sms.IInboundAutoRegSmsFwkExt into InterfaceMap
06-01 00:16:07.560   389   389 D MPlugin : Put interface : com.mediatek.common.media.IRCSePriorityExt into InterfaceMap
06-01 00:16:07.560   389   389 D MPlugin : Put interface : com.mediatek.common.telephony.ILteDataOnlyController into InterfaceMap
06-01 00:16:07.560   389   389 D MPlugin : Put interface : com.mediatek.common.telephony.ITelephonyProviderExt into InterfaceMap
06-01 00:16:07.560   389   389 D MPlugin : Put interface : com.mediatek.common.sms.IDupSmsFilterExt into InterfaceMap
06-01 00:16:07.560   389   389 D MPlugin : Put interface : com.mediatek.common.wallpaper.IWallpaperPlugin into InterfaceMap
06-01 00:16:07.560   389   389 D MPlugin : Put interface : com.mediatek.common.media.IOmaSettingHelper into InterfaceMap
06-01 00:16:07.560   389   389 D MPlugin : Put interface : com.mediatek.common.sms.ISmsPlusCodeFwkExt into InterfaceMap
06-01 00:16:07.560   389   389 D MPlugin : Put interface : com.mediatek.common.sms.IDataOnlySmsFwkExt into InterfaceMap
06-01 00:16:07.560   389   389 D MPlugin : Put interface : com.mediatek.common.bootanim.IBootAnimExt into InterfaceMap
06-01 00:16:07.561   389   389 D MPlugin : Put interface : com.mediatek.common.ctm.ICtmExt into InterfaceMap
06-01 00:16:07.561   389   389 D MPlugin : Put interface : com.mediatek.common.telephony.IPhoneNumberExt into InterfaceMap
06-01 00:16:07.561   389   389 D MPlugin : Put interface : com.mediatek.common.lowstorage.ILowStorageExt into InterfaceMap
06-01 00:16:07.561   389   389 D MPlugin : Put interface : com.mediatek.common.telephony.IGsmDCTExt into InterfaceMap
06-01 00:16:07.561   389   389 D MPlugin : Put interface : com.mediatek.common.util.IWebProtocolNames into InterfaceMap
06-01 00:16:07.561   389   389 D MPlugin : Put interface : com.mediatek.common.wifi.IWifiFwkExt into InterfaceMap
06-01 00:16:07.561   389   389 D MPlugin : Put interface : com.mediatek.common.telephony.ISupplementaryServiceExt into InterfaceMap
06-01 00:16:07.561   389   389 D MPlugin : Put interface : com.mediatek.common.telephony.cdma.ICdmaCallTrackerExt into InterfaceMap
06-01 00:16:07.561   389   389 D MPlugin : Put interface : com.mediatek.common.telephony.cat.ICatServiceExt into InterfaceMap
06-01 00:16:07.561   389   389 D MPlugin : Put interface : com.mediatek.common.telephony.ICallerInfoExt into InterfaceMap
06-01 00:16:07.562   389   389 D MPlugin : Put interface : com.mediatek.common.telephony.IGsmConnectionExt into InterfaceMap
06-01 00:16:07.562   389   389 D MPlugin : Put interface : com.mediatek.common.telephony.IUiccControllerExt into InterfaceMap
06-01 00:16:07.562   389   389 D MPlugin : Put interface : com.mediatek.common.telephony.ITelephonyExt into InterfaceMap
06-01 00:16:07.562   389   389 D MPlugin : Put interface : com.mediatek.common.util.IPatterns into InterfaceMap
06-01 00:16:07.562   389   389 D MPlugin : Put interface : com.mediatek.common.sms.IConcatenatedSmsFwkExt into InterfaceMap
06-01 00:16:07.562   389   389 D MPlugin : Put interface : com.mediatek.fwk.plugin into PackageMap
06-01 00:16:07.562   389   389 D MPlugin : preloadPluginInfo() -- End : 10469
06-01 00:16:07.562   389   389 I Plug-PluginLoad: preloadMappingTable() -- end 
06-01 00:16:07.563   389   938 I art     : Starting a blocking GC HeapTrim
06-01 00:16:07.565   389   389 I art     : Starting a blocking GC Background
06-01 00:16:07.567   391   391 D Sunwave : IC8221 820:state = 6800, speed:2800k
06-01 00:16:07.571   391   391 D Sunwave : IC8221 647:soft reset
06-01 00:16:07.572   391   391 D Sunwave : IC8221 2929:ic version:4
06-01 00:16:07.573   391   391 D Sunwave : IC8221 2934:ic is D version
06-01 00:16:07.575   391  1095 D Sunwave : sw_sensor 221:irq receive wake, but g_bIrqEnable = 0
06-01 00:16:07.600   389   389 I main    : type=1400 audit(0.0:81): avc: denied { getattr } for path="/proc/ged" dev="proc" ino=4026532520 scontext=u:r:zygote:s0 tcontext=u:object_r:proc_ged:s0 tclass=file permissive=1
06-01 00:16:07.609   389   389 I Zygote  : System server process 1108 has been created
06-01 00:16:07.608  1108  1108 I main    : type=1400 audit(0.0:82): avc: denied { read } for name="ged" dev="proc" ino=4026532520 scontext=u:r:zygote:s0 tcontext=u:object_r:proc_ged:s0 tclass=file permissive=1
06-01 00:16:07.608  1108  1108 I main    : type=1400 audit(0.0:83): avc: denied { open } for path="/proc/ged" dev="proc" ino=4026532520 scontext=u:r:zygote:s0 tcontext=u:object_r:proc_ged:s0 tclass=file permissive=1
06-01 00:16:07.611   389   389 I Zygote  : Accepting command socket connections
06-01 00:16:07.644  1108  1108 W Zygote  : Got error connecting to zygote, retrying. msg= Connection refused
06-01 00:16:07.747   391   391 D Sunwave : IC8221 820:state = 6800, speed:2800k
06-01 00:16:07.751   391   391 D Sunwave : FpBadPointCheck 163:bad_pix_num:0
06-01 00:16:07.751   391   391 D Sunwave : FpBadPointCheck 111:deadBlockCount:0
06-01 00:16:07.788   391   391 D Sunwave : sw-hal 154:pin reset
06-01 00:16:07.794   391   391 D Sunwave : IC8221 2388:OTP load data is ok 
06-01 00:16:07.795   391   391 D Sunwave : sw-time 91:getBadPoint time:400ms
06-01 00:16:07.795   391   391 D Sunwave : FpFinger 1096:initBadpointCheck end
06-01 00:16:07.795   391   391 D Sunwave : FpFinger 1101:initNavigation start
06-01 00:16:07.795   391   391 D Sunwave : FpNavigation 39:nav col:48, row:48
06-01 00:16:07.795   391   391 D Sunwave : FpNavigation 48:module_id:8221
06-01 00:16:07.795   391   391 D Sunwave : FpFinger 1104:initNavigation end
06-01 00:16:07.800   391   391 E Sunwave : FpFinger(loadConfigFile 391) error:file /data/system/users/sunwave/fingerCfg not exits!
06-01 00:16:07.800   391   391 D Sunwave : FpIdentify 217:match init:0
06-01 00:16:07.801   391   391 I Sunwave : FpFinger 1402: dir /data/system/users/sunwave  exits
06-01 00:16:07.801   391   391 I Sunwave : FpFinger 1409: file /data/system/users/sunwave/fingerCfg  not exits
06-01 00:16:07.801   391   391 I Sunwave : FpFinger 1428: fail:/data/data/sunwave
06-01 00:16:07.801   391   391 D Sunwave : sw_sensor 186:set new callback
06-01 00:16:07.801   391   391 I Sunwave : FpCore 504:fpserver: N6.4.1 Dec 13 2017 16:33:07; lib:2046001; fw:Oct 27 2017-9261-00-0031; nav_lib:403200
06-01 00:16:07.801   391   391 I Sunwave : FpCore 506:attribute:tee 0;fifo 0;irq 0;
06-01 00:16:07.801   391   391 I Sunwave : FpCore 507:debug image release must be 0, now is:0
06-01 00:16:07.801   391   391 I Sunwave : FpCore 511:fp Second func:nav 2 
06-01 00:16:07.801   391   391 I Sunwave : FpCore 536:sw 533 N6.4.1
06-01 00:16:07.801   391   391 I Sunwave : FpCore 541:lib:2046001
06-01 00:16:07.801   391   391 I Sunwave : FpCore 546:fw:00-31
06-01 00:16:07.801   391   391 D Sunwave : FpCalibrateOther 29:initialize
06-01 00:16:07.801   391   391 D Sunwave : FpCalibrateOther 60:mCalDataSize=10382,fillsize=0
06-01 00:16:07.801   391  1095 D Sunwave : sw_sensor 221:irq receive wake, but g_bIrqEnable = 0
06-01 00:16:07.802   391   391 D Sunwave : IC8221 647:soft reset
06-01 00:16:07.810   352   683 I MAL-RILP:  (void *rilproxy_cmd_resp_,  595) RIL Command thread try to connect the rild (rilproxy-mal) by default
06-01 00:16:07.810   352   683 E MAL-RILP:  (void *rilproxy_cmd_resp_,  602) can't open socket : rilproxy-mal (Connection refused)
06-01 00:16:07.825   391  1095 D Sunwave : sw_sensor 221:irq receive wake, but g_bIrqEnable = 0
06-01 00:16:07.825   391   391 D Sunwave : IC8221 647:soft reset
06-01 00:16:07.827   391   391 I Sunwave : FpCalibrateOther 91: IC Calibrate OK... K[0-1]:F0 5A
06-01 00:16:07.827   391   391 D Sunwave : FpCalibrateOther 104:ecc_calc=65  crc65
06-01 00:16:07.827   391   391 I Sunwave : FpCalibrateOther 107:Calibrate data crc OK:65
06-01 00:16:07.827   391   391 D Sunwave : FpCalibrateOther 127:Calibrateflag =23280,max=0.001389,min=0.000000
06-01 00:16:07.827   391   391 D Sunwave : sw_sensor 704:fp Stub: init_monitor_thread
06-01 00:16:07.827   391   391 D Sunwave : sw_sensor 298:sw-sensor create_esd_check_timer
06-01 00:16:07.827   391   391 I Sunwave : FpService 121:FpService init OK
06-01 00:16:07.827   391  1138 D Sunwave : FpCore 158:wang test
06-01 00:16:07.828   391  1138 D Sunwave : FpCore 191:run cmd:CMD_KEY
06-01 00:16:07.828   391  1138 D Sunwave : FpFinger 3154:startNavigationKeyFunc enter
06-01 00:16:07.829   391   391 D Sunwave : FpServer 24:fpService End
06-01 00:16:07.833   391  1138 D Sunwave : IC8221 1644:m_spi_speed:2800k
06-01 00:16:07.833   391  1138 D Sunwave : IC8221 1655:ic8221_compare_code_conf compare time = 4 ms
06-01 00:16:07.834   391  1138 D Sunwave : IC8221 2388:OTP load data is ok 
06-01 00:16:07.839   391  1138 D Sunwave : IC8221 1695:DUMMY_0_1: 18
06-01 00:16:07.839   391  1138 D Sunwave : sw-hal 248:wait int forever
06-01 00:16:07.848   392   802 W BatteryNotifier: batterystats service unavailable!
06-01 00:16:07.848   392   802 D AudioFlinger_Threads: thread 0xe5503c80 type 0 TID 802 going to sleep
06-01 00:16:07.858   391  1095 D Sunwave : sw_sensor 218:irq receive wake thread
06-01 00:16:07.859   391  1138 D Sunwave : IC8221 1149:valid_int1 status:0400
06-01 00:16:07.859   391  1138 D Sunwave : IC8221 1169:irq: mcu int ok
06-01 00:16:07.860   392   805 W BatteryNotifier: batterystats service unavailable!
06-01 00:16:07.860   392   805 D AudioFlinger_Threads: thread 0xe52032c0 type 0 TID 805 going to sleep
06-01 00:16:07.861   391  1138 D Sunwave : IC8221 1480:the type of IC is Support navigation function
06-01 00:16:07.866   391  1138 D Sunwave : IC8221 1533:config read start...
06-01 00:16:07.870   391  1138 D Sunwave : IC8221 1560:config: copy info data:
06-01 00:16:07.870   391  1138 D Sunwave : IC8221 956:sensor version:4
06-01 00:16:07.871   391  1138 D Sunwave : IC8221 961:sw id:0x533
06-01 00:16:07.871   391  1138 D Sunwave : IC8221 1562:config: check if ok
06-01 00:16:07.871   391  1138 D Sunwave : IC8221 1579:config: ok
06-01 00:16:07.876   391  1138 D Sunwave : IC8221 1655:ic8221_compare_code_conf compare time = 14 ms
06-01 00:16:07.877   391  1138 D Sunwave : IC8221 1773:ic8221_wait_nav_mod_cfg
06-01 00:16:07.877   391  1138 D Sunwave : IC8221 2388:OTP load data is ok 
06-01 00:16:07.876  1126  1126 I rilproxy: type=1400 audit(0.0:84): avc: denied { read } for name="ged" dev="proc" ino=4026532520 scontext=u:r:rilproxy:s0 tcontext=u:object_r:proc_ged:s0 tclass=file permissive=1
06-01 00:16:07.881  1126  1126 D FPO_MSG : fpoServiceRegister : (0, FpoAggressiveFpsStrategy)
06-01 00:16:07.880  1126  1126 I rilproxy: type=1400 audit(0.0:85): avc: denied { open } for path="/proc/ged" dev="proc" ino=4026532520 scontext=u:r:rilproxy:s0 tcontext=u:object_r:proc_ged:s0 tclass=file permissive=1
06-01 00:16:07.883   391  1138 D Sunwave : IC8221 1695:DUMMY_0_1: 1a
06-01 00:16:07.883   391  1138 D Sunwave : sw-hal 248:wait int forever
06-01 00:16:07.885  1126  1126 D MFI-Conn:  (        main_entity_init,  131) main_entity_init(): Chiptest Enables = "NaN"
06-01 00:16:07.885  1126  1126 I MFI-Conn:  (           get_load_type,   73) get_load_type: property_value user
06-01 00:16:07.885  1126  1126 I MFI-Conn:  (           get_load_type,   77) get_load_type: user (0)
06-01 00:16:07.885  1126  1126 I MFI-Conn:  (        main_entity_init,  190) ########## main_entity_init() has finished @@@@@@@@@@
06-01 00:16:07.885  1126  1126 I MFI-Conn:  (          mal_mfia_start,  118) mal_mfia_start(): the main entity has been initialized with Version 1.0.170222I7e537d5f7!!
06-01 00:16:07.885  1126  1126 E MFI-Conn:  (          mfia_task_exec, 1442) ==== thrd_task_exec(): the internal FD 7 for conn. is connected!! ====
06-01 00:16:07.886  1126  1126 I MFI-Conn:  (          mal_mfia_start,  140) mal_mfia_start(): the MFIA entity has been initialized!!
06-01 00:16:07.886  1126  1161 I MFI-Conn:  (        wait_nvram_ready,  135) service.nvram_init = Ready
06-01 00:16:07.886  1126  1161 I MFI-Conn:  (     mfia_task_bootstrap,  800) mfia_task_bootstrap(): the ctrl_chnl with FD 9 has been initialized!!
06-01 00:16:07.886   352   573 I MAL-Daemon:  (      mfi_task_bootstrap,  331) mfi_task_bootstrap(): the conn_sock 32 has been created!!
06-01 00:16:07.887   352   573 I MAL-Daemon:  (      mfi_task_bootstrap,  421) mfi_task_bootstrap(): an event EVENT_MFIA_CTRL_CHNL_INIT(7) with seq(-1) and len(0) incoming from FD 32!!
06-01 00:16:07.887   352   573 E MAL-Daemon:  (      mfi_task_bootstrap,  432) mfi_task_bootstrap(): a control channel with FD 32 has been established!!
06-01 00:16:07.916  1126  1166 D rilp-agps: [agps][n][RILP] RpAgpsSlotController::Constructor 0x7ca10a80
06-01 00:16:07.916  1126  1166 D rilp-agps: [agps][n][RILP] RpAgpsSlotController::onInit slotID = 0, this = 0x7ca10a80
06-01 00:16:07.923  1126  1166 D rilp-agps: [agps][n][RILP] RpAgpsSlotController::Constructor 0x7ca11180
06-01 00:16:07.923  1126  1166 D rilp-agps: [agps][n][RILP] RpAgpsSlotController::onInit slotID = 1, this = 0x7ca11180
06-01 00:16:07.925  1126  1166 D rilp-agps: [agps][n][RILP] RpAgpsNSlotController::Constructor 0x7ca70e00
06-01 00:16:07.925  1126  1166 D rilp-agps: [agps][n][RILP] RpAgpsNSlotController::onInit slotID = -1
06-01 00:16:07.925  1126  1166 D rilp-agps: [agps][n][RILP] RpAgpsdAdapter Constructor 0x7ea5b050
06-01 00:16:07.925  1126  1166 D rilp-agps: [agps][n][RILP] RpAgpsdAdapter::onInit
06-01 00:16:07.925  1126  1166 D rilp-agps: [agps][n][RILP] RpAgpsThread::create
06-01 00:16:07.925  1126  1166 D rilp-agps: [agps][n][RILP] RpAgpsThread Construct 0x7ca36000
06-01 00:16:07.926  1126  1183 D rilp-agps: [agps][n][RILP] RpAgpsThread::readyToRun
06-01 00:16:07.926  1126  1183 D rilp-agps: [agps][n][RILP] RpAgpsdAdapter::registerFd
06-01 00:16:07.933   352   573 I MAL-Daemon:  (      mfi_task_bootstrap,  421) mfi_task_bootstrap(): an event EVENT_ATMNGR_URC(18) with seq(-2) and len(4108) incoming from FD 31!!
06-01 00:16:07.940   383   383 D NVRAM   : NVM_GetFileDesc ++
06-01 00:16:07.942   383   383 D NVRAM   : length of g_NVRAM_BACKUP_DEVICE=59
06-01 00:16:07.942   383   383 D NVRAM   : nvram_layout_callback will run!!!
06-01 00:16:07.942   383   383 D NVRAM   : log_block: 2 resv_block: 2 DM_block: 1 layout_version: 0 header_offset: 0
06-01 00:16:07.942   383   383 D NVRAM   : g_i4CFG_File_Count: 52
06-01 00:16:07.942   383   383 D NVRAM   : NVM_Init Max Lid: 78
06-01 00:16:07.942   383   383 D NVRAM   : [NVRAM]: info nvram_gpt_flag =1
06-01 00:16:07.942   383   383 D NVRAM   : [NVRAM]: info NVRAM Init Completed!
06-01 00:16:07.942   383   383 D NVRAM   : NVM_GetCfgFileTable : file_lid = 77
06-01 00:16:07.942   383   383 D NVRAM   : NVM_GetCfgFileTable done
06-01 00:16:07.942   383   383 D NVRAM   : Open /data/nvram/APCFG/APRDCL/FG,LID:77
06-01 00:16:07.942   383   383 D NVRAM   : NVM_CmpFileVerNo 77  
06-01 00:16:07.942   383   383 D NVRAM   : NVM_GetCfgFileTable : file_lid = 77
06-01 00:16:07.942   383   383 D NVRAM   : Check if FILE_VER exists before openning it!
06-01 00:16:07.942   383   383 D NVRAM   : NVM_CheckVerFile: 1
06-01 00:16:07.942   383   383 D NVRAM   : New version info file
06-01 00:16:07.943   383   383 D NVRAM   : Load File Version: 001, NvRam File Version: 001
06-01 00:16:07.943   383   383 D NVRAM   : no need to enc/dnc
06-01 00:16:07.943   383   383 D NVRAM   : NVM_CheckFileSize : 77 ++ iCustomBeginLID=52
06-01 00:16:07.943   383   383 D NVRAM   : NVM_CheckVerFile: 1
06-01 00:16:07.943   383   383 D NVRAM   : NVM_GetCfgFileTable : file_lid = 77
06-01 00:16:07.943   383   383 D NVRAM   : NVM_CheckFileSize:stat_size:26,size in table:24
06-01 00:16:07.943   383   383 D NVRAM   : NVM_CheckFile: File is correct!
06-01 00:16:07.943   383   383 D NVRAM   : NVM_ProtectUserData:Check Success
06-01 00:16:07.944   383   383 D NVRAM   : NVM_GetFileDesc ProtectDataFile Check Success!!
06-01 00:16:07.944   383   383 D NVRAM   : NVM_GetFileDesc --
06-01 00:16:07.944   383   383 D NVRAM   : no need to enc/dnc
06-01 00:16:07.944   383   383 D NVRAM   : NVM_CloseFileDesc: Open by Readonly, no need to check when close
06-01 00:16:07.949   352   573 I MAL-Daemon:  (      mfi_task_bootstrap,  421) mfi_task_bootstrap(): an event EVENT_ATMNGR_URC(18) with seq(-2) and len(4108) incoming from FD 31!!
06-01 00:16:08.059   393   393 I ServiceManager: Waiting for service media.camera.proxy...
06-01 00:16:08.119   368   843 E VT_ERROR: [SRV] [VT THREAD] [VT_Bind] des = volte_imsvt1 Fail to connect . retry count: 1
06-01 00:16:08.120   368   843 D VT_DEBUG: [SRV] isIMCBrun : False
06-01 00:16:08.380   400   400 V NatController: runCmd(/system/bin/iptables -w -F natctrl_FORWARD) res=0
06-01 00:16:08.397   400   400 V NatController: runCmd(/system/bin/ip6tables -w -F natctrl_FORWARD) res=0
06-01 00:16:08.413   400   400 V NatController: runCmd(/system/bin/iptables -w -A natctrl_FORWARD -j DROP) res=0
06-01 00:16:08.429   400   400 V NatController: runCmd(/system/bin/iptables -w -t nat -F natctrl_nat_POSTROUTING) res=0
06-01 00:16:08.445   400   400 V NatController: runCmd(/system/bin/ip6tables -w -t raw -F natctrl_raw_PREROUTING) res=0
06-01 00:16:08.461   400   400 V NatController: runCmd(/system/bin/iptables -w -F natctrl_tether_counters) res=1
06-01 00:16:08.477   400   400 V NatController: runCmd(/system/bin/ip6tables -w -F natctrl_tether_counters) res=1
06-01 00:16:08.492   400   400 V NatController: runCmd(/system/bin/iptables -w -X natctrl_tether_counters) res=1
06-01 00:16:08.508   400   400 V NatController: runCmd(/system/bin/ip6tables -w -X natctrl_tether_counters) res=1
06-01 00:16:08.524   400   400 V NatController: runCmd(/system/bin/iptables -w -N natctrl_tether_counters) res=0
06-01 00:16:08.541   400   400 V NatController: runCmd(/system/bin/ip6tables -w -N natctrl_tether_counters) res=0
06-01 00:16:08.557   400   400 V NatController: runCmd(/system/bin/iptables -w -t mangle -A natctrl_mangle_FORWARD -p tcp --tcp-flags SYN SYN -j TCPMSS --clamp-mss-to-pmtu) res=0
06-01 00:16:08.607   351   592 I BufferQueueProducer: [BootAnimation](this:0x7382f93800,id:1,api:1,p:762,c:351) queueBuffer: fps=4.35 dur=1148.21 max=240.33 min=211.68
06-01 00:16:08.615   351   351 I DisplayDevice: [Built-in Screen (type:0)] fps:4.346535,dur:1150.34,max:250.10,min:200.10
06-01 00:16:08.645  1108  1108 W Zygote  : Got error connecting to zygote, retrying. msg= Connection refused
06-01 00:16:08.755   400   400 E Netd    : cannot find interface dummy0
06-01 00:16:08.757   400   400 I PerfController: user type is loaded
06-01 00:16:08.759   400  1233 I PerfController: chip_platform Hardware	: MT6757CD
06-01 00:16:08.758   400   400 D MDnsDS  : MDnsSdListener::Hander starting up
06-01 00:16:08.759   400  1233 I ThroughputMonitor: ThroughputMonitor is running, thread id = 1233!
06-01 00:16:08.760   400  1239 D MDnsDS  : MDnsSdListener starting to monitor
06-01 00:16:08.760   400  1239 D MDnsDS  : Going to poll with pollCount 1
06-01 00:16:08.811   352   683 I MAL-RILP:  (void *rilproxy_cmd_resp_,  592) RIL Command thread try to connect the rild (rilproxy-mal) by property
06-01 00:16:08.812   352   683 I MAL-RILP:  (void *rilproxy_cmd_resp_,  608) RIL Command socket connect success, fd = 33
06-01 00:16:08.813   352   576 I MAL-DATAMNGR:  (        record_task_info,  310) [DMGR-INF] record task rildproxy
06-01 00:16:08.813   352   701 I MAL-SIMMNGR:  (simmngr_cache_event_id_c,  228)  228 EN_SIM:simmngr_cache_event_id_compare(3008), cond=3008!!
06-01 00:16:08.813   352   701 I MAL-SIMMNGR:  (  do_simmngr_srv_handler, 4181) 4181 EN_SIM:simmngr_srv(0), get first notify message(3008),state = 0
06-01 00:16:08.814   352   699 E MAL-SIMMNGR:  ( simmngr_task_notify_hdl, 4156) 4156 EN_SIM:simmngr_task_notify_hdl(): an unknown event : 3008
06-01 00:16:08.814   352   697 I MAL-SIMMNGR:  (  simmngr_task_check_hdl, 3576) 3576 EN_SIM:simmngr_task_check_hdl() event_id : 3008
06-01 00:16:08.814   352   697 E MAL-SIMMNGR:  (  simmngr_task_check_hdl, 3895) 3895 EN_SIM:simmngr_task_check_hdl(): an unknown event : 3008
06-01 00:16:08.814   352   695 E MAL-SIMMNGR:  (        simmngr_task_hdl, 3546) 3546 EN_SIM:simmngr_task_hdl(): an unknown event : 3008
06-01 00:16:08.814   352   658 I MAL-RDS :  ( rds_ru_mdmngr_state_ind, 9168) [RDS-I][RDS][RU][rds_ru_mdmngr_state_ind] Get MDMngr state(0)
06-01 00:16:08.814   352   658 I MAL-RDS :  ( rds_ru_mdmngr_state_ind, 9171) [RDS-I][RDS][RU][rds_ru_mdmngr_state_ind] MDMngr Ready, try ATcmd cfg MD
06-01 00:16:08.814   352   658 W MAL-RDS :  (  ru_ims_ctrl_send_atcmd, 1505) [RDS-W][RU][ru_ims_ctrl_send_atcmd] MDmngr(1) or Epdgs(0) is not ready
06-01 00:16:08.814   352   658 W MAL-RDS :  (         ru_check_imsrat, 7799) [RDS-W][RU][ru_check_imsrat] MDmngr(1) or Epdgs(0) is not ready
06-01 00:16:08.814   352   656 I MAL-RDS :  (             rds_rb_task,  174) [RDS-I][RB][rds_rb_task] RCV Event: 3008 , sim: 1
06-01 00:16:08.814   352   656 E MAL-RDS :  (             rds_rb_task,  640) [RDS-E][RB][rds_rb_task] Undefined Event: 3008 
06-01 00:16:08.814   352   648 I MAL-RDS :  ( rds_ru_mdmngr_state_ind, 9168) [RDS-I][RDS][RU][rds_ru_mdmngr_state_ind] Get MDMngr state(0)
06-01 00:16:08.814   352   648 I MAL-RDS :  ( rds_ru_mdmngr_state_ind, 9171) [RDS-I][RDS][RU][rds_ru_mdmngr_state_ind] MDMngr Ready, try ATcmd cfg MD
06-01 00:16:08.814   352   648 W MAL-RDS :  (  ru_ims_ctrl_send_atcmd, 1505) [RDS-W][RU][ru_ims_ctrl_send_atcmd] MDmngr(1) or Epdgs(0) is not ready
06-01 00:16:08.814   352   648 W MAL-RDS :  (         ru_check_imsrat, 7799) [RDS-W][RU][ru_check_imsrat] MDmngr(1) or Epdgs(0) is not ready
06-01 00:16:08.814   352   646 I MAL-RDS :  (             rds_rb_task,  174) [RDS-I][RB][rds_rb_task] RCV Event: 3008 , sim: 0
06-01 00:16:08.814   352   646 E MAL-RDS :  (             rds_rb_task,  640) [RDS-E][RB][rds_rb_task] Undefined Event: 3008 
06-01 00:16:08.814   352   636 E MAL-RDS :  (            rds_rum_task, 1142) [RDS-E][RUM][rds_rum_task] Undefined Event: 3008 
06-01 00:16:08.814   352   630 I MAL-NWMNGR:  (nwmngr_cell_info_task_hd,  756) received event ID EVENT_MDMNGR_STATE_NOTIFY(3008) data len 4
06-01 00:16:08.814   352   627 I MAL-NWMNGR:  (   nwmngr_iwlan_task_hdl,  171) received event ID EVENT_MDMNGR_STATE_NOTIFY(3008) data len 4
06-01 00:16:08.814   352   623 E MAL-MDMNGR:  (         mdmngr_task_hdl,  255) host_entity_rx_task_hdl(): an unknown event(ID=3008) (vendor/mediatek/proprietary/frameworks/opt/mal/entity/mdmngr/mdmngr.c:255)
06-01 00:16:08.814   352   622 E MAL-MDMNGR:  (         mdmngr_task_hdl,  255) host_entity_rx_task_hdl(): an unknown event(ID=3008) (vendor/mediatek/proprietary/frameworks/opt/mal/entity/mdmngr/mdmngr.c:255)
06-01 00:16:08.815   352   621 E MAL-MDMNGR:  (         mdmngr_task_hdl,  255) host_entity_rx_task_hdl(): an unknown event(ID=3008) (vendor/mediatek/proprietary/frameworks/opt/mal/entity/mdmngr/mdmngr.c:255)
06-01 00:16:08.815   352   619 E MAL-MDMNGR:  (         mdmngr_task_hdl,  255) host_entity_rx_task_hdl(): an unknown event(ID=3008) (vendor/mediatek/proprietary/frameworks/opt/mal/entity/mdmngr/mdmngr.c:255)
06-01 00:16:08.815   352   619 D MAL-MDMNGR:  (         mdmngr_task_hdl,  152) EVENT_MDMNGR_ATCMD_REQ@MDMNGR, event = 3002, priv_data = e9ab1e60, channel = 305, sim_slot=0, md_type=0, cmd =(AT+CMEE=1), prefix=(NULL) (vendor/mediatek/proprietary/frameworks/opt/mal/entity/mdmngr/mdmngr.c:152)
06-01 00:16:08.815   352   612 E MAL-MDMNGR:  (         mdmngr_task_hdl,  255) host_entity_rx_task_hdl(): an unknown event(ID=3008) (vendor/mediatek/proprietary/frameworks/opt/mal/entity/mdmngr/mdmngr.c:255)
06-01 00:16:08.815   352   601 E MAL-MDMNGR:  (         mdmngr_task_hdl,  255) host_entity_rx_task_hdl(): an unknown event(ID=3008) (vendor/mediatek/proprietary/frameworks/opt/mal/entity/mdmngr/mdmngr.c:255)
06-01 00:16:08.815   352   599 E MAL-MDMNGR:  (         mdmngr_task_hdl,  255) host_entity_rx_task_hdl(): an unknown event(ID=3008) (vendor/mediatek/proprietary/frameworks/opt/mal/entity/mdmngr/mdmngr.c:255)
06-01 00:16:08.815   352   597 D MAL-IMSMNGR:  (        imsmngr_task_hdl,  177) imsmngr_task_hdl(), receive event = 3008
06-01 00:16:08.815   352   597 E MAL-IMSMNGR:  (        imsmngr_task_hdl,  221) imsmngr_task_hdl(): an unknown event
06-01 00:16:08.815   352   587 D MAL-EPDGA:  (   ea_on_notify_task_hdl,  370) [epdga] receive EVENT_MDMNGR_STATE_NOTIFY
06-01 00:16:08.815   352   586 D MAL-EPDGA:  (          filter_n_print,   57) [epdga] receive EVENT_MDMNGR_STATE_NOTIFY
06-01 00:16:08.815   352   585 D MAL-EPDGA:  (          filter_n_print,   57) [epdga] receive EVENT_MDMNGR_STATE_NOTIFY
06-01 00:16:08.815   352   584 D MAL-EPDGA:  (          filter_n_print,   57) [epdga] receive EVENT_MDMNGR_STATE_NOTIFY
06-01 00:16:08.815   352   575 W MAL-Daemon:  (          atmngr_urc_hdl,  548) atmngr_urc_hdl(): An unknown event EVENT_MDMNGR_STATE_NOTIFY(3008)!!
06-01 00:16:08.815   352   571 W MAL-Daemon:  (       connmngr_main_hdl,  363) connmngr_main_hdl(): An unknown event EVENT_MDMNGR_STATE_NOTIFY(3008)!!
06-01 00:16:08.815   352   685 D MAL-RILP:  (void *rilproxy_task_hdl(,  398) rilproxy_task_hdl(), receive event = 2002
06-01 00:16:08.816   352   685 I MAL-RILP:  (void *rilproxy_task_hdl(,  493) req channel = 305, ril_request_id = 2106, channel = 4, at_cmd = AT+CMEE=1
06-01 00:16:08.816   352   685 I MAL-RILP:  (int rilproxy_send_ril_re,  276) send ril request, header_size = 4, sim_id = 0, request_id = 2106, serial_no = 200, length = 24000000, send_size = 36(24), fd = 33
06-01 00:16:09.060   393   393 I ServiceManager: Waiting for service media.camera.proxy...
06-01 00:16:09.108   352   573 I MAL-Daemon:  (      mfi_task_bootstrap,  421) mfi_task_bootstrap(): an event EVENT_ATMNGR_URC(18) with seq(-2) and len(4108) incoming from FD 31!!
06-01 00:16:09.111   352   573 I MAL-Daemon:  (      mfi_task_bootstrap,  421) mfi_task_bootstrap(): an event EVENT_ATMNGR_URC(18) with seq(-2) and len(4108) incoming from FD 31!!
06-01 00:16:09.112   352   699 I MAL-SIMMNGR:  ( simmngr_task_notify_hdl, 3936) 3936 EN_SIM:EVENT_MDMNGR_ATURC_NOTIFY (
06-01 00:16:09.112   352   699 I MAL-SIMMNGR: +EUSIM: 2, 2
06-01 00:16:09.112   352   699 I MAL-SIMMNGR: ), sim id=0,md type=0,type=0
06-01 00:16:09.112   352   699 I MAL-SIMMNGR:  ( simmngr_task_notify_hdl, 4087) 4087 EN_SIM:EVENT_SIMMNGR_SIM_USIM_DETECT_NOTIFY, trigger sim data cache with notify type 1,sim id 0
06-01 00:16:09.112   352   701 I MAL-SIMMNGR:  (simmngr_cache_event_id_c,  228)  228 EN_SIM:simmngr_cache_event_id_compare(5021), cond=5023!!
06-01 00:16:09.112   352   709 I MAL-Daemon:  (     mfia_task_bootstrap,  931) mfia_task_bootstrap(): an event EVENT_SIMMNGR_SIM_USIM_DETECT_NOTIFY(5010) with seq(1) and len(8) incoming from FD 17!!
06-01 00:16:09.112   352   569 D MFI-SIMMNGR:  (   sim_entity_except_hdl,  589) sim_entity_except_hdl(): Here am I, event id=5010. 
06-01 00:16:09.112   352   569 D MFI-SIMMNGR:  (   sim_entity_except_hdl,  627) EVENT_SIMMNGR_SIM_USIM_DETECT_NOTIFY : mal_ptr sim_id :0, usim_detect sim_id: 0, arg_ptr :0xe9ae05d0
06-01 00:16:09.112   352   569 D MAL-IMSM: imsm_mal_sim_usim_detect() sim_id = 0 priv = 0xe85a6000 (vendor/mediatek/proprietary/frameworks/opt/mal/volte_imsm/src/request_handler.c:591)
06-01 00:16:09.112   352   716 D MAL-IMSM: ===> event queue = 0xe85a6000, sim_id = 0, request_id = 800101 (vendor/mediatek/proprietary/frameworks/opt/mal/volte_imsm/src/imsm_handler.c:5903)
06-01 00:16:09.112   352   716 D MAL-IMSM: MSG_ID_WRAP_MAL_IMSM_USIM_DETECT_NOTIFY_IND (vendor/mediatek/proprietary/frameworks/opt/mal/volte_imsm/src/imsm_handler.c:5376)
06-01 00:16:09.117   352   573 I MAL-Daemon:  (      mfi_task_bootstrap,  421) mfi_task_bootstrap(): an event EVENT_ATMNGR_URC(18) with seq(-2) and len(4108) incoming from FD 31!!
06-01 00:16:09.117   352   648 I MAL-RDS :  (         rds_ru_urc_hdlr, 2441) [RDS-I][RDS][rds_ru_urc_hdlr] get URC data: +ESIMS: 0,1
06-01 00:16:09.117   352   648 I MAL-RDS :  (         rds_ru_urc_hdlr, 2732) [RDS-I][RDS][RU][rds_ru_urc_hdlr] SIM PlugOut(0) detected, do resets...
06-01 00:16:09.117   352   648 I MAL-RDS :  (    ru_send_event_entity,  455) [RDS-I][RDS][RU][ru_send_event_entity] send event 9032 to 902 with ret(0)
06-01 00:16:09.117   352   646 I MAL-RDS :  (             rds_rb_task,  174) [RDS-I][RB][rds_rb_task] RCV Event: 9032 , sim: 0
06-01 00:16:09.117   352   699 I MAL-SIMMNGR:  ( simmngr_task_notify_hdl, 3936) 3936 EN_SIM:EVENT_MDMNGR_ATURC_NOTIFY (
06-01 00:16:09.117   352   699 I MAL-SIMMNGR: +ESIMS: 0,1
06-01 00:16:09.117   352   699 I MAL-SIMMNGR: ), sim id=0,md type=0,type=0
06-01 00:16:09.117   352   699 I MAL-SIMMNGR:  ( simmngr_task_notify_hdl, 4056) 4056 EN_SIM:EVENT_SIMMNGR_SIM_INSERT_STATE_NOTIFY, trigger EVENT_SIMMNGR_SIM_CACHE_CLEAR with notify type 0,sim id 0
06-01 00:16:09.117   352   701 I MAL-SIMMNGR:  (simmngr_cache_event_id_c,  228)  228 EN_SIM:simmngr_cache_event_id_compare(5022), cond=5023!!
06-01 00:16:09.143   352   573 I MAL-Daemon:  (      mfi_task_bootstrap,  421) mfi_task_bootstrap(): an event EVENT_ATMNGR_URC(18) with seq(-2) and len(4108) incoming from FD 31!!
06-01 00:16:09.143   352   699 I MAL-SIMMNGR:  ( simmngr_task_notify_hdl, 3936) 3936 EN_SIM:EVENT_MDMNGR_ATURC_NOTIFY (
06-01 00:16:09.143   352   699 I MAL-SIMMNGR: +EIND: 32
06-01 00:16:09.143   352   699 I MAL-SIMMNGR: ), sim id=0,md type=0,type=0
06-01 00:16:09.143   352   699 W MAL-SIMMNGR:  ( simmngr_task_notify_hdl, 4043) 4043 EN_SIM:EVENT_SIMMNGR_SIM_INSERT_STATE_NOTIFY with +EIND: 32: current no cached data for sim_slot(0) with SIM_QUERY_STATE's cache_data NULL , no need to do cache clear
06-01 00:16:09.147   352   573 I MAL-Daemon:  (      mfi_task_bootstrap,  421) mfi_task_bootstrap(): an event EVENT_ATMNGR_URC(18) with seq(-2) and len(4108) incoming from FD 31!!
06-01 00:16:09.215   352   573 I MAL-Daemon:  (      mfi_task_bootstrap,  421) mfi_task_bootstrap(): an event EVENT_ATMNGR_URC(18) with seq(-2) and len(4108) incoming from FD 31!!
06-01 00:16:09.216   352   699 I MAL-SIMMNGR:  ( simmngr_task_notify_hdl, 3936) 3936 EN_SIM:EVENT_MDMNGR_ATURC_NOTIFY (
06-01 00:16:09.216   352   699 I MAL-SIMMNGR: +EIND: 2
06-01 00:16:09.216   352   699 I MAL-SIMMNGR: ), sim id=0,md type=0,type=0
06-01 00:16:09.216   352   699 E MAL-SIMMNGR:  ( simmngr_task_notify_hdl, 4046) 4046 EN_SIM:EVENT_MDMNGR_ATURC_NOTIFY: an unknown type : 0
06-01 00:16:09.279   352   573 I MAL-Daemon:  (      mfi_task_bootstrap,  421) mfi_task_bootstrap(): an event EVENT_ATMNGR_URC(18) with seq(-2) and len(4108) incoming from FD 31!!
06-01 00:16:09.279   352   699 I MAL-SIMMNGR:  ( simmngr_task_notify_hdl, 3936) 3936 EN_SIM:EVENT_MDMNGR_ATURC_NOTIFY (
06-01 00:16:09.279   352   699 I MAL-SIMMNGR: +EIND: 1
06-01 00:16:09.279   352   699 I MAL-SIMMNGR: ), sim id=0,md type=0,type=0
06-01 00:16:09.279   352   699 E MAL-SIMMNGR:  ( simmngr_task_notify_hdl, 4046) 4046 EN_SIM:EVENT_MDMNGR_ATURC_NOTIFY: an unknown type : 0
06-01 00:16:09.311   352   683 I MAL-RILP:  (void *rilproxy_cmd_resp_,  705) recv ril resp, length = 36, type = 0, result = 0, serial_no = 200, header_size = 8, ret= 12, sizeof(header_size) = 4, sim_id = 0, event_id = 2002
06-01 00:16:09.311   352   619 D MAL-MDMNGR:  (         mdmngr_task_hdl,  216) EVENT_MDMNGR_ATCMD_RESP@MDMNGR, event_req = e9ab1e60, ID = 3002, priv_data = 0xe9ab21e0, result = (0), prefix=(NULL), sim_slot=(0), md_type=(0) (vendor/mediatek/proprietary/frameworks/opt/mal/entity/mdmngr/mdmngr.c:216)
06-01 00:16:09.311   352   695 I MAL-SIMMNGR:  (        simmngr_task_hdl, 1765) 1765 EN_SIM:EVENT_MDMNGR_ATCMD_RESP,event_id = 5023, event_req = 0xe9ab21e0, result = 0, str = (OK
06-01 00:16:09.311   352   695 I MAL-SIMMNGR: ), sim_id :0
06-01 00:16:09.312   352   701 I MAL-SIMMNGR:  (simmngr_cache_event_id_c,  228)  228 EN_SIM:simmngr_cache_event_id_compare(5023), cond=5023!!
06-01 00:16:09.312   352   701 I MAL-SIMMNGR:  (  do_simmngr_srv_handler, 4227) 4227 EN_SIM:simmngr_srv(0), send EVENT_SIMMNGR_SIM_CACHE_LOAD to service self to trigger boot up cache loading!
06-01 00:16:09.312   352   701 I MAL-SIMMNGR:  (  do_simmngr_srv_handler, 4240) 4240 EN_SIM:simmngr_srv(0), recv event_id =5021,notify.sim_id=0,notify.data=1!
06-01 00:16:09.312   352   701 I MAL-SIMMNGR:  (  do_simmngr_srv_handler, 4245) 4245 EN_SIM:simmngr_srv, EVENT_SIMMNGR_SIM_CACHE_LOAD begin!! srv_id :0, simmngr_infos[srv_id].sim_need_recache = 0!
06-01 00:16:09.312   352   701 I MAL-SIMMNGR:  (     simmngr_cache_clear,  199)  199 EN_SIM:simmngr_cache_clear()!!, sim_id : 0!!
06-01 00:16:09.312   352   701 I MAL-SIMMNGR:  (simmngr_cache_event_id_c,  228)  228 EN_SIM:simmngr_cache_event_id_compare(5022), cond=5014!!
06-01 00:16:09.312   352   697 I MAL-SIMMNGR:  (  simmngr_task_check_hdl, 3576) 3576 EN_SIM:simmngr_task_check_hdl() event_id : 5014
06-01 00:16:09.312   352   697 I MAL-SIMMNGR:  (  simmngr_task_check_hdl, 3604) 3604 EN_SIM:atcmd = (AT+CPIN?)
06-01 00:16:09.312   352   701 I MAL-SIMMNGR:  (simmngr_cache_event_id_c,  228)  228 EN_SIM:simmngr_cache_event_id_compare(5021), cond=5014!!
06-01 00:16:09.312   352   619 D MAL-MDMNGR:  (         mdmngr_task_hdl,  152) EVENT_MDMNGR_ATCMD_REQ@MDMNGR, event = 3002, priv_data = e9ab21e0, channel = 305, sim_slot=0, md_type=0, cmd =(AT+CPIN?), prefix=(NULL) (vendor/mediatek/proprietary/frameworks/opt/mal/entity/mdmngr/mdmngr.c:152)
06-01 00:16:09.312   352   685 D MAL-RILP:  (void *rilproxy_task_hdl(,  398) rilproxy_task_hdl(), receive event = 2002
06-01 00:16:09.312   352   685 I MAL-RILP:  (void *rilproxy_task_hdl(,  493) req channel = 305, ril_request_id = 2106, channel = 4, at_cmd = AT+CPIN?
06-01 00:16:09.312   352   685 I MAL-RILP:  (int rilproxy_send_ril_re,  276) send ril request, header_size = 4, sim_id = 0, request_id = 2106, serial_no = 300, length = 24000000, send_size = 36(24), fd = 33
06-01 00:16:09.317   352   683 I MAL-RILP:  (void *rilproxy_cmd_resp_,  705) recv ril resp, length = 48, type = 0, result = 0, serial_no = 300, header_size = 8, ret= 24, sizeof(header_size) = 4, sim_id = 0, event_id = 2002
06-01 00:16:09.318   352   619 D MAL-MDMNGR:  (         mdmngr_task_hdl,  216) EVENT_MDMNGR_ATCMD_RESP@MDMNGR, event_req = e9ab21e0, ID = 3002, priv_data = 0xe9ab0f80, result = (1), prefix=(NULL), sim_slot=(0), md_type=(0) (vendor/mediatek/proprietary/frameworks/opt/mal/entity/mdmngr/mdmngr.c:216)
06-01 00:16:09.318   352   697 I MAL-SIMMNGR:  (  simmngr_task_check_hdl, 3576) 3576 EN_SIM:simmngr_task_check_hdl() event_id : 3004
06-01 00:16:09.318   352   697 I MAL-SIMMNGR:  (  simmngr_task_check_hdl, 3663) 3663 EN_SIM:EVENT_MDMNGR_ATCMD_RESP, event_id = 5014, event_req = 0xe9ab0f80, result = 1, str = (+CME ERROR: 10
06-01 00:16:09.318   352   697 I MAL-SIMMNGR: )
06-01 00:16:09.318   352   697 I MAL-SIMMNGR:  (  simmngr_task_check_hdl, 3731) 3731 EN_SIM:+CME ERROR
06-01 00:16:09.318   352   697 I MAL-SIMMNGR:  (  simmngr_task_check_hdl, 3822) 3822 EN_SIM:SIM_STATE_CHECK from other => other state, ret = 4, state = 100
06-01 00:16:09.318   352   701 I MAL-SIMMNGR:  (simmngr_cache_event_id_c,  228)  228 EN_SIM:simmngr_cache_event_id_compare(5014), cond=5014!!
06-01 00:16:09.318   352   701 I MAL-SIMMNGR:  (     simmngr_cache_store,  189)  189 EN_SIM:simmngr_cache_store() SIM_QUERY_STATE         , sim_id : 0!!
06-01 00:16:09.318   352   573 I MAL-Daemon:  (      mfi_task_bootstrap,  421) mfi_task_bootstrap(): an event EVENT_ATMNGR_URC(18) with seq(-2) and len(4108) incoming from FD 31!!
06-01 00:16:09.318   352   701 I MAL-SIMMNGR:  (      simmngr_cache_load,  348)  348 EN_SIM:simmngr_cache_load() Done~~~~~~~~~~~~~~~~~~~~~~~~~~~~~~~~~~~!!
06-01 00:16:09.318   352   701 I MAL-SIMMNGR:  (  do_simmngr_srv_handler, 4240) 4240 EN_SIM:simmngr_srv(0), recv event_id =5022,notify.sim_id=0,notify.data=0!
06-01 00:16:09.318   352   701 I MAL-SIMMNGR:  (     simmngr_cache_clear,  199)  199 EN_SIM:simmngr_cache_clear()!!, sim_id : 0!!
06-01 00:16:09.318   352   701 I MAL-SIMMNGR:  (  do_simmngr_srv_handler, 4240) 4240 EN_SIM:simmngr_srv(0), recv event_id =5021,notify.sim_id=0,notify.data=1!
06-01 00:16:09.318   352   701 I MAL-SIMMNGR:  (  do_simmngr_srv_handler, 4245) 4245 EN_SIM:simmngr_srv, EVENT_SIMMNGR_SIM_CACHE_LOAD begin!! srv_id :0, simmngr_infos[srv_id].sim_need_recache = 0!
06-01 00:16:09.319   352   701 I MAL-SIMMNGR:  (     simmngr_cache_clear,  199)  199 EN_SIM:simmngr_cache_clear()!!, sim_id : 0!!
06-01 00:16:09.319   352   697 I MAL-SIMMNGR:  (  simmngr_task_check_hdl, 3576) 3576 EN_SIM:simmngr_task_check_hdl() event_id : 5014
06-01 00:16:09.319   352   697 I MAL-SIMMNGR:  (  simmngr_task_check_hdl, 3604) 3604 EN_SIM:atcmd = (AT+CPIN?)
06-01 00:16:09.319   352   619 D MAL-MDMNGR:  (         mdmngr_task_hdl,  152) EVENT_MDMNGR_ATCMD_REQ@MDMNGR, event = 3002, priv_data = e9ab0340, channel = 305, sim_slot=0, md_type=0, cmd =(AT+CPIN?), prefix=(NULL) (vendor/mediatek/proprietary/frameworks/opt/mal/entity/mdmngr/mdmngr.c:152)
06-01 00:16:09.319   352   709 I MAL-Daemon:  (     mfia_task_bootstrap,  931) mfia_task_bootstrap(): an event EVENT_SIMMNGR_SIM_INSERT_STATE_NOTIFY(5009) with seq(1) and len(8) incoming from FD 17!!
06-01 00:16:09.319   352   685 D MAL-RILP:  (void *rilproxy_task_hdl(,  398) rilproxy_task_hdl(), receive event = 2002
06-01 00:16:09.319   352   685 I MAL-RILP:  (void *rilproxy_task_hdl(,  493) req channel = 305, ril_request_id = 2106, channel = 4, at_cmd = AT+CPIN?
06-01 00:16:09.319   352   685 I MAL-RILP:  (int rilproxy_send_ril_re,  276) send ril request, header_size = 4, sim_id = 0, request_id = 2106, serial_no = 400, length = 24000000, send_size = 36(24), fd = 33
06-01 00:16:09.319   352   709 I MAL-Daemon:  (     mfia_task_bootstrap,  931) mfia_task_bootstrap(): an event EVENT_SIMMNGR_SIM_INSERT_STATE_NOTIFY(5009) with seq(1) and len(8) incoming from FD 17!!
06-01 00:16:09.319   352   569 D MFI-SIMMNGR:  (   sim_entity_except_hdl,  589) sim_entity_except_hdl(): Here am I, event id=5009. 
06-01 00:16:09.319   352   569 D MFI-SIMMNGR:  (   sim_entity_except_hdl,  607) EVENT_SIMMNGR_STATE_NOTIFY : mal_ptr sim_id :0, sim_state sim_id: 0, arg_ptr :0xe9ae05e8
06-01 00:16:09.319   352   569 D MAL-IMSM: imsm_mal_sim_insert_state() sim_id = 0 priv = 0xe85a6000 (vendor/mediatek/proprietary/frameworks/opt/mal/volte_imsm/src/request_handler.c:551)
06-01 00:16:09.319   352   569 D MFI-SIMMNGR:  (   sim_entity_except_hdl,  589) sim_entity_except_hdl(): Here am I, event id=5009. 
06-01 00:16:09.319   352   716 D MAL-IMSM: ===> event queue = 0xe85a6000, sim_id = 0, request_id = 800100 (vendor/mediatek/proprietary/frameworks/opt/mal/volte_imsm/src/imsm_handler.c:5903)
06-01 00:16:09.319   352   716 D MAL-IMSM: MSG_ID_WRAP_MAL_IMSM_SIM_STATE_NOTIFY_IND, data = 1 (vendor/mediatek/proprietary/frameworks/opt/mal/volte_imsm/src/imsm_handler.c:5203)
06-01 00:16:09.319   352   569 D MFI-SIMMNGR:  (   sim_entity_except_hdl,  607) EVENT_SIMMNGR_STATE_NOTIFY : mal_ptr sim_id :0, sim_state sim_id: 0, arg_ptr :0xe9ae05e8
06-01 00:16:09.319   352   716 D MAL-IMSM: MSG_ID_WRAP_MAL_IMSM_SIM_STATE_NOTIFY_IND, ims disable!! (vendor/mediatek/proprietary/frameworks/opt/mal/volte_imsm/src/imsm_handler.c:5206)
06-01 00:16:09.319   352   569 D MAL-IMSM: imsm_mal_sim_insert_state() sim_id = 0 priv = 0xe85a6000 (vendor/mediatek/proprietary/frameworks/opt/mal/volte_imsm/src/request_handler.c:551)
06-01 00:16:09.319   352   716 D MAL-IMSM: ===> event queue = 0xe85a6000, sim_id = 0, request_id = 800100 (vendor/mediatek/proprietary/frameworks/opt/mal/volte_imsm/src/imsm_handler.c:5903)
06-01 00:16:09.319   352   716 D MAL-IMSM: MSG_ID_WRAP_MAL_IMSM_SIM_STATE_NOTIFY_IND, data = 0 (vendor/mediatek/proprietary/frameworks/opt/mal/volte_imsm/src/imsm_handler.c:5203)
06-01 00:16:09.319   352   716 D MAL-IMSM: MSG_ID_WRAP_MAL_IMSM_SIM_STATE_NOTIFY_IND, ims disable!! (vendor/mediatek/proprietary/frameworks/opt/mal/volte_imsm/src/imsm_handler.c:5206)
06-01 00:16:09.324   352   683 I MAL-RILP:  (void *rilproxy_cmd_resp_,  705) recv ril resp, length = 48, type = 0, result = 0, serial_no = 400, header_size = 8, ret= 24, sizeof(header_size) = 4, sim_id = 0, event_id = 2002
06-01 00:16:09.324   352   619 D MAL-MDMNGR:  (         mdmngr_task_hdl,  216) EVENT_MDMNGR_ATCMD_RESP@MDMNGR, event_req = e9ab0340, ID = 3002, priv_data = 0xe9ab05e0, result = (1), prefix=(NULL), sim_slot=(0), md_type=(0) (vendor/mediatek/proprietary/frameworks/opt/mal/entity/mdmngr/mdmngr.c:216)
06-01 00:16:09.324   352   697 I MAL-SIMMNGR:  (  simmngr_task_check_hdl, 3576) 3576 EN_SIM:simmngr_task_check_hdl() event_id : 3004
06-01 00:16:09.324   352   697 I MAL-SIMMNGR:  (  simmngr_task_check_hdl, 3663) 3663 EN_SIM:EVENT_MDMNGR_ATCMD_RESP, event_id = 5014, event_req = 0xe9ab05e0, result = 1, str = (+CME ERROR: 10
06-01 00:16:09.324   352   697 I MAL-SIMMNGR: )
06-01 00:16:09.324   352   697 I MAL-SIMMNGR:  (  simmngr_task_check_hdl, 3731) 3731 EN_SIM:+CME ERROR
06-01 00:16:09.324   352   697 I MAL-SIMMNGR:  (  simmngr_task_check_hdl, 3822) 3822 EN_SIM:SIM_STATE_CHECK from other => other state, ret = 4, state = 100
